==> [task 11] pdb_id=seq7
==> template CIF: /mnt/gs21/scratch/renaldse/AlphaFold3/outputs/seq7_apo_May26_2026_10.53AM/seq7/seed-407581728_sample-0/model.cif
==> writing JSON: /mnt/gs21/scratch/renaldse/AlphaFold3/inputs/seq7_templated_apo_May27_2026_10.31.53AM.json
==> running AF3 in /mnt/gs21/scratch/renaldse/AlphaFold3/outputs/seq7_templated_apo_May27_2026_10.31.53AM
Running AlphaFold 3. Please note that standard AlphaFold 3 model parameters are
only available under terms of use provided at
https://github.com/google-deepmind/alphafold3/blob/main/WEIGHTS_TERMS_OF_USE.md.
If you do not agree to these terms and are using AlphaFold 3 derived model
parameters, cancel execution of AlphaFold 3 inference with CTRL-C, and do not
use the model parameters.
Found local devices: [CudaDevice(id=0)]
Building model from scratch...
Processing fold inputs.
Processing fold input #1
Processing fold input seq7
Checking we can load the model parameters...
Running data pipeline...
Processing chain A
Processing chain A took 0.00 seconds
Output directory: /root/af_output/seq7_templated_apo_May27_2026_10.31.53AM/seq7
Writing model input JSON to /root/af_output/seq7_templated_apo_May27_2026_10.31.53AM/seq7
Predicting 3D structure for seq7 for seed(s) (407581728, 407581729)...
Featurising data for seeds (407581728, 407581729)...
Featurising seq7 with rng_seed 407581728.
Featurising seq7 with rng_seed 407581728 took 1.75 seconds.
Featurising seq7 with rng_seed 407581729.
Featurising seq7 with rng_seed 407581729 took 1.72 seconds.
Featurising data for seeds (407581728, 407581729) took  8.13 seconds.
Running model inference for seed 407581728...
Running model inference for seed 407581728 took  38.68 seconds.
Extracting output structures (one per sample) for seed 407581728...
Extracting output structures (one per sample) for seed 407581728 took  0.14 seconds.
Running model inference and extracting output structures for seed 407581728 took  38.83 seconds.
Running model inference for seed 407581729...
Running model inference for seed 407581729 took  7.82 seconds.
Extracting output structures (one per sample) for seed 407581729...
Extracting output structures (one per sample) for seed 407581729 took  0.13 seconds.
Running model inference and extracting output structures for seed 407581729 took  7.96 seconds.
Running model inference and extracting output structures for seeds (407581728, 407581729) took  46.78 seconds.
Writing outputs for seq7 for seed(s) (407581728, 407581729)...
Done processing fold input seq7.
Done processing 1 fold inputs.
