==> [task 8] pdb_id=seq13_cluster7
==> template CIF: /mnt/gs21/scratch/renaldse/AlphaFold3/inputs/structures/NODES_Proteins/seq13_cluster_repr_7.cif
==> writing JSON: /mnt/gs21/scratch/renaldse/AlphaFold3/inputs/seq13_cluster7_templated_apo_Jun4_2026_3.05.13PM_8.json
==> running AF3 in /mnt/gs21/scratch/renaldse/AlphaFold3/outputs/seq13_cluster7_templated_apo_Jun4_2026_3.05.13PM_8
Running AlphaFold 3. Please note that standard AlphaFold 3 model parameters are
only available under terms of use provided at
https://github.com/google-deepmind/alphafold3/blob/main/WEIGHTS_TERMS_OF_USE.md.
If you do not agree to these terms and are using AlphaFold 3 derived model
parameters, cancel execution of AlphaFold 3 inference with CTRL-C, and do not
use the model parameters.
Found local devices: [CudaDevice(id=0)]
Building model from scratch...
Processing fold inputs.
Processing fold input #1
Processing fold input seq13_cluster7
Checking we can load the model parameters...
Running data pipeline...
Processing chain A
Processing chain A took 0.00 seconds
Output directory: /root/af_output/seq13_cluster7_templated_apo_Jun4_2026_3.05.13PM_8/seq13_cluster7
Writing model input JSON to /root/af_output/seq13_cluster7_templated_apo_Jun4_2026_3.05.13PM_8/seq13_cluster7
Predicting 3D structure for seq13_cluster7 for seed(s) (1415016211, 1415016212)...
Featurising data for seeds (1415016211, 1415016212)...
Featurising seq13_cluster7 with rng_seed 1415016211.
Featurising seq13_cluster7 with rng_seed 1415016211 took 4.34 seconds.
Featurising seq13_cluster7 with rng_seed 1415016212.
Featurising seq13_cluster7 with rng_seed 1415016212 took 4.31 seconds.
Featurising data for seeds (1415016211, 1415016212) took  15.31 seconds.
Running model inference for seed 1415016211...
Running model inference for seed 1415016211 took  51.88 seconds.
Extracting output structures (one per sample) for seed 1415016211...
Extracting output structures (one per sample) for seed 1415016211 took  0.39 seconds.
Running model inference and extracting output structures for seed 1415016211 took  52.26 seconds.
Running model inference for seed 1415016212...
Running model inference for seed 1415016212 took  19.37 seconds.
Extracting output structures (one per sample) for seed 1415016212...
Extracting output structures (one per sample) for seed 1415016212 took  0.38 seconds.
Running model inference and extracting output structures for seed 1415016212 took  19.75 seconds.
Running model inference and extracting output structures for seeds (1415016211, 1415016212) took  72.01 seconds.
Writing outputs for seq13_cluster7 for seed(s) (1415016211, 1415016212)...
Done processing fold input seq13_cluster7.
Done processing 1 fold inputs.
