==> [task 11] pdb_id=seq12
==> writing JSON: /mnt/gs21/scratch/renaldse/AlphaFold3/inputs/seq12_apo_May22_2026_2.55PM.json
==> running AF3 (expected 7 structures) in /mnt/gs21/scratch/renaldse/AlphaFold3/outputs/seq12_apo_May22_2026_2.55PM
Running AlphaFold 3. Please note that standard AlphaFold 3 model parameters are
only available under terms of use provided at
https://github.com/google-deepmind/alphafold3/blob/main/WEIGHTS_TERMS_OF_USE.md.
If you do not agree to these terms and are using AlphaFold 3 derived model
parameters, cancel execution of AlphaFold 3 inference with CTRL-C, and do not
use the model parameters.
Found local devices: [CudaDevice(id=0)]
Building model from scratch...
Processing fold inputs.
Processing fold input #1
Processing fold input seq12
Checking we can load the model parameters...
Running data pipeline...
Processing chain A
Processing chain A took 976.96 seconds
Output directory: /root/af_output/seq12_apo_May22_2026_2.55PM/seq12
Writing model input JSON to /root/af_output/seq12_apo_May22_2026_2.55PM/seq12
Predicting 3D structure for seq12 for seed(s) (789659239,)...
Featurising data for seeds (789659239,)...
Featurising seq12 with rng_seed 789659239.
Featurising seq12 with rng_seed 789659239 took 7.74 seconds.
Featurising data for seeds (789659239,) took  14.31 seconds.
Running model inference for seed 789659239...
Running model inference for seed 789659239 took  52.30 seconds.
Extracting output structures (one per sample) for seed 789659239...
Extracting output structures (one per sample) for seed 789659239 took  0.41 seconds.
Running model inference and extracting output structures for seed 789659239 took  52.71 seconds.
Running model inference and extracting output structures for seeds (789659239,) took  52.71 seconds.
Writing outputs for seq12 for seed(s) (789659239,)...
Done processing fold input seq12.
Done processing 1 fold inputs.
