==> [task 45] pdb_id=seq6_cluster4
==> template CIF: /mnt/gs21/scratch/renaldse/AlphaFold3/inputs/structures/NODES_Proteins/seq6_cluster_repr_4.cif
==> writing JSON: /mnt/gs21/scratch/renaldse/AlphaFold3/inputs/seq6_cluster4_templated_apo_Jun11_2026_11.02.28AM_45.json
==> running AF3 in /mnt/gs21/scratch/renaldse/AlphaFold3/outputs/seq6_cluster4_templated_apo_Jun11_2026_11.02.28AM_45
Running AlphaFold 3. Please note that standard AlphaFold 3 model parameters are
only available under terms of use provided at
https://github.com/google-deepmind/alphafold3/blob/main/WEIGHTS_TERMS_OF_USE.md.
If you do not agree to these terms and are using AlphaFold 3 derived model
parameters, cancel execution of AlphaFold 3 inference with CTRL-C, and do not
use the model parameters.
Found local devices: [CudaDevice(id=0)]
Building model from scratch...
Processing fold inputs.
Processing fold input #1
Processing fold input seq6_cluster4
Checking we can load the model parameters...
Running data pipeline...
Processing chain A
Processing chain A took 0.00 seconds
Output directory: /root/af_output/seq6_cluster4_templated_apo_Jun11_2026_11.02.28AM_45/seq6_cluster4
Writing model input JSON to /root/af_output/seq6_cluster4_templated_apo_Jun11_2026_11.02.28AM_45/seq6_cluster4
Predicting 3D structure for seq6_cluster4 for seed(s) (771943007, 771943008)...
Featurising data for seeds (771943007, 771943008)...
Featurising seq6_cluster4 with rng_seed 771943007.
Featurising seq6_cluster4 with rng_seed 771943007 took 11.88 seconds.
Featurising seq6_cluster4 with rng_seed 771943008.
Featurising seq6_cluster4 with rng_seed 771943008 took 11.92 seconds.
Featurising data for seeds (771943007, 771943008) took  40.58 seconds.
Running model inference for seed 771943007...
Running model inference for seed 771943007 took  131.48 seconds.
Extracting output structures (one per sample) for seed 771943007...
Extracting output structures (one per sample) for seed 771943007 took  1.50 seconds.
Running model inference and extracting output structures for seed 771943007 took  132.98 seconds.
Running model inference for seed 771943008...
Running model inference for seed 771943008 took  98.10 seconds.
Extracting output structures (one per sample) for seed 771943008...
Extracting output structures (one per sample) for seed 771943008 took  1.69 seconds.
Running model inference and extracting output structures for seed 771943008 took  99.80 seconds.
Running model inference and extracting output structures for seeds (771943007, 771943008) took  232.78 seconds.
Writing outputs for seq6_cluster4 for seed(s) (771943007, 771943008)...
Done processing fold input seq6_cluster4.
Done processing 1 fold inputs.
