==> [task 87] pdb_id=seq11_cluster6
==> template CIF: /mnt/gs21/scratch/renaldse/AlphaFold3/inputs/structures/NODES_Proteins/seq11_cluster_repr_6.cif
==> writing JSON: /mnt/gs21/scratch/renaldse/AlphaFold3/inputs/seq11_cluster6_templated_apo_Jun11_2026_11.16.55AM_87.json
==> running AF3 in /mnt/gs21/scratch/renaldse/AlphaFold3/outputs/seq11_cluster6_templated_apo_Jun11_2026_11.16.55AM_87
Running AlphaFold 3. Please note that standard AlphaFold 3 model parameters are
only available under terms of use provided at
https://github.com/google-deepmind/alphafold3/blob/main/WEIGHTS_TERMS_OF_USE.md.
If you do not agree to these terms and are using AlphaFold 3 derived model
parameters, cancel execution of AlphaFold 3 inference with CTRL-C, and do not
use the model parameters.
Found local devices: [CudaDevice(id=0)]
Building model from scratch...
Processing fold inputs.
Processing fold input #1
Processing fold input seq11_cluster6
Checking we can load the model parameters...
Running data pipeline...
Processing chain A
Processing chain A took 0.00 seconds
Output directory: /root/af_output/seq11_cluster6_templated_apo_Jun11_2026_11.16.55AM_87/seq11_cluster6
Writing model input JSON to /root/af_output/seq11_cluster6_templated_apo_Jun11_2026_11.16.55AM_87/seq11_cluster6
Predicting 3D structure for seq11_cluster6 for seed(s) (665161662, 665161663)...
Featurising data for seeds (665161662, 665161663)...
Featurising seq11_cluster6 with rng_seed 665161662.
Featurising seq11_cluster6 with rng_seed 665161662 took 4.95 seconds.
Featurising seq11_cluster6 with rng_seed 665161663.
Featurising seq11_cluster6 with rng_seed 665161663 took 4.99 seconds.
Featurising data for seeds (665161662, 665161663) took  25.73 seconds.
Running model inference for seed 665161662...
Running model inference for seed 665161662 took  52.89 seconds.
Extracting output structures (one per sample) for seed 665161662...
Extracting output structures (one per sample) for seed 665161662 took  0.43 seconds.
Running model inference and extracting output structures for seed 665161662 took  53.31 seconds.
Running model inference for seed 665161663...
Running model inference for seed 665161663 took  19.36 seconds.
Extracting output structures (one per sample) for seed 665161663...
Extracting output structures (one per sample) for seed 665161663 took  0.62 seconds.
Running model inference and extracting output structures for seed 665161663 took  19.98 seconds.
Running model inference and extracting output structures for seeds (665161662, 665161663) took  73.30 seconds.
Writing outputs for seq11_cluster6 for seed(s) (665161662, 665161663)...
Done processing fold input seq11_cluster6.
Done processing 1 fold inputs.
