==> [task 9] pdb_id=seq15_cluster8
==> template CIF: /mnt/gs21/scratch/renaldse/AlphaFold3/inputs/structures/NODES_Proteins/seq15_cluster_repr_8.cif
==> writing JSON: /mnt/gs21/scratch/renaldse/AlphaFold3/inputs/seq15_cluster8_templated_apo_Jun1_2026_2.19.41PM_9.json
==> running AF3 in /mnt/gs21/scratch/renaldse/AlphaFold3/outputs/seq15_cluster8_templated_apo_Jun1_2026_2.19.41PM_9
Running AlphaFold 3. Please note that standard AlphaFold 3 model parameters are
only available under terms of use provided at
https://github.com/google-deepmind/alphafold3/blob/main/WEIGHTS_TERMS_OF_USE.md.
If you do not agree to these terms and are using AlphaFold 3 derived model
parameters, cancel execution of AlphaFold 3 inference with CTRL-C, and do not
use the model parameters.
Found local devices: [CudaDevice(id=0)]
Building model from scratch...
Processing fold inputs.
Processing fold input #1
Processing fold input seq15_cluster8
Checking we can load the model parameters...
Running data pipeline...
Processing chain A
Processing chain A took 0.00 seconds
Output directory: /root/af_output/seq15_cluster8_templated_apo_Jun1_2026_2.19.41PM_9/seq15_cluster8
Writing model input JSON to /root/af_output/seq15_cluster8_templated_apo_Jun1_2026_2.19.41PM_9/seq15_cluster8
Predicting 3D structure for seq15_cluster8 for seed(s) (1240859335, 1240859336)...
Featurising data for seeds (1240859335, 1240859336)...
Featurising seq15_cluster8 with rng_seed 1240859335.
Featurising seq15_cluster8 with rng_seed 1240859335 took 1.24 seconds.
Featurising seq15_cluster8 with rng_seed 1240859336.
Featurising seq15_cluster8 with rng_seed 1240859336 took 1.25 seconds.
Featurising data for seeds (1240859335, 1240859336) took  8.93 seconds.
Running model inference for seed 1240859335...
Running model inference for seed 1240859335 took  39.87 seconds.
Extracting output structures (one per sample) for seed 1240859335...
Extracting output structures (one per sample) for seed 1240859335 took  0.10 seconds.
Running model inference and extracting output structures for seed 1240859335 took  39.97 seconds.
Running model inference for seed 1240859336...
Running model inference for seed 1240859336 took  7.78 seconds.
Extracting output structures (one per sample) for seed 1240859336...
Extracting output structures (one per sample) for seed 1240859336 took  0.09 seconds.
Running model inference and extracting output structures for seed 1240859336 took  7.87 seconds.
Running model inference and extracting output structures for seeds (1240859335, 1240859336) took  47.84 seconds.
Writing outputs for seq15_cluster8 for seed(s) (1240859335, 1240859336)...
Done processing fold input seq15_cluster8.
Done processing 1 fold inputs.
