==> [task 1] job tag=OATP1B1_E3S_templated_cofold_May26_2026_11.15AM
==> template CIF: /mnt/gs21/scratch/renaldse/AlphaFold3/inputs/structures/OATP1B1_outward.cif
==> writing JSON: /mnt/gs21/scratch/renaldse/AlphaFold3/inputs/OATP1B1_E3S_templated_cofold_May26_2026_11.15AM.json
==> running AF3 in /mnt/gs21/scratch/renaldse/AlphaFold3/outputs/OATP1B1_E3S_templated_cofold_May26_2026_11.15AM
Running AlphaFold 3. Please note that standard AlphaFold 3 model parameters are
only available under terms of use provided at
https://github.com/google-deepmind/alphafold3/blob/main/WEIGHTS_TERMS_OF_USE.md.
If you do not agree to these terms and are using AlphaFold 3 derived model
parameters, cancel execution of AlphaFold 3 inference with CTRL-C, and do not
use the model parameters.
Found local devices: [CudaDevice(id=0)]
Building model from scratch...
Processing fold inputs.
Processing fold input #1
Processing fold input OATP1B1
Checking we can load the model parameters...
Running data pipeline...
Processing chain A
Processing chain A took 0.00 seconds
Processing chain B
Processing chain B took 0.00 seconds
Output directory: /root/af_output/OATP1B1_E3S_templated_cofold_May26_2026_11.15AM/oatp1b1
Writing model input JSON to /root/af_output/OATP1B1_E3S_templated_cofold_May26_2026_11.15AM/oatp1b1
Predicting 3D structure for OATP1B1 for seed(s) (1655790885,)...
Featurising data for seeds (1655790885,)...
Featurising OATP1B1 with rng_seed 1655790885.
Featurising OATP1B1 with rng_seed 1655790885 took 7.47 seconds.
Featurising data for seeds (1655790885,) took  14.15 seconds.
Running model inference for seed 1655790885...
Running model inference for seed 1655790885 took  70.99 seconds.
Extracting output structures (one per sample) for seed 1655790885...
Extracting output structures (one per sample) for seed 1655790885 took  0.88 seconds.
Running model inference and extracting output structures for seed 1655790885 took  71.87 seconds.
Running model inference and extracting output structures for seeds (1655790885,) took  71.87 seconds.
Writing outputs for OATP1B1 for seed(s) (1655790885,)...
Done processing fold input OATP1B1.
Done processing 1 fold inputs.
