==> [task 2] pdb_id=seq2
==> writing JSON: /mnt/gs21/scratch/renaldse/AlphaFold3/inputs/seq2_apo_Jun2_2026_3.38PM.json
==> running AF3 (expected 10 structures) in /mnt/gs21/scratch/renaldse/AlphaFold3/outputs/seq2_apo_Jun2_2026_3.38PM
Running AlphaFold 3. Please note that standard AlphaFold 3 model parameters are
only available under terms of use provided at
https://github.com/google-deepmind/alphafold3/blob/main/WEIGHTS_TERMS_OF_USE.md.
If you do not agree to these terms and are using AlphaFold 3 derived model
parameters, cancel execution of AlphaFold 3 inference with CTRL-C, and do not
use the model parameters.
Found local devices: [CudaDevice(id=0)]
Building model from scratch...
Processing fold inputs.
Processing fold input #1
Processing fold input seq2
Checking we can load the model parameters...
Running data pipeline...
Processing chain A
Processing chain A took 819.78 seconds
Output directory: /root/af_output/seq2_apo_Jun2_2026_3.38PM/seq2
Writing model input JSON to /root/af_output/seq2_apo_Jun2_2026_3.38PM/seq2
Predicting 3D structure for seq2 for seed(s) (1747042453, 1747042454)...
Featurising data for seeds (1747042453, 1747042454)...
Featurising seq2 with rng_seed 1747042453.
Featurising seq2 with rng_seed 1747042453 took 1.60 seconds.
Featurising seq2 with rng_seed 1747042454.
Featurising seq2 with rng_seed 1747042454 took 1.62 seconds.
Featurising data for seeds (1747042453, 1747042454) took  9.72 seconds.
Running model inference for seed 1747042453...
Running model inference for seed 1747042453 took  41.18 seconds.
Extracting output structures (one per sample) for seed 1747042453...
Extracting output structures (one per sample) for seed 1747042453 took  0.13 seconds.
Running model inference and extracting output structures for seed 1747042453 took  41.30 seconds.
Running model inference for seed 1747042454...
Running model inference for seed 1747042454 took  7.84 seconds.
Extracting output structures (one per sample) for seed 1747042454...
Extracting output structures (one per sample) for seed 1747042454 took  0.11 seconds.
Running model inference and extracting output structures for seed 1747042454 took  7.96 seconds.
Running model inference and extracting output structures for seeds (1747042453, 1747042454) took  49.26 seconds.
Writing outputs for seq2 for seed(s) (1747042453, 1747042454)...
Done processing fold input seq2.
Done processing 1 fold inputs.
