==> [task 83] pdb_id=seq11_cluster2
==> template CIF: /mnt/gs21/scratch/renaldse/AlphaFold3/inputs/structures/NODES_Proteins/seq11_cluster_repr_2.cif
==> writing JSON: /mnt/gs21/scratch/renaldse/AlphaFold3/inputs/seq11_cluster2_templated_apo_Jun11_2026_11.16.55AM_83.json
==> running AF3 in /mnt/gs21/scratch/renaldse/AlphaFold3/outputs/seq11_cluster2_templated_apo_Jun11_2026_11.16.55AM_83
Running AlphaFold 3. Please note that standard AlphaFold 3 model parameters are
only available under terms of use provided at
https://github.com/google-deepmind/alphafold3/blob/main/WEIGHTS_TERMS_OF_USE.md.
If you do not agree to these terms and are using AlphaFold 3 derived model
parameters, cancel execution of AlphaFold 3 inference with CTRL-C, and do not
use the model parameters.
Found local devices: [CudaDevice(id=0)]
Building model from scratch...
Processing fold inputs.
Processing fold input #1
Processing fold input seq11_cluster2
Checking we can load the model parameters...
Running data pipeline...
Processing chain A
Processing chain A took 0.00 seconds
Output directory: /root/af_output/seq11_cluster2_templated_apo_Jun11_2026_11.16.55AM_83/seq11_cluster2
Writing model input JSON to /root/af_output/seq11_cluster2_templated_apo_Jun11_2026_11.16.55AM_83/seq11_cluster2
Predicting 3D structure for seq11_cluster2 for seed(s) (549997477, 549997478)...
Featurising data for seeds (549997477, 549997478)...
Featurising seq11_cluster2 with rng_seed 549997477.
Featurising seq11_cluster2 with rng_seed 549997477 took 4.97 seconds.
Featurising seq11_cluster2 with rng_seed 549997478.
Featurising seq11_cluster2 with rng_seed 549997478 took 4.91 seconds.
Featurising data for seeds (549997477, 549997478) took  25.36 seconds.
Running model inference for seed 549997477...
Running model inference for seed 549997477 took  53.64 seconds.
Extracting output structures (one per sample) for seed 549997477...
Extracting output structures (one per sample) for seed 549997477 took  0.43 seconds.
Running model inference and extracting output structures for seed 549997477 took  54.07 seconds.
Running model inference for seed 549997478...
Running model inference for seed 549997478 took  19.39 seconds.
Extracting output structures (one per sample) for seed 549997478...
Extracting output structures (one per sample) for seed 549997478 took  0.42 seconds.
Running model inference and extracting output structures for seed 549997478 took  19.81 seconds.
Running model inference and extracting output structures for seeds (549997477, 549997478) took  73.88 seconds.
Writing outputs for seq11_cluster2 for seed(s) (549997477, 549997478)...
Done processing fold input seq11_cluster2.
Done processing 1 fold inputs.
