==> [task 5] pdb_id=seq15_cluster4
==> template CIF: /mnt/gs21/scratch/renaldse/AlphaFold3/inputs/structures/NODES_Proteins/seq15_cluster_repr_4.cif
==> writing JSON: /mnt/gs21/scratch/renaldse/AlphaFold3/inputs/seq15_cluster4_templated_apo_Jun1_2026_2.17.04PM_5.json
==> running AF3 in /mnt/gs21/scratch/renaldse/AlphaFold3/outputs/seq15_cluster4_templated_apo_Jun1_2026_2.17.04PM_5
Running AlphaFold 3. Please note that standard AlphaFold 3 model parameters are
only available under terms of use provided at
https://github.com/google-deepmind/alphafold3/blob/main/WEIGHTS_TERMS_OF_USE.md.
If you do not agree to these terms and are using AlphaFold 3 derived model
parameters, cancel execution of AlphaFold 3 inference with CTRL-C, and do not
use the model parameters.
Found local devices: [CudaDevice(id=0)]
Building model from scratch...
Processing fold inputs.
Processing fold input #1
Processing fold input seq15_cluster4
Checking we can load the model parameters...
Running data pipeline...
Processing chain A
Processing chain A took 0.00 seconds
Output directory: /root/af_output/seq15_cluster4_templated_apo_Jun1_2026_2.17.04PM_5/seq15_cluster4
Writing model input JSON to /root/af_output/seq15_cluster4_templated_apo_Jun1_2026_2.17.04PM_5/seq15_cluster4
Predicting 3D structure for seq15_cluster4 for seed(s) (1077956334, 1077956335)...
Featurising data for seeds (1077956334, 1077956335)...
Featurising seq15_cluster4 with rng_seed 1077956334.
Featurising seq15_cluster4 with rng_seed 1077956334 took 1.27 seconds.
Featurising seq15_cluster4 with rng_seed 1077956335.
Featurising seq15_cluster4 with rng_seed 1077956335 took 1.22 seconds.
Featurising data for seeds (1077956334, 1077956335) took  9.01 seconds.
Running model inference for seed 1077956334...
Running model inference for seed 1077956334 took  39.75 seconds.
Extracting output structures (one per sample) for seed 1077956334...
Extracting output structures (one per sample) for seed 1077956334 took  0.10 seconds.
Running model inference and extracting output structures for seed 1077956334 took  39.86 seconds.
Running model inference for seed 1077956335...
Running model inference for seed 1077956335 took  7.78 seconds.
Extracting output structures (one per sample) for seed 1077956335...
Extracting output structures (one per sample) for seed 1077956335 took  0.09 seconds.
Running model inference and extracting output structures for seed 1077956335 took  7.88 seconds.
Running model inference and extracting output structures for seeds (1077956334, 1077956335) took  47.74 seconds.
Writing outputs for seq15_cluster4 for seed(s) (1077956334, 1077956335)...
Done processing fold input seq15_cluster4.
Done processing 1 fold inputs.
