==> [task 3] pdb_id=seq5_cluster8_run2
==> template CIF: /mnt/gs21/scratch/renaldse/AlphaFold3/inputs/structures/NODES_Proteins/seq5_cluster_repr_8.cif
==> writing JSON: /mnt/gs21/scratch/renaldse/AlphaFold3/inputs/seq5_cluster8_run2_templated_apo_Jun1_2026_11.33.53AM_3.json
==> running AF3 in /mnt/gs21/scratch/renaldse/AlphaFold3/outputs/seq5_cluster8_run2_templated_apo_Jun1_2026_11.33.53AM_3
Running AlphaFold 3. Please note that standard AlphaFold 3 model parameters are
only available under terms of use provided at
https://github.com/google-deepmind/alphafold3/blob/main/WEIGHTS_TERMS_OF_USE.md.
If you do not agree to these terms and are using AlphaFold 3 derived model
parameters, cancel execution of AlphaFold 3 inference with CTRL-C, and do not
use the model parameters.
Found local devices: [CudaDevice(id=0)]
Building model from scratch...
Processing fold inputs.
Processing fold input #1
Processing fold input seq5_cluster8_run2
Checking we can load the model parameters...
Running data pipeline...
Processing chain A
Processing chain A took 0.00 seconds
Output directory: /root/af_output/seq5_cluster8_run2_templated_apo_Jun1_2026_11.33.53AM_3/seq5_cluster8_run2
Writing model input JSON to /root/af_output/seq5_cluster8_run2_templated_apo_Jun1_2026_11.33.53AM_3/seq5_cluster8_run2
Predicting 3D structure for seq5_cluster8_run2 for seed(s) (203021751, 203021752)...
Featurising data for seeds (203021751, 203021752)...
Featurising seq5_cluster8_run2 with rng_seed 203021751.
Featurising seq5_cluster8_run2 with rng_seed 203021751 took 1.91 seconds.
Featurising seq5_cluster8_run2 with rng_seed 203021752.
Featurising seq5_cluster8_run2 with rng_seed 203021752 took 1.87 seconds.
Featurising data for seeds (203021751, 203021752) took  19.07 seconds.
Running model inference for seed 203021751...
Running model inference for seed 203021751 took  40.08 seconds.
Extracting output structures (one per sample) for seed 203021751...
Extracting output structures (one per sample) for seed 203021751 took  0.17 seconds.
Running model inference and extracting output structures for seed 203021751 took  40.25 seconds.
Running model inference for seed 203021752...
Running model inference for seed 203021752 took  7.80 seconds.
Extracting output structures (one per sample) for seed 203021752...
Extracting output structures (one per sample) for seed 203021752 took  0.16 seconds.
Running model inference and extracting output structures for seed 203021752 took  7.96 seconds.
Running model inference and extracting output structures for seeds (203021751, 203021752) took  48.21 seconds.
Writing outputs for seq5_cluster8_run2 for seed(s) (203021751, 203021752)...
Done processing fold input seq5_cluster8_run2.
Done processing 1 fold inputs.
