==> [task 41] pdb_id=seq6_cluster0
==> template CIF: /mnt/gs21/scratch/renaldse/AlphaFold3/inputs/structures/NODES_Proteins/seq6_cluster_repr_0.cif
==> writing JSON: /mnt/gs21/scratch/renaldse/AlphaFold3/inputs/seq6_cluster0_templated_apo_Jun11_2026_11.02.16AM_41.json
==> running AF3 in /mnt/gs21/scratch/renaldse/AlphaFold3/outputs/seq6_cluster0_templated_apo_Jun11_2026_11.02.16AM_41
Running AlphaFold 3. Please note that standard AlphaFold 3 model parameters are
only available under terms of use provided at
https://github.com/google-deepmind/alphafold3/blob/main/WEIGHTS_TERMS_OF_USE.md.
If you do not agree to these terms and are using AlphaFold 3 derived model
parameters, cancel execution of AlphaFold 3 inference with CTRL-C, and do not
use the model parameters.
Found local devices: [CudaDevice(id=0)]
Building model from scratch...
Processing fold inputs.
Processing fold input #1
Processing fold input seq6_cluster0
Checking we can load the model parameters...
Running data pipeline...
Processing chain A
Processing chain A took 0.00 seconds
Output directory: /root/af_output/seq6_cluster0_templated_apo_Jun11_2026_11.02.16AM_41/seq6_cluster0
Writing model input JSON to /root/af_output/seq6_cluster0_templated_apo_Jun11_2026_11.02.16AM_41/seq6_cluster0
Predicting 3D structure for seq6_cluster0 for seed(s) (695152200, 695152201)...
Featurising data for seeds (695152200, 695152201)...
Featurising seq6_cluster0 with rng_seed 695152200.
Featurising seq6_cluster0 with rng_seed 695152200 took 11.89 seconds.
Featurising seq6_cluster0 with rng_seed 695152201.
Featurising seq6_cluster0 with rng_seed 695152201 took 12.00 seconds.
Featurising data for seeds (695152200, 695152201) took  40.65 seconds.
Running model inference for seed 695152200...
Running model inference for seed 695152200 took  133.56 seconds.
Extracting output structures (one per sample) for seed 695152200...
Extracting output structures (one per sample) for seed 695152200 took  1.48 seconds.
Running model inference and extracting output structures for seed 695152200 took  135.05 seconds.
Running model inference for seed 695152201...
Running model inference for seed 695152201 took  98.16 seconds.
Extracting output structures (one per sample) for seed 695152201...
Extracting output structures (one per sample) for seed 695152201 took  1.68 seconds.
Running model inference and extracting output structures for seed 695152201 took  99.83 seconds.
Running model inference and extracting output structures for seeds (695152200, 695152201) took  234.88 seconds.
Writing outputs for seq6_cluster0 for seed(s) (695152200, 695152201)...
Done processing fold input seq6_cluster0.
Done processing 1 fold inputs.
