==> [task 74] pdb_id=seq10_cluster3
==> template CIF: /mnt/gs21/scratch/renaldse/AlphaFold3/inputs/structures/NODES_Proteins/seq10_cluster_repr_3.cif
==> writing JSON: /mnt/gs21/scratch/renaldse/AlphaFold3/inputs/seq10_cluster3_templated_apo_Jun11_2026_11.14.42AM_74.json
==> running AF3 in /mnt/gs21/scratch/renaldse/AlphaFold3/outputs/seq10_cluster3_templated_apo_Jun11_2026_11.14.42AM_74
Running AlphaFold 3. Please note that standard AlphaFold 3 model parameters are
only available under terms of use provided at
https://github.com/google-deepmind/alphafold3/blob/main/WEIGHTS_TERMS_OF_USE.md.
If you do not agree to these terms and are using AlphaFold 3 derived model
parameters, cancel execution of AlphaFold 3 inference with CTRL-C, and do not
use the model parameters.
Found local devices: [CudaDevice(id=0)]
Building model from scratch...
Processing fold inputs.
Processing fold input #1
Processing fold input seq10_cluster3
Checking we can load the model parameters...
Running data pipeline...
Processing chain A
Processing chain A took 0.00 seconds
Output directory: /root/af_output/seq10_cluster3_templated_apo_Jun11_2026_11.14.42AM_74/seq10_cluster3
Writing model input JSON to /root/af_output/seq10_cluster3_templated_apo_Jun11_2026_11.14.42AM_74/seq10_cluster3
Predicting 3D structure for seq10_cluster3 for seed(s) (940380171, 940380172)...
Featurising data for seeds (940380171, 940380172)...
Featurising seq10_cluster3 with rng_seed 940380171.
Featurising seq10_cluster3 with rng_seed 940380171 took 5.02 seconds.
Featurising seq10_cluster3 with rng_seed 940380172.
Featurising seq10_cluster3 with rng_seed 940380172 took 4.97 seconds.
Featurising data for seeds (940380171, 940380172) took  26.62 seconds.
Running model inference for seed 940380171...
Running model inference for seed 940380171 took  52.23 seconds.
Extracting output structures (one per sample) for seed 940380171...
Extracting output structures (one per sample) for seed 940380171 took  0.43 seconds.
Running model inference and extracting output structures for seed 940380171 took  52.66 seconds.
Running model inference for seed 940380172...
Running model inference for seed 940380172 took  19.34 seconds.
Extracting output structures (one per sample) for seed 940380172...
Extracting output structures (one per sample) for seed 940380172 took  0.62 seconds.
Running model inference and extracting output structures for seed 940380172 took  19.96 seconds.
Running model inference and extracting output structures for seeds (940380171, 940380172) took  72.62 seconds.
Writing outputs for seq10_cluster3 for seed(s) (940380171, 940380172)...
Done processing fold input seq10_cluster3.
Done processing 1 fold inputs.
