==> [task 114] pdb_id=seq14_cluster3
==> template CIF: /mnt/gs21/scratch/renaldse/AlphaFold3/inputs/structures/NODES_Proteins/seq14_cluster_repr_3.cif
==> writing JSON: /mnt/gs21/scratch/renaldse/AlphaFold3/inputs/seq14_cluster3_templated_apo_Jun11_2026_11.28.36AM_114.json
==> running AF3 in /mnt/gs21/scratch/renaldse/AlphaFold3/outputs/seq14_cluster3_templated_apo_Jun11_2026_11.28.36AM_114
Running AlphaFold 3. Please note that standard AlphaFold 3 model parameters are
only available under terms of use provided at
https://github.com/google-deepmind/alphafold3/blob/main/WEIGHTS_TERMS_OF_USE.md.
If you do not agree to these terms and are using AlphaFold 3 derived model
parameters, cancel execution of AlphaFold 3 inference with CTRL-C, and do not
use the model parameters.
Found local devices: [CudaDevice(id=0)]
Building model from scratch...
Processing fold inputs.
Processing fold input #1
Processing fold input seq14_cluster3
Checking we can load the model parameters...
Running data pipeline...
Processing chain A
Processing chain A took 0.00 seconds
Output directory: /root/af_output/seq14_cluster3_templated_apo_Jun11_2026_11.28.36AM_114/seq14_cluster3
Writing model input JSON to /root/af_output/seq14_cluster3_templated_apo_Jun11_2026_11.28.36AM_114/seq14_cluster3
Predicting 3D structure for seq14_cluster3 for seed(s) (837202033, 837202034)...
Featurising data for seeds (837202033, 837202034)...
Featurising seq14_cluster3 with rng_seed 837202033.
Featurising seq14_cluster3 with rng_seed 837202033 took 5.11 seconds.
Featurising seq14_cluster3 with rng_seed 837202034.
Featurising seq14_cluster3 with rng_seed 837202034 took 5.13 seconds.
Featurising data for seeds (837202033, 837202034) took  16.78 seconds.
Running model inference for seed 837202033...
Running model inference for seed 837202033 took  51.76 seconds.
Extracting output structures (one per sample) for seed 837202033...
Extracting output structures (one per sample) for seed 837202033 took  0.47 seconds.
Running model inference and extracting output structures for seed 837202033 took  52.23 seconds.
Running model inference for seed 837202034...
Running model inference for seed 837202034 took  19.41 seconds.
Extracting output structures (one per sample) for seed 837202034...
Extracting output structures (one per sample) for seed 837202034 took  0.66 seconds.
Running model inference and extracting output structures for seed 837202034 took  20.07 seconds.
Running model inference and extracting output structures for seeds (837202033, 837202034) took  72.30 seconds.
Writing outputs for seq14_cluster3 for seed(s) (837202033, 837202034)...
Done processing fold input seq14_cluster3.
Done processing 1 fold inputs.
