==> [task 4] pdb_id=seq5_cluster3
==> template CIF: /mnt/gs21/scratch/renaldse/AlphaFold3/inputs/structures/NODES_Proteins/seq5_cluster_repr_3.cif
==> writing JSON: /mnt/gs21/scratch/renaldse/AlphaFold3/inputs/seq5_cluster3_templated_apo_Jun1_2026_10.06.02AM_4.json
==> running AF3 in /mnt/gs21/scratch/renaldse/AlphaFold3/outputs/seq5_cluster3_templated_apo_Jun1_2026_10.06.02AM_4
Running AlphaFold 3. Please note that standard AlphaFold 3 model parameters are
only available under terms of use provided at
https://github.com/google-deepmind/alphafold3/blob/main/WEIGHTS_TERMS_OF_USE.md.
If you do not agree to these terms and are using AlphaFold 3 derived model
parameters, cancel execution of AlphaFold 3 inference with CTRL-C, and do not
use the model parameters.
Found local devices: [CudaDevice(id=0)]
Building model from scratch...
Processing fold inputs.
Processing fold input #1
Processing fold input seq5_cluster3
Checking we can load the model parameters...
Running data pipeline...
Processing chain A
Processing chain A took 0.00 seconds
Output directory: /root/af_output/seq5_cluster3_templated_apo_Jun1_2026_10.06.02AM_4/seq5_cluster3
Writing model input JSON to /root/af_output/seq5_cluster3_templated_apo_Jun1_2026_10.06.02AM_4/seq5_cluster3
Predicting 3D structure for seq5_cluster3 for seed(s) (1532085503, 1532085504)...
Featurising data for seeds (1532085503, 1532085504)...
Featurising seq5_cluster3 with rng_seed 1532085503.
Featurising seq5_cluster3 with rng_seed 1532085503 took 1.90 seconds.
Featurising seq5_cluster3 with rng_seed 1532085504.
Featurising seq5_cluster3 with rng_seed 1532085504 took 1.88 seconds.
Featurising data for seeds (1532085503, 1532085504) took  28.65 seconds.
Running model inference for seed 1532085503...
Running model inference for seed 1532085503 took  41.84 seconds.
Extracting output structures (one per sample) for seed 1532085503...
Extracting output structures (one per sample) for seed 1532085503 took  0.16 seconds.
Running model inference and extracting output structures for seed 1532085503 took  42.00 seconds.
Running model inference for seed 1532085504...
Running model inference for seed 1532085504 took  7.80 seconds.
Extracting output structures (one per sample) for seed 1532085504...
Extracting output structures (one per sample) for seed 1532085504 took  0.16 seconds.
Running model inference and extracting output structures for seed 1532085504 took  7.96 seconds.
Running model inference and extracting output structures for seeds (1532085503, 1532085504) took  49.96 seconds.
Writing outputs for seq5_cluster3 for seed(s) (1532085503, 1532085504)...
Done processing fold input seq5_cluster3.
Done processing 1 fold inputs.
