==> [task 97] pdb_id=seq12_cluster6
==> template CIF: /mnt/gs21/scratch/renaldse/AlphaFold3/inputs/structures/NODES_Proteins/seq12_cluster_repr_6.cif
==> writing JSON: /mnt/gs21/scratch/renaldse/AlphaFold3/inputs/seq12_cluster6_templated_apo_Jun11_2026_11.19.52AM_97.json
==> running AF3 in /mnt/gs21/scratch/renaldse/AlphaFold3/outputs/seq12_cluster6_templated_apo_Jun11_2026_11.19.52AM_97
Running AlphaFold 3. Please note that standard AlphaFold 3 model parameters are
only available under terms of use provided at
https://github.com/google-deepmind/alphafold3/blob/main/WEIGHTS_TERMS_OF_USE.md.
If you do not agree to these terms and are using AlphaFold 3 derived model
parameters, cancel execution of AlphaFold 3 inference with CTRL-C, and do not
use the model parameters.
Found local devices: [CudaDevice(id=0)]
Building model from scratch...
Processing fold inputs.
Processing fold input #1
Processing fold input seq12_cluster6
Checking we can load the model parameters...
Running data pipeline...
Processing chain A
Processing chain A took 0.00 seconds
Output directory: /root/af_output/seq12_cluster6_templated_apo_Jun11_2026_11.19.52AM_97/seq12_cluster6
Writing model input JSON to /root/af_output/seq12_cluster6_templated_apo_Jun11_2026_11.19.52AM_97/seq12_cluster6
Predicting 3D structure for seq12_cluster6 for seed(s) (1284650169, 1284650170)...
Featurising data for seeds (1284650169, 1284650170)...
Featurising seq12_cluster6 with rng_seed 1284650169.
Featurising seq12_cluster6 with rng_seed 1284650169 took 4.39 seconds.
Featurising seq12_cluster6 with rng_seed 1284650170.
Featurising seq12_cluster6 with rng_seed 1284650170 took 4.39 seconds.
Featurising data for seeds (1284650169, 1284650170) took  24.27 seconds.
Running model inference for seed 1284650169...
Running model inference for seed 1284650169 took  53.47 seconds.
Extracting output structures (one per sample) for seed 1284650169...
Extracting output structures (one per sample) for seed 1284650169 took  0.39 seconds.
Running model inference and extracting output structures for seed 1284650169 took  53.86 seconds.
Running model inference for seed 1284650170...
Running model inference for seed 1284650170 took  19.35 seconds.
Extracting output structures (one per sample) for seed 1284650170...
Extracting output structures (one per sample) for seed 1284650170 took  0.37 seconds.
Running model inference and extracting output structures for seed 1284650170 took  19.73 seconds.
Running model inference and extracting output structures for seeds (1284650169, 1284650170) took  73.58 seconds.
Writing outputs for seq12_cluster6 for seed(s) (1284650169, 1284650170)...
Done processing fold input seq12_cluster6.
Done processing 1 fold inputs.
