==> [task 6] pdb_id=seq13_cluster5
==> template CIF: /mnt/gs21/scratch/renaldse/AlphaFold3/inputs/structures/NODES_Proteins/seq13_cluster_repr_5.cif
==> writing JSON: /mnt/gs21/scratch/renaldse/AlphaFold3/inputs/seq13_cluster5_templated_apo_Jun4_2026_3.03.24PM_6.json
==> running AF3 in /mnt/gs21/scratch/renaldse/AlphaFold3/outputs/seq13_cluster5_templated_apo_Jun4_2026_3.03.24PM_6
Running AlphaFold 3. Please note that standard AlphaFold 3 model parameters are
only available under terms of use provided at
https://github.com/google-deepmind/alphafold3/blob/main/WEIGHTS_TERMS_OF_USE.md.
If you do not agree to these terms and are using AlphaFold 3 derived model
parameters, cancel execution of AlphaFold 3 inference with CTRL-C, and do not
use the model parameters.
Found local devices: [CudaDevice(id=0)]
Building model from scratch...
Processing fold inputs.
Processing fold input #1
Processing fold input seq13_cluster5
Checking we can load the model parameters...
Running data pipeline...
Processing chain A
Processing chain A took 0.00 seconds
Output directory: /root/af_output/seq13_cluster5_templated_apo_Jun4_2026_3.03.24PM_6/seq13_cluster5
Writing model input JSON to /root/af_output/seq13_cluster5_templated_apo_Jun4_2026_3.03.24PM_6/seq13_cluster5
Predicting 3D structure for seq13_cluster5 for seed(s) (978914877, 978914878)...
Featurising data for seeds (978914877, 978914878)...
Featurising seq13_cluster5 with rng_seed 978914877.
Featurising seq13_cluster5 with rng_seed 978914877 took 4.37 seconds.
Featurising seq13_cluster5 with rng_seed 978914878.
Featurising seq13_cluster5 with rng_seed 978914878 took 4.28 seconds.
Featurising data for seeds (978914877, 978914878) took  15.19 seconds.
Running model inference for seed 978914877...
Running model inference for seed 978914877 took  51.80 seconds.
Extracting output structures (one per sample) for seed 978914877...
Extracting output structures (one per sample) for seed 978914877 took  0.38 seconds.
Running model inference and extracting output structures for seed 978914877 took  52.18 seconds.
Running model inference for seed 978914878...
Running model inference for seed 978914878 took  19.37 seconds.
Extracting output structures (one per sample) for seed 978914878...
Extracting output structures (one per sample) for seed 978914878 took  0.37 seconds.
Running model inference and extracting output structures for seed 978914878 took  19.75 seconds.
Running model inference and extracting output structures for seeds (978914877, 978914878) took  71.93 seconds.
Writing outputs for seq13_cluster5 for seed(s) (978914877, 978914878)...
Done processing fold input seq13_cluster5.
Done processing 1 fold inputs.
