==> [task 79] pdb_id=seq10_cluster8
==> template CIF: /mnt/gs21/scratch/renaldse/AlphaFold3/inputs/structures/NODES_Proteins/seq10_cluster_repr_8.cif
==> writing JSON: /mnt/gs21/scratch/renaldse/AlphaFold3/inputs/seq10_cluster8_templated_apo_Jun11_2026_11.16.42AM_79.json
==> running AF3 in /mnt/gs21/scratch/renaldse/AlphaFold3/outputs/seq10_cluster8_templated_apo_Jun11_2026_11.16.42AM_79
Running AlphaFold 3. Please note that standard AlphaFold 3 model parameters are
only available under terms of use provided at
https://github.com/google-deepmind/alphafold3/blob/main/WEIGHTS_TERMS_OF_USE.md.
If you do not agree to these terms and are using AlphaFold 3 derived model
parameters, cancel execution of AlphaFold 3 inference with CTRL-C, and do not
use the model parameters.
Found local devices: [CudaDevice(id=0)]
Building model from scratch...
Processing fold inputs.
Processing fold input #1
Processing fold input seq10_cluster8
Checking we can load the model parameters...
Running data pipeline...
Processing chain A
Processing chain A took 0.00 seconds
Output directory: /root/af_output/seq10_cluster8_templated_apo_Jun11_2026_11.16.42AM_79/seq10_cluster8
Writing model input JSON to /root/af_output/seq10_cluster8_templated_apo_Jun11_2026_11.16.42AM_79/seq10_cluster8
Predicting 3D structure for seq10_cluster8 for seed(s) (803195269, 803195270)...
Featurising data for seeds (803195269, 803195270)...
Featurising seq10_cluster8 with rng_seed 803195269.
Featurising seq10_cluster8 with rng_seed 803195269 took 5.04 seconds.
Featurising seq10_cluster8 with rng_seed 803195270.
Featurising seq10_cluster8 with rng_seed 803195270 took 5.01 seconds.
Featurising data for seeds (803195269, 803195270) took  14.66 seconds.
Running model inference for seed 803195269...
Running model inference for seed 803195269 took  50.66 seconds.
Extracting output structures (one per sample) for seed 803195269...
Extracting output structures (one per sample) for seed 803195269 took  0.44 seconds.
Running model inference and extracting output structures for seed 803195269 took  51.09 seconds.
Running model inference for seed 803195270...
Running model inference for seed 803195270 took  19.36 seconds.
Extracting output structures (one per sample) for seed 803195270...
Extracting output structures (one per sample) for seed 803195270 took  0.63 seconds.
Running model inference and extracting output structures for seed 803195270 took  19.99 seconds.
Running model inference and extracting output structures for seeds (803195269, 803195270) took  71.08 seconds.
Writing outputs for seq10_cluster8 for seed(s) (803195269, 803195270)...
Done processing fold input seq10_cluster8.
Done processing 1 fold inputs.
