==> [task 81] pdb_id=seq11_cluster0
==> template CIF: /mnt/gs21/scratch/renaldse/AlphaFold3/inputs/structures/NODES_Proteins/seq11_cluster_repr_0.cif
==> writing JSON: /mnt/gs21/scratch/renaldse/AlphaFold3/inputs/seq11_cluster0_templated_apo_Jun11_2026_11.16.48AM_81.json
==> running AF3 in /mnt/gs21/scratch/renaldse/AlphaFold3/outputs/seq11_cluster0_templated_apo_Jun11_2026_11.16.48AM_81
Running AlphaFold 3. Please note that standard AlphaFold 3 model parameters are
only available under terms of use provided at
https://github.com/google-deepmind/alphafold3/blob/main/WEIGHTS_TERMS_OF_USE.md.
If you do not agree to these terms and are using AlphaFold 3 derived model
parameters, cancel execution of AlphaFold 3 inference with CTRL-C, and do not
use the model parameters.
Found local devices: [CudaDevice(id=0)]
Building model from scratch...
Processing fold inputs.
Processing fold input #1
Processing fold input seq11_cluster0
Checking we can load the model parameters...
Running data pipeline...
Processing chain A
Processing chain A took 0.00 seconds
Output directory: /root/af_output/seq11_cluster0_templated_apo_Jun11_2026_11.16.48AM_81/seq11_cluster0
Writing model input JSON to /root/af_output/seq11_cluster0_templated_apo_Jun11_2026_11.16.48AM_81/seq11_cluster0
Predicting 3D structure for seq11_cluster0 for seed(s) (1321609871, 1321609872)...
Featurising data for seeds (1321609871, 1321609872)...
Featurising seq11_cluster0 with rng_seed 1321609871.
Featurising seq11_cluster0 with rng_seed 1321609871 took 5.00 seconds.
Featurising seq11_cluster0 with rng_seed 1321609872.
Featurising seq11_cluster0 with rng_seed 1321609872 took 4.88 seconds.
Featurising data for seeds (1321609871, 1321609872) took  26.31 seconds.
Running model inference for seed 1321609871...
Running model inference for seed 1321609871 took  53.33 seconds.
Extracting output structures (one per sample) for seed 1321609871...
Extracting output structures (one per sample) for seed 1321609871 took  0.43 seconds.
Running model inference and extracting output structures for seed 1321609871 took  53.76 seconds.
Running model inference for seed 1321609872...
Running model inference for seed 1321609872 took  19.35 seconds.
Extracting output structures (one per sample) for seed 1321609872...
Extracting output structures (one per sample) for seed 1321609872 took  0.61 seconds.
Running model inference and extracting output structures for seed 1321609872 took  19.95 seconds.
Running model inference and extracting output structures for seeds (1321609871, 1321609872) took  73.72 seconds.
Writing outputs for seq11_cluster0 for seed(s) (1321609871, 1321609872)...
Done processing fold input seq11_cluster0.
Done processing 1 fold inputs.
