==> [task 16] pdb_id=seq2_cluster5
==> template CIF: /mnt/gs21/scratch/renaldse/AlphaFold3/inputs/structures/NODES_Proteins/seq2_cluster_repr_5.cif
==> writing JSON: /mnt/gs21/scratch/renaldse/AlphaFold3/inputs/seq2_cluster5_templated_apo_Jun11_2026_10.56.56AM_16.json
==> running AF3 in /mnt/gs21/scratch/renaldse/AlphaFold3/outputs/seq2_cluster5_templated_apo_Jun11_2026_10.56.56AM_16
Running AlphaFold 3. Please note that standard AlphaFold 3 model parameters are
only available under terms of use provided at
https://github.com/google-deepmind/alphafold3/blob/main/WEIGHTS_TERMS_OF_USE.md.
If you do not agree to these terms and are using AlphaFold 3 derived model
parameters, cancel execution of AlphaFold 3 inference with CTRL-C, and do not
use the model parameters.
Found local devices: [CudaDevice(id=0)]
Building model from scratch...
Processing fold inputs.
Processing fold input #1
Processing fold input seq2_cluster5
Checking we can load the model parameters...
Running data pipeline...
Processing chain A
Processing chain A took 0.00 seconds
Output directory: /root/af_output/seq2_cluster5_templated_apo_Jun11_2026_10.56.56AM_16/seq2_cluster5
Writing model input JSON to /root/af_output/seq2_cluster5_templated_apo_Jun11_2026_10.56.56AM_16/seq2_cluster5
Predicting 3D structure for seq2_cluster5 for seed(s) (1357806259, 1357806260)...
Featurising data for seeds (1357806259, 1357806260)...
Featurising seq2_cluster5 with rng_seed 1357806259.
Featurising seq2_cluster5 with rng_seed 1357806259 took 1.43 seconds.
Featurising seq2_cluster5 with rng_seed 1357806260.
Featurising seq2_cluster5 with rng_seed 1357806260 took 1.41 seconds.
Featurising data for seeds (1357806259, 1357806260) took  9.32 seconds.
Running model inference for seed 1357806259...
Running model inference for seed 1357806259 took  40.69 seconds.
Extracting output structures (one per sample) for seed 1357806259...
Extracting output structures (one per sample) for seed 1357806259 took  0.13 seconds.
Running model inference and extracting output structures for seed 1357806259 took  40.82 seconds.
Running model inference for seed 1357806260...
Running model inference for seed 1357806260 took  7.79 seconds.
Extracting output structures (one per sample) for seed 1357806260...
Extracting output structures (one per sample) for seed 1357806260 took  0.12 seconds.
Running model inference and extracting output structures for seed 1357806260 took  7.91 seconds.
Running model inference and extracting output structures for seeds (1357806259, 1357806260) took  48.73 seconds.
Writing outputs for seq2_cluster5 for seed(s) (1357806259, 1357806260)...
Done processing fold input seq2_cluster5.
Done processing 1 fold inputs.
