==> [task 40] pdb_id=seq5_cluster9
==> template CIF: /mnt/gs21/scratch/renaldse/AlphaFold3/inputs/structures/NODES_Proteins/seq5_cluster_repr_9.cif
==> writing JSON: /mnt/gs21/scratch/renaldse/AlphaFold3/inputs/seq5_cluster9_templated_apo_Jun11_2026_11.02.07AM_40.json
==> running AF3 in /mnt/gs21/scratch/renaldse/AlphaFold3/outputs/seq5_cluster9_templated_apo_Jun11_2026_11.02.07AM_40
Running AlphaFold 3. Please note that standard AlphaFold 3 model parameters are
only available under terms of use provided at
https://github.com/google-deepmind/alphafold3/blob/main/WEIGHTS_TERMS_OF_USE.md.
If you do not agree to these terms and are using AlphaFold 3 derived model
parameters, cancel execution of AlphaFold 3 inference with CTRL-C, and do not
use the model parameters.
Found local devices: [CudaDevice(id=0)]
Building model from scratch...
Processing fold inputs.
Processing fold input #1
Processing fold input seq5_cluster9
Checking we can load the model parameters...
Running data pipeline...
Processing chain A
Processing chain A took 0.00 seconds
Output directory: /root/af_output/seq5_cluster9_templated_apo_Jun11_2026_11.02.07AM_40/seq5_cluster9
Writing model input JSON to /root/af_output/seq5_cluster9_templated_apo_Jun11_2026_11.02.07AM_40/seq5_cluster9
Predicting 3D structure for seq5_cluster9 for seed(s) (998518243, 998518244)...
Featurising data for seeds (998518243, 998518244)...
Featurising seq5_cluster9 with rng_seed 998518243.
Featurising seq5_cluster9 with rng_seed 998518243 took 1.92 seconds.
Featurising seq5_cluster9 with rng_seed 998518244.
Featurising seq5_cluster9 with rng_seed 998518244 took 1.88 seconds.
Featurising data for seeds (998518243, 998518244) took  10.28 seconds.
Running model inference for seed 998518243...
Running model inference for seed 998518243 took  39.73 seconds.
Extracting output structures (one per sample) for seed 998518243...
Extracting output structures (one per sample) for seed 998518243 took  0.17 seconds.
Running model inference and extracting output structures for seed 998518243 took  39.90 seconds.
Running model inference for seed 998518244...
Running model inference for seed 998518244 took  7.79 seconds.
Extracting output structures (one per sample) for seed 998518244...
Extracting output structures (one per sample) for seed 998518244 took  0.16 seconds.
Running model inference and extracting output structures for seed 998518244 took  7.95 seconds.
Running model inference and extracting output structures for seeds (998518243, 998518244) took  47.85 seconds.
Writing outputs for seq5_cluster9 for seed(s) (998518243, 998518244)...
Done processing fold input seq5_cluster9.
Done processing 1 fold inputs.
