==> [task 131] pdb_id=seq16_cluster0
==> template CIF: /mnt/gs21/scratch/renaldse/AlphaFold3/inputs/structures/NODES_Proteins/seq16_cluster_repr_0.cif
==> writing JSON: /mnt/gs21/scratch/renaldse/AlphaFold3/inputs/seq16_cluster0_templated_apo_Jun11_2026_11.58.36AM_131.json
==> running AF3 in /mnt/gs21/scratch/renaldse/AlphaFold3/outputs/seq16_cluster0_templated_apo_Jun11_2026_11.58.36AM_131
Running AlphaFold 3. Please note that standard AlphaFold 3 model parameters are
only available under terms of use provided at
https://github.com/google-deepmind/alphafold3/blob/main/WEIGHTS_TERMS_OF_USE.md.
If you do not agree to these terms and are using AlphaFold 3 derived model
parameters, cancel execution of AlphaFold 3 inference with CTRL-C, and do not
use the model parameters.
Found local devices: [CudaDevice(id=0)]
Building model from scratch...
Processing fold inputs.
Processing fold input #1
Processing fold input seq16_cluster0
Checking we can load the model parameters...
Running data pipeline...
Processing chain A
Processing chain A took 0.00 seconds
Output directory: /root/af_output/seq16_cluster0_templated_apo_Jun11_2026_11.58.36AM_131/seq16_cluster0
Writing model input JSON to /root/af_output/seq16_cluster0_templated_apo_Jun11_2026_11.58.36AM_131/seq16_cluster0
Predicting 3D structure for seq16_cluster0 for seed(s) (739914234, 739914235)...
Featurising data for seeds (739914234, 739914235)...
Featurising seq16_cluster0 with rng_seed 739914234.
Featurising seq16_cluster0 with rng_seed 739914234 took 2.36 seconds.
Featurising seq16_cluster0 with rng_seed 739914235.
Featurising seq16_cluster0 with rng_seed 739914235 took 2.33 seconds.
Featurising data for seeds (739914234, 739914235) took  11.14 seconds.
Running model inference for seed 739914234...
Running model inference for seed 739914234 took  39.84 seconds.
Extracting output structures (one per sample) for seed 739914234...
Extracting output structures (one per sample) for seed 739914234 took  0.20 seconds.
Running model inference and extracting output structures for seed 739914234 took  40.04 seconds.
Running model inference for seed 739914235...
Running model inference for seed 739914235 took  7.79 seconds.
Extracting output structures (one per sample) for seed 739914235...
Extracting output structures (one per sample) for seed 739914235 took  0.19 seconds.
Running model inference and extracting output structures for seed 739914235 took  7.98 seconds.
Running model inference and extracting output structures for seeds (739914234, 739914235) took  48.02 seconds.
Writing outputs for seq16_cluster0 for seed(s) (739914234, 739914235)...
Done processing fold input seq16_cluster0.
Done processing 1 fold inputs.
