==> [task 107] pdb_id=seq13_cluster6
==> template CIF: /mnt/gs21/scratch/renaldse/AlphaFold3/inputs/structures/NODES_Proteins/seq13_cluster_repr_6.cif
==> writing JSON: /mnt/gs21/scratch/renaldse/AlphaFold3/inputs/seq13_cluster6_templated_apo_Jun11_2026_11.21.58AM_107.json
==> running AF3 in /mnt/gs21/scratch/renaldse/AlphaFold3/outputs/seq13_cluster6_templated_apo_Jun11_2026_11.21.58AM_107
Running AlphaFold 3. Please note that standard AlphaFold 3 model parameters are
only available under terms of use provided at
https://github.com/google-deepmind/alphafold3/blob/main/WEIGHTS_TERMS_OF_USE.md.
If you do not agree to these terms and are using AlphaFold 3 derived model
parameters, cancel execution of AlphaFold 3 inference with CTRL-C, and do not
use the model parameters.
Found local devices: [CudaDevice(id=0)]
Building model from scratch...
Processing fold inputs.
Processing fold input #1
Processing fold input seq13_cluster6
Checking we can load the model parameters...
Running data pipeline...
Processing chain A
Processing chain A took 0.00 seconds
Output directory: /root/af_output/seq13_cluster6_templated_apo_Jun11_2026_11.21.58AM_107/seq13_cluster6
Writing model input JSON to /root/af_output/seq13_cluster6_templated_apo_Jun11_2026_11.21.58AM_107/seq13_cluster6
Predicting 3D structure for seq13_cluster6 for seed(s) (592469897, 592469898)...
Featurising data for seeds (592469897, 592469898)...
Featurising seq13_cluster6 with rng_seed 592469897.
Featurising seq13_cluster6 with rng_seed 592469897 took 4.30 seconds.
Featurising seq13_cluster6 with rng_seed 592469898.
Featurising seq13_cluster6 with rng_seed 592469898 took 4.34 seconds.
Featurising data for seeds (592469897, 592469898) took  13.26 seconds.
Running model inference for seed 592469897...
Running model inference for seed 592469897 took  50.53 seconds.
Extracting output structures (one per sample) for seed 592469897...
Extracting output structures (one per sample) for seed 592469897 took  0.38 seconds.
Running model inference and extracting output structures for seed 592469897 took  50.91 seconds.
Running model inference for seed 592469898...
Running model inference for seed 592469898 took  19.37 seconds.
Extracting output structures (one per sample) for seed 592469898...
Extracting output structures (one per sample) for seed 592469898 took  0.37 seconds.
Running model inference and extracting output structures for seed 592469898 took  19.74 seconds.
Running model inference and extracting output structures for seeds (592469897, 592469898) took  70.64 seconds.
Writing outputs for seq13_cluster6 for seed(s) (592469897, 592469898)...
Done processing fold input seq13_cluster6.
Done processing 1 fold inputs.
