==> [task 49] pdb_id=seq6_cluster8
==> template CIF: /mnt/gs21/scratch/renaldse/AlphaFold3/inputs/structures/NODES_Proteins/seq6_cluster_repr_8.cif
==> writing JSON: /mnt/gs21/scratch/renaldse/AlphaFold3/inputs/seq6_cluster8_templated_apo_Jun11_2026_11.07.30AM_49.json
==> running AF3 in /mnt/gs21/scratch/renaldse/AlphaFold3/outputs/seq6_cluster8_templated_apo_Jun11_2026_11.07.30AM_49
Running AlphaFold 3. Please note that standard AlphaFold 3 model parameters are
only available under terms of use provided at
https://github.com/google-deepmind/alphafold3/blob/main/WEIGHTS_TERMS_OF_USE.md.
If you do not agree to these terms and are using AlphaFold 3 derived model
parameters, cancel execution of AlphaFold 3 inference with CTRL-C, and do not
use the model parameters.
Found local devices: [CudaDevice(id=0)]
Building model from scratch...
Processing fold inputs.
Processing fold input #1
Processing fold input seq6_cluster8
Checking we can load the model parameters...
Running data pipeline...
Processing chain A
Processing chain A took 0.00 seconds
Output directory: /root/af_output/seq6_cluster8_templated_apo_Jun11_2026_11.07.30AM_49/seq6_cluster8
Writing model input JSON to /root/af_output/seq6_cluster8_templated_apo_Jun11_2026_11.07.30AM_49/seq6_cluster8
Predicting 3D structure for seq6_cluster8 for seed(s) (666150518, 666150519)...
Featurising data for seeds (666150518, 666150519)...
Featurising seq6_cluster8 with rng_seed 666150518.
Featurising seq6_cluster8 with rng_seed 666150518 took 11.94 seconds.
Featurising seq6_cluster8 with rng_seed 666150519.
Featurising seq6_cluster8 with rng_seed 666150519 took 12.00 seconds.
Featurising data for seeds (666150518, 666150519) took  40.45 seconds.
Running model inference for seed 666150518...
Running model inference for seed 666150518 took  132.84 seconds.
Extracting output structures (one per sample) for seed 666150518...
Extracting output structures (one per sample) for seed 666150518 took  1.50 seconds.
Running model inference and extracting output structures for seed 666150518 took  134.34 seconds.
Running model inference for seed 666150519...
Running model inference for seed 666150519 took  98.01 seconds.
Extracting output structures (one per sample) for seed 666150519...
Extracting output structures (one per sample) for seed 666150519 took  1.69 seconds.
Running model inference and extracting output structures for seed 666150519 took  99.70 seconds.
Running model inference and extracting output structures for seeds (666150518, 666150519) took  234.05 seconds.
Writing outputs for seq6_cluster8 for seed(s) (666150518, 666150519)...
Done processing fold input seq6_cluster8.
Done processing 1 fold inputs.
