==> [task 136] pdb_id=seq16_cluster5
==> template CIF: /mnt/gs21/scratch/renaldse/AlphaFold3/inputs/structures/NODES_Proteins/seq16_cluster_repr_5.cif
==> writing JSON: /mnt/gs21/scratch/renaldse/AlphaFold3/inputs/seq16_cluster5_templated_apo_Jun11_2026_12.01.12PM_136.json
==> running AF3 in /mnt/gs21/scratch/renaldse/AlphaFold3/outputs/seq16_cluster5_templated_apo_Jun11_2026_12.01.12PM_136
Running AlphaFold 3. Please note that standard AlphaFold 3 model parameters are
only available under terms of use provided at
https://github.com/google-deepmind/alphafold3/blob/main/WEIGHTS_TERMS_OF_USE.md.
If you do not agree to these terms and are using AlphaFold 3 derived model
parameters, cancel execution of AlphaFold 3 inference with CTRL-C, and do not
use the model parameters.
Found local devices: [CudaDevice(id=0)]
Building model from scratch...
Processing fold inputs.
Processing fold input #1
Processing fold input seq16_cluster5
Checking we can load the model parameters...
Running data pipeline...
Processing chain A
Processing chain A took 0.00 seconds
Output directory: /root/af_output/seq16_cluster5_templated_apo_Jun11_2026_12.01.12PM_136/seq16_cluster5
Writing model input JSON to /root/af_output/seq16_cluster5_templated_apo_Jun11_2026_12.01.12PM_136/seq16_cluster5
Predicting 3D structure for seq16_cluster5 for seed(s) (1550894459, 1550894460)...
Featurising data for seeds (1550894459, 1550894460)...
Featurising seq16_cluster5 with rng_seed 1550894459.
Featurising seq16_cluster5 with rng_seed 1550894459 took 2.37 seconds.
Featurising seq16_cluster5 with rng_seed 1550894460.
Featurising seq16_cluster5 with rng_seed 1550894460 took 2.34 seconds.
Featurising data for seeds (1550894459, 1550894460) took  21.32 seconds.
Running model inference for seed 1550894459...
Running model inference for seed 1550894459 took  41.93 seconds.
Extracting output structures (one per sample) for seed 1550894459...
Extracting output structures (one per sample) for seed 1550894459 took  0.19 seconds.
Running model inference and extracting output structures for seed 1550894459 took  42.12 seconds.
Running model inference for seed 1550894460...
Running model inference for seed 1550894460 took  7.82 seconds.
Extracting output structures (one per sample) for seed 1550894460...
Extracting output structures (one per sample) for seed 1550894460 took  0.18 seconds.
Running model inference and extracting output structures for seed 1550894460 took  8.00 seconds.
Running model inference and extracting output structures for seeds (1550894459, 1550894460) took  50.12 seconds.
Writing outputs for seq16_cluster5 for seed(s) (1550894459, 1550894460)...
Done processing fold input seq16_cluster5.
Done processing 1 fold inputs.
