==> [task 21] pdb_id=seq12
==> template CIF: /mnt/gs21/scratch/renaldse/AlphaFold3/outputs/seq12_apo_May26_2026_10.55AM/seq12/seed-789659239_sample-0/model.cif
==> writing JSON: /mnt/gs21/scratch/renaldse/AlphaFold3/inputs/seq12_templated_apo_May27_2026_9.33AM.json
==> running AF3 in /mnt/gs21/scratch/renaldse/AlphaFold3/outputs/seq12_templated_apo_May27_2026_9.33AM
Running AlphaFold 3. Please note that standard AlphaFold 3 model parameters are
only available under terms of use provided at
https://github.com/google-deepmind/alphafold3/blob/main/WEIGHTS_TERMS_OF_USE.md.
If you do not agree to these terms and are using AlphaFold 3 derived model
parameters, cancel execution of AlphaFold 3 inference with CTRL-C, and do not
use the model parameters.
Found local devices: [CudaDevice(id=0)]
Building model from scratch...
Processing fold inputs.
Processing fold input #1
Processing fold input seq12
Checking we can load the model parameters...
Running data pipeline...
Processing chain A
Processing chain A took 0.00 seconds
Output directory: /root/af_output/seq12_templated_apo_May27_2026_9.33AM/seq12
Writing model input JSON to /root/af_output/seq12_templated_apo_May27_2026_9.33AM/seq12
Predicting 3D structure for seq12 for seed(s) (789659239, 789659240)...
Featurising data for seeds (789659239, 789659240)...
Featurising seq12 with rng_seed 789659239.
Featurising seq12 with rng_seed 789659239 took 4.44 seconds.
Featurising seq12 with rng_seed 789659240.
Featurising seq12 with rng_seed 789659240 took 4.36 seconds.
Featurising data for seeds (789659239, 789659240) took  13.58 seconds.
Running model inference for seed 789659239...
Running model inference for seed 789659239 took  50.93 seconds.
Extracting output structures (one per sample) for seed 789659239...
Extracting output structures (one per sample) for seed 789659239 took  0.39 seconds.
Running model inference and extracting output structures for seed 789659239 took  51.32 seconds.
Running model inference for seed 789659240...
Running model inference for seed 789659240 took  19.40 seconds.
Extracting output structures (one per sample) for seed 789659240...
Extracting output structures (one per sample) for seed 789659240 took  0.38 seconds.
Running model inference and extracting output structures for seed 789659240 took  19.78 seconds.
Running model inference and extracting output structures for seeds (789659239, 789659240) took  71.10 seconds.
Writing outputs for seq12 for seed(s) (789659239, 789659240)...
Done processing fold input seq12.
Done processing 1 fold inputs.
