==> [task 78] pdb_id=seq10_cluster7
==> template CIF: /mnt/gs21/scratch/renaldse/AlphaFold3/inputs/structures/NODES_Proteins/seq10_cluster_repr_7.cif
==> writing JSON: /mnt/gs21/scratch/renaldse/AlphaFold3/inputs/seq10_cluster7_templated_apo_Jun11_2026_11.15.20AM_78.json
==> running AF3 in /mnt/gs21/scratch/renaldse/AlphaFold3/outputs/seq10_cluster7_templated_apo_Jun11_2026_11.15.20AM_78
Running AlphaFold 3. Please note that standard AlphaFold 3 model parameters are
only available under terms of use provided at
https://github.com/google-deepmind/alphafold3/blob/main/WEIGHTS_TERMS_OF_USE.md.
If you do not agree to these terms and are using AlphaFold 3 derived model
parameters, cancel execution of AlphaFold 3 inference with CTRL-C, and do not
use the model parameters.
Found local devices: [CudaDevice(id=0)]
Building model from scratch...
Processing fold inputs.
Processing fold input #1
Processing fold input seq10_cluster7
Checking we can load the model parameters...
Running data pipeline...
Processing chain A
Processing chain A took 0.00 seconds
Output directory: /root/af_output/seq10_cluster7_templated_apo_Jun11_2026_11.15.20AM_78/seq10_cluster7
Writing model input JSON to /root/af_output/seq10_cluster7_templated_apo_Jun11_2026_11.15.20AM_78/seq10_cluster7
Predicting 3D structure for seq10_cluster7 for seed(s) (1063310356, 1063310357)...
Featurising data for seeds (1063310356, 1063310357)...
Featurising seq10_cluster7 with rng_seed 1063310356.
Featurising seq10_cluster7 with rng_seed 1063310356 took 4.98 seconds.
Featurising seq10_cluster7 with rng_seed 1063310357.
Featurising seq10_cluster7 with rng_seed 1063310357 took 4.95 seconds.
Featurising data for seeds (1063310356, 1063310357) took  14.55 seconds.
Running model inference for seed 1063310356...
Running model inference for seed 1063310356 took  51.02 seconds.
Extracting output structures (one per sample) for seed 1063310356...
Extracting output structures (one per sample) for seed 1063310356 took  0.44 seconds.
Running model inference and extracting output structures for seed 1063310356 took  51.46 seconds.
Running model inference for seed 1063310357...
Running model inference for seed 1063310357 took  19.40 seconds.
Extracting output structures (one per sample) for seed 1063310357...
Extracting output structures (one per sample) for seed 1063310357 took  0.62 seconds.
Running model inference and extracting output structures for seed 1063310357 took  20.03 seconds.
Running model inference and extracting output structures for seeds (1063310356, 1063310357) took  71.48 seconds.
Writing outputs for seq10_cluster7 for seed(s) (1063310356, 1063310357)...
Done processing fold input seq10_cluster7.
Done processing 1 fold inputs.
