==> [task 68] pdb_id=seq9_cluster7
==> template CIF: /mnt/gs21/scratch/renaldse/AlphaFold3/inputs/structures/NODES_Proteins/seq9_cluster_repr_7.cif
==> writing JSON: /mnt/gs21/scratch/renaldse/AlphaFold3/inputs/seq9_cluster7_templated_apo_Jun11_2026_11.13.50AM_68.json
==> running AF3 in /mnt/gs21/scratch/renaldse/AlphaFold3/outputs/seq9_cluster7_templated_apo_Jun11_2026_11.13.50AM_68
Running AlphaFold 3. Please note that standard AlphaFold 3 model parameters are
only available under terms of use provided at
https://github.com/google-deepmind/alphafold3/blob/main/WEIGHTS_TERMS_OF_USE.md.
If you do not agree to these terms and are using AlphaFold 3 derived model
parameters, cancel execution of AlphaFold 3 inference with CTRL-C, and do not
use the model parameters.
Found local devices: [CudaDevice(id=0)]
Building model from scratch...
Processing fold inputs.
Processing fold input #1
Processing fold input seq9_cluster7
Checking we can load the model parameters...
Running data pipeline...
Processing chain A
Processing chain A took 0.00 seconds
Output directory: /root/af_output/seq9_cluster7_templated_apo_Jun11_2026_11.13.50AM_68/seq9_cluster7
Writing model input JSON to /root/af_output/seq9_cluster7_templated_apo_Jun11_2026_11.13.50AM_68/seq9_cluster7
Predicting 3D structure for seq9_cluster7 for seed(s) (1174462570, 1174462571)...
Featurising data for seeds (1174462570, 1174462571)...
Featurising seq9_cluster7 with rng_seed 1174462570.
Featurising seq9_cluster7 with rng_seed 1174462570 took 4.43 seconds.
Featurising seq9_cluster7 with rng_seed 1174462571.
Featurising seq9_cluster7 with rng_seed 1174462571 took 4.46 seconds.
Featurising data for seeds (1174462570, 1174462571) took  25.34 seconds.
Running model inference for seed 1174462570...
Running model inference for seed 1174462570 took  52.56 seconds.
Extracting output structures (one per sample) for seed 1174462570...
Extracting output structures (one per sample) for seed 1174462570 took  0.40 seconds.
Running model inference and extracting output structures for seed 1174462570 took  52.96 seconds.
Running model inference for seed 1174462571...
Running model inference for seed 1174462571 took  19.39 seconds.
Extracting output structures (one per sample) for seed 1174462571...
Extracting output structures (one per sample) for seed 1174462571 took  0.39 seconds.
Running model inference and extracting output structures for seed 1174462571 took  19.79 seconds.
Running model inference and extracting output structures for seeds (1174462570, 1174462571) took  72.75 seconds.
Writing outputs for seq9_cluster7 for seed(s) (1174462570, 1174462571)...
Done processing fold input seq9_cluster7.
Done processing 1 fold inputs.
