==> [task 11] pdb_id=seq2_cluster0
==> template CIF: /mnt/gs21/scratch/renaldse/AlphaFold3/inputs/structures/NODES_Proteins/seq2_cluster_repr_0.cif
==> writing JSON: /mnt/gs21/scratch/renaldse/AlphaFold3/inputs/seq2_cluster0_templated_apo_Jun11_2026_10.56.21AM_11.json
==> running AF3 in /mnt/gs21/scratch/renaldse/AlphaFold3/outputs/seq2_cluster0_templated_apo_Jun11_2026_10.56.21AM_11
Running AlphaFold 3. Please note that standard AlphaFold 3 model parameters are
only available under terms of use provided at
https://github.com/google-deepmind/alphafold3/blob/main/WEIGHTS_TERMS_OF_USE.md.
If you do not agree to these terms and are using AlphaFold 3 derived model
parameters, cancel execution of AlphaFold 3 inference with CTRL-C, and do not
use the model parameters.
Found local devices: [CudaDevice(id=0)]
Building model from scratch...
Processing fold inputs.
Processing fold input #1
Processing fold input seq2_cluster0
Checking we can load the model parameters...
Running data pipeline...
Processing chain A
Processing chain A took 0.00 seconds
Output directory: /root/af_output/seq2_cluster0_templated_apo_Jun11_2026_10.56.21AM_11/seq2_cluster0
Writing model input JSON to /root/af_output/seq2_cluster0_templated_apo_Jun11_2026_10.56.21AM_11/seq2_cluster0
Predicting 3D structure for seq2_cluster0 for seed(s) (545558078, 545558079)...
Featurising data for seeds (545558078, 545558079)...
Featurising seq2_cluster0 with rng_seed 545558078.
Featurising seq2_cluster0 with rng_seed 545558078 took 1.46 seconds.
Featurising seq2_cluster0 with rng_seed 545558079.
Featurising seq2_cluster0 with rng_seed 545558079 took 1.43 seconds.
Featurising data for seeds (545558078, 545558079) took  18.25 seconds.
Running model inference for seed 545558078...
Running model inference for seed 545558078 took  39.84 seconds.
Extracting output structures (one per sample) for seed 545558078...
Extracting output structures (one per sample) for seed 545558078 took  0.12 seconds.
Running model inference and extracting output structures for seed 545558078 took  39.97 seconds.
Running model inference for seed 545558079...
Running model inference for seed 545558079 took  7.78 seconds.
Extracting output structures (one per sample) for seed 545558079...
Extracting output structures (one per sample) for seed 545558079 took  0.11 seconds.
Running model inference and extracting output structures for seed 545558079 took  7.89 seconds.
Running model inference and extracting output structures for seeds (545558078, 545558079) took  47.86 seconds.
Writing outputs for seq2_cluster0 for seed(s) (545558078, 545558079)...
Done processing fold input seq2_cluster0.
Done processing 1 fold inputs.
