==> [task 31] pdb_id=seq17
==> template CIF: /mnt/gs21/scratch/renaldse/AlphaFold3/outputs/seq17_apo_May26_2026_11.15AM/seq17/seed-1601948394_sample-0/model.cif
==> writing JSON: /mnt/gs21/scratch/renaldse/AlphaFold3/inputs/seq17_templated_apo_May27_2026_10.42.03AM.json
==> running AF3 in /mnt/gs21/scratch/renaldse/AlphaFold3/outputs/seq17_templated_apo_May27_2026_10.42.03AM
Running AlphaFold 3. Please note that standard AlphaFold 3 model parameters are
only available under terms of use provided at
https://github.com/google-deepmind/alphafold3/blob/main/WEIGHTS_TERMS_OF_USE.md.
If you do not agree to these terms and are using AlphaFold 3 derived model
parameters, cancel execution of AlphaFold 3 inference with CTRL-C, and do not
use the model parameters.
Found local devices: [CudaDevice(id=0)]
Building model from scratch...
Processing fold inputs.
Processing fold input #1
Processing fold input seq17
Checking we can load the model parameters...
Running data pipeline...
Processing chain A
Processing chain A took 0.00 seconds
Output directory: /root/af_output/seq17_templated_apo_May27_2026_10.42.03AM/seq17
Writing model input JSON to /root/af_output/seq17_templated_apo_May27_2026_10.42.03AM/seq17
Predicting 3D structure for seq17 for seed(s) (1601948394, 1601948395)...
Featurising data for seeds (1601948394, 1601948395)...
Featurising seq17 with rng_seed 1601948394.
Featurising seq17 with rng_seed 1601948394 took 4.07 seconds.
Featurising seq17 with rng_seed 1601948395.
Featurising seq17 with rng_seed 1601948395 took 4.04 seconds.
Featurising data for seeds (1601948394, 1601948395) took  14.80 seconds.
Running model inference for seed 1601948394...
Running model inference for seed 1601948394 took  51.73 seconds.
Extracting output structures (one per sample) for seed 1601948394...
Extracting output structures (one per sample) for seed 1601948394 took  0.35 seconds.
Running model inference and extracting output structures for seed 1601948394 took  52.08 seconds.
Running model inference for seed 1601948395...
Running model inference for seed 1601948395 took  19.36 seconds.
Extracting output structures (one per sample) for seed 1601948395...
Extracting output structures (one per sample) for seed 1601948395 took  0.35 seconds.
Running model inference and extracting output structures for seed 1601948395 took  19.71 seconds.
Running model inference and extracting output structures for seeds (1601948394, 1601948395) took  71.80 seconds.
Writing outputs for seq17 for seed(s) (1601948394, 1601948395)...
Done processing fold input seq17.
Done processing 1 fold inputs.
