==> [task 10] pdb_id=seq1_cluster9
==> template CIF: /mnt/gs21/scratch/renaldse/AlphaFold3/inputs/structures/NODES_Proteins/seq1_cluster_repr_9.cif
==> writing JSON: /mnt/gs21/scratch/renaldse/AlphaFold3/inputs/seq1_cluster9_templated_apo_Jun11_2026_10.55.07AM_10.json
==> running AF3 in /mnt/gs21/scratch/renaldse/AlphaFold3/outputs/seq1_cluster9_templated_apo_Jun11_2026_10.55.07AM_10
Running AlphaFold 3. Please note that standard AlphaFold 3 model parameters are
only available under terms of use provided at
https://github.com/google-deepmind/alphafold3/blob/main/WEIGHTS_TERMS_OF_USE.md.
If you do not agree to these terms and are using AlphaFold 3 derived model
parameters, cancel execution of AlphaFold 3 inference with CTRL-C, and do not
use the model parameters.
Found local devices: [CudaDevice(id=0)]
Building model from scratch...
Processing fold inputs.
Processing fold input #1
Processing fold input seq1_cluster9
Checking we can load the model parameters...
Running data pipeline...
Processing chain A
Processing chain A took 0.00 seconds
Output directory: /root/af_output/seq1_cluster9_templated_apo_Jun11_2026_10.55.07AM_10/seq1_cluster9
Writing model input JSON to /root/af_output/seq1_cluster9_templated_apo_Jun11_2026_10.55.07AM_10/seq1_cluster9
Predicting 3D structure for seq1_cluster9 for seed(s) (846171549, 846171550)...
Featurising data for seeds (846171549, 846171550)...
Featurising seq1_cluster9 with rng_seed 846171549.
Featurising seq1_cluster9 with rng_seed 846171549 took 3.69 seconds.
Featurising seq1_cluster9 with rng_seed 846171550.
Featurising seq1_cluster9 with rng_seed 846171550 took 3.63 seconds.
Featurising data for seeds (846171549, 846171550) took  13.86 seconds.
Running model inference for seed 846171549...
Running model inference for seed 846171549 took  51.88 seconds.
Extracting output structures (one per sample) for seed 846171549...
Extracting output structures (one per sample) for seed 846171549 took  0.33 seconds.
Running model inference and extracting output structures for seed 846171549 took  52.21 seconds.
Running model inference for seed 846171550...
Running model inference for seed 846171550 took  19.35 seconds.
Extracting output structures (one per sample) for seed 846171550...
Extracting output structures (one per sample) for seed 846171550 took  0.32 seconds.
Running model inference and extracting output structures for seed 846171550 took  19.66 seconds.
Running model inference and extracting output structures for seeds (846171549, 846171550) took  71.88 seconds.
Writing outputs for seq1_cluster9 for seed(s) (846171549, 846171550)...
Done processing fold input seq1_cluster9.
Done processing 1 fold inputs.
