==> [task 43] pdb_id=seq6_cluster2
==> template CIF: /mnt/gs21/scratch/renaldse/AlphaFold3/inputs/structures/NODES_Proteins/seq6_cluster_repr_2.cif
==> writing JSON: /mnt/gs21/scratch/renaldse/AlphaFold3/inputs/seq6_cluster2_templated_apo_Jun11_2026_11.02.16AM_43.json
==> running AF3 in /mnt/gs21/scratch/renaldse/AlphaFold3/outputs/seq6_cluster2_templated_apo_Jun11_2026_11.02.16AM_43
Running AlphaFold 3. Please note that standard AlphaFold 3 model parameters are
only available under terms of use provided at
https://github.com/google-deepmind/alphafold3/blob/main/WEIGHTS_TERMS_OF_USE.md.
If you do not agree to these terms and are using AlphaFold 3 derived model
parameters, cancel execution of AlphaFold 3 inference with CTRL-C, and do not
use the model parameters.
Found local devices: [CudaDevice(id=0)]
Building model from scratch...
Processing fold inputs.
Processing fold input #1
Processing fold input seq6_cluster2
Checking we can load the model parameters...
Running data pipeline...
Processing chain A
Processing chain A took 0.00 seconds
Output directory: /root/af_output/seq6_cluster2_templated_apo_Jun11_2026_11.02.16AM_43/seq6_cluster2
Writing model input JSON to /root/af_output/seq6_cluster2_templated_apo_Jun11_2026_11.02.16AM_43/seq6_cluster2
Predicting 3D structure for seq6_cluster2 for seed(s) (1197559662, 1197559663)...
Featurising data for seeds (1197559662, 1197559663)...
Featurising seq6_cluster2 with rng_seed 1197559662.
Featurising seq6_cluster2 with rng_seed 1197559662 took 12.05 seconds.
Featurising seq6_cluster2 with rng_seed 1197559663.
Featurising seq6_cluster2 with rng_seed 1197559663 took 11.99 seconds.
Featurising data for seeds (1197559662, 1197559663) took  40.68 seconds.
Running model inference for seed 1197559662...
Running model inference for seed 1197559662 took  133.41 seconds.
Extracting output structures (one per sample) for seed 1197559662...
Extracting output structures (one per sample) for seed 1197559662 took  1.50 seconds.
Running model inference and extracting output structures for seed 1197559662 took  134.91 seconds.
Running model inference for seed 1197559663...
Running model inference for seed 1197559663 took  98.08 seconds.
Extracting output structures (one per sample) for seed 1197559663...
Extracting output structures (one per sample) for seed 1197559663 took  1.67 seconds.
Running model inference and extracting output structures for seed 1197559663 took  99.75 seconds.
Running model inference and extracting output structures for seeds (1197559662, 1197559663) took  234.66 seconds.
Writing outputs for seq6_cluster2 for seed(s) (1197559662, 1197559663)...
Done processing fold input seq6_cluster2.
Done processing 1 fold inputs.
