==> [task 112] pdb_id=seq14_cluster1
==> template CIF: /mnt/gs21/scratch/renaldse/AlphaFold3/inputs/structures/NODES_Proteins/seq14_cluster_repr_1.cif
==> writing JSON: /mnt/gs21/scratch/renaldse/AlphaFold3/inputs/seq14_cluster1_templated_apo_Jun11_2026_11.23.39AM_112.json
==> running AF3 in /mnt/gs21/scratch/renaldse/AlphaFold3/outputs/seq14_cluster1_templated_apo_Jun11_2026_11.23.39AM_112
Running AlphaFold 3. Please note that standard AlphaFold 3 model parameters are
only available under terms of use provided at
https://github.com/google-deepmind/alphafold3/blob/main/WEIGHTS_TERMS_OF_USE.md.
If you do not agree to these terms and are using AlphaFold 3 derived model
parameters, cancel execution of AlphaFold 3 inference with CTRL-C, and do not
use the model parameters.
Found local devices: [CudaDevice(id=0)]
Building model from scratch...
Processing fold inputs.
Processing fold input #1
Processing fold input seq14_cluster1
Checking we can load the model parameters...
Running data pipeline...
Processing chain A
Processing chain A took 0.00 seconds
Output directory: /root/af_output/seq14_cluster1_templated_apo_Jun11_2026_11.23.39AM_112/seq14_cluster1
Writing model input JSON to /root/af_output/seq14_cluster1_templated_apo_Jun11_2026_11.23.39AM_112/seq14_cluster1
Predicting 3D structure for seq14_cluster1 for seed(s) (1609093471, 1609093472)...
Featurising data for seeds (1609093471, 1609093472)...
Featurising seq14_cluster1 with rng_seed 1609093471.
Featurising seq14_cluster1 with rng_seed 1609093471 took 5.10 seconds.
Featurising seq14_cluster1 with rng_seed 1609093472.
Featurising seq14_cluster1 with rng_seed 1609093472 took 5.13 seconds.
Featurising data for seeds (1609093471, 1609093472) took  14.88 seconds.
Running model inference for seed 1609093471...
Running model inference for seed 1609093471 took  51.66 seconds.
Extracting output structures (one per sample) for seed 1609093471...
Extracting output structures (one per sample) for seed 1609093471 took  0.46 seconds.
Running model inference and extracting output structures for seed 1609093471 took  52.12 seconds.
Running model inference for seed 1609093472...
Running model inference for seed 1609093472 took  19.36 seconds.
Extracting output structures (one per sample) for seed 1609093472...
Extracting output structures (one per sample) for seed 1609093472 took  0.65 seconds.
Running model inference and extracting output structures for seed 1609093472 took  20.01 seconds.
Running model inference and extracting output structures for seeds (1609093471, 1609093472) took  72.14 seconds.
Writing outputs for seq14_cluster1 for seed(s) (1609093471, 1609093472)...
Done processing fold input seq14_cluster1.
Done processing 1 fold inputs.
