==> [task 71] pdb_id=seq10_cluster0
==> template CIF: /mnt/gs21/scratch/renaldse/AlphaFold3/inputs/structures/NODES_Proteins/seq10_cluster_repr_0.cif
==> writing JSON: /mnt/gs21/scratch/renaldse/AlphaFold3/inputs/seq10_cluster0_templated_apo_Jun11_2026_11.13.50AM_71.json
==> running AF3 in /mnt/gs21/scratch/renaldse/AlphaFold3/outputs/seq10_cluster0_templated_apo_Jun11_2026_11.13.50AM_71
Running AlphaFold 3. Please note that standard AlphaFold 3 model parameters are
only available under terms of use provided at
https://github.com/google-deepmind/alphafold3/blob/main/WEIGHTS_TERMS_OF_USE.md.
If you do not agree to these terms and are using AlphaFold 3 derived model
parameters, cancel execution of AlphaFold 3 inference with CTRL-C, and do not
use the model parameters.
Found local devices: [CudaDevice(id=0)]
Building model from scratch...
Processing fold inputs.
Processing fold input #1
Processing fold input seq10_cluster0
Checking we can load the model parameters...
Running data pipeline...
Processing chain A
Processing chain A took 0.00 seconds
Output directory: /root/af_output/seq10_cluster0_templated_apo_Jun11_2026_11.13.50AM_71/seq10_cluster0
Writing model input JSON to /root/af_output/seq10_cluster0_templated_apo_Jun11_2026_11.13.50AM_71/seq10_cluster0
Predicting 3D structure for seq10_cluster0 for seed(s) (553927091, 553927092)...
Featurising data for seeds (553927091, 553927092)...
Featurising seq10_cluster0 with rng_seed 553927091.
Featurising seq10_cluster0 with rng_seed 553927091 took 5.04 seconds.
Featurising seq10_cluster0 with rng_seed 553927092.
Featurising seq10_cluster0 with rng_seed 553927092 took 4.99 seconds.
Featurising data for seeds (553927091, 553927092) took  26.48 seconds.
Running model inference for seed 553927091...
Running model inference for seed 553927091 took  51.39 seconds.
Extracting output structures (one per sample) for seed 553927091...
Extracting output structures (one per sample) for seed 553927091 took  0.44 seconds.
Running model inference and extracting output structures for seed 553927091 took  51.83 seconds.
Running model inference for seed 553927092...
Running model inference for seed 553927092 took  19.39 seconds.
Extracting output structures (one per sample) for seed 553927092...
Extracting output structures (one per sample) for seed 553927092 took  0.64 seconds.
Running model inference and extracting output structures for seed 553927092 took  20.02 seconds.
Running model inference and extracting output structures for seeds (553927091, 553927092) took  71.85 seconds.
Writing outputs for seq10_cluster0 for seed(s) (553927091, 553927092)...
Done processing fold input seq10_cluster0.
Done processing 1 fold inputs.
