==> [task 127] pdb_id=seq15_cluster6
==> template CIF: /mnt/gs21/scratch/renaldse/AlphaFold3/inputs/structures/NODES_Proteins/seq15_cluster_repr_6.cif
==> writing JSON: /mnt/gs21/scratch/renaldse/AlphaFold3/inputs/seq15_cluster6_templated_apo_Jun11_2026_11.55.46AM_127.json
==> running AF3 in /mnt/gs21/scratch/renaldse/AlphaFold3/outputs/seq15_cluster6_templated_apo_Jun11_2026_11.55.46AM_127
Running AlphaFold 3. Please note that standard AlphaFold 3 model parameters are
only available under terms of use provided at
https://github.com/google-deepmind/alphafold3/blob/main/WEIGHTS_TERMS_OF_USE.md.
If you do not agree to these terms and are using AlphaFold 3 derived model
parameters, cancel execution of AlphaFold 3 inference with CTRL-C, and do not
use the model parameters.
Found local devices: [CudaDevice(id=0)]
Building model from scratch...
Processing fold inputs.
Processing fold input #1
Processing fold input seq15_cluster6
Checking we can load the model parameters...
Running data pipeline...
Processing chain A
Processing chain A took 0.00 seconds
Output directory: /root/af_output/seq15_cluster6_templated_apo_Jun11_2026_11.55.46AM_127/seq15_cluster6
Writing model input JSON to /root/af_output/seq15_cluster6_templated_apo_Jun11_2026_11.55.46AM_127/seq15_cluster6
Predicting 3D structure for seq15_cluster6 for seed(s) (776875972, 776875973)...
Featurising data for seeds (776875972, 776875973)...
Featurising seq15_cluster6 with rng_seed 776875972.
Featurising seq15_cluster6 with rng_seed 776875972 took 1.26 seconds.
Featurising seq15_cluster6 with rng_seed 776875973.
Featurising seq15_cluster6 with rng_seed 776875973 took 1.19 seconds.
Featurising data for seeds (776875972, 776875973) took  8.92 seconds.
Running model inference for seed 776875972...
Running model inference for seed 776875972 took  40.01 seconds.
Extracting output structures (one per sample) for seed 776875972...
Extracting output structures (one per sample) for seed 776875972 took  0.11 seconds.
Running model inference and extracting output structures for seed 776875972 took  40.11 seconds.
Running model inference for seed 776875973...
Running model inference for seed 776875973 took  7.80 seconds.
Extracting output structures (one per sample) for seed 776875973...
Extracting output structures (one per sample) for seed 776875973 took  0.10 seconds.
Running model inference and extracting output structures for seed 776875973 took  7.89 seconds.
Running model inference and extracting output structures for seeds (776875972, 776875973) took  48.00 seconds.
Writing outputs for seq15_cluster6 for seed(s) (776875972, 776875973)...
Done processing fold input seq15_cluster6.
Done processing 1 fold inputs.
