==> [task 124] pdb_id=seq15_cluster3
==> template CIF: /mnt/gs21/scratch/renaldse/AlphaFold3/inputs/structures/NODES_Proteins/seq15_cluster_repr_3.cif
==> writing JSON: /mnt/gs21/scratch/renaldse/AlphaFold3/inputs/seq15_cluster3_templated_apo_Jun11_2026_11.52.59AM_124.json
==> running AF3 in /mnt/gs21/scratch/renaldse/AlphaFold3/outputs/seq15_cluster3_templated_apo_Jun11_2026_11.52.59AM_124
Running AlphaFold 3. Please note that standard AlphaFold 3 model parameters are
only available under terms of use provided at
https://github.com/google-deepmind/alphafold3/blob/main/WEIGHTS_TERMS_OF_USE.md.
If you do not agree to these terms and are using AlphaFold 3 derived model
parameters, cancel execution of AlphaFold 3 inference with CTRL-C, and do not
use the model parameters.
Found local devices: [CudaDevice(id=0)]
Building model from scratch...
Processing fold inputs.
Processing fold input #1
Processing fold input seq15_cluster3
Checking we can load the model parameters...
Running data pipeline...
Processing chain A
Processing chain A took 0.00 seconds
Output directory: /root/af_output/seq15_cluster3_templated_apo_Jun11_2026_11.52.59AM_124/seq15_cluster3
Writing model input JSON to /root/af_output/seq15_cluster3_templated_apo_Jun11_2026_11.52.59AM_124/seq15_cluster3
Predicting 3D structure for seq15_cluster3 for seed(s) (1579473745, 1579473746)...
Featurising data for seeds (1579473745, 1579473746)...
Featurising seq15_cluster3 with rng_seed 1579473745.
Featurising seq15_cluster3 with rng_seed 1579473745 took 1.21 seconds.
Featurising seq15_cluster3 with rng_seed 1579473746.
Featurising seq15_cluster3 with rng_seed 1579473746 took 1.20 seconds.
Featurising data for seeds (1579473745, 1579473746) took  18.85 seconds.
Running model inference for seed 1579473745...
Running model inference for seed 1579473745 took  40.49 seconds.
Extracting output structures (one per sample) for seed 1579473745...
Extracting output structures (one per sample) for seed 1579473745 took  0.11 seconds.
Running model inference and extracting output structures for seed 1579473745 took  40.60 seconds.
Running model inference for seed 1579473746...
Running model inference for seed 1579473746 took  7.82 seconds.
Extracting output structures (one per sample) for seed 1579473746...
Extracting output structures (one per sample) for seed 1579473746 took  0.09 seconds.
Running model inference and extracting output structures for seed 1579473746 took  7.92 seconds.
Running model inference and extracting output structures for seeds (1579473745, 1579473746) took  48.51 seconds.
Writing outputs for seq15_cluster3 for seed(s) (1579473745, 1579473746)...
Done processing fold input seq15_cluster3.
Done processing 1 fold inputs.
