==> [task 80] pdb_id=seq10_cluster9
==> template CIF: /mnt/gs21/scratch/renaldse/AlphaFold3/inputs/structures/NODES_Proteins/seq10_cluster_repr_9.cif
==> writing JSON: /mnt/gs21/scratch/renaldse/AlphaFold3/inputs/seq10_cluster9_templated_apo_Jun11_2026_11.16.42AM_80.json
==> running AF3 in /mnt/gs21/scratch/renaldse/AlphaFold3/outputs/seq10_cluster9_templated_apo_Jun11_2026_11.16.42AM_80
Running AlphaFold 3. Please note that standard AlphaFold 3 model parameters are
only available under terms of use provided at
https://github.com/google-deepmind/alphafold3/blob/main/WEIGHTS_TERMS_OF_USE.md.
If you do not agree to these terms and are using AlphaFold 3 derived model
parameters, cancel execution of AlphaFold 3 inference with CTRL-C, and do not
use the model parameters.
Found local devices: [CudaDevice(id=0)]
Building model from scratch...
Processing fold inputs.
Processing fold input #1
Processing fold input seq10_cluster9
Checking we can load the model parameters...
Running data pipeline...
Processing chain A
Processing chain A took 0.00 seconds
Output directory: /root/af_output/seq10_cluster9_templated_apo_Jun11_2026_11.16.42AM_80/seq10_cluster9
Writing model input JSON to /root/af_output/seq10_cluster9_templated_apo_Jun11_2026_11.16.42AM_80/seq10_cluster9
Predicting 3D structure for seq10_cluster9 for seed(s) (1490614551, 1490614552)...
Featurising data for seeds (1490614551, 1490614552)...
Featurising seq10_cluster9 with rng_seed 1490614551.
Featurising seq10_cluster9 with rng_seed 1490614551 took 5.02 seconds.
Featurising seq10_cluster9 with rng_seed 1490614552.
Featurising seq10_cluster9 with rng_seed 1490614552 took 5.01 seconds.
Featurising data for seeds (1490614551, 1490614552) took  14.70 seconds.
Running model inference for seed 1490614551...
Running model inference for seed 1490614551 took  50.50 seconds.
Extracting output structures (one per sample) for seed 1490614551...
Extracting output structures (one per sample) for seed 1490614551 took  0.44 seconds.
Running model inference and extracting output structures for seed 1490614551 took  50.94 seconds.
Running model inference for seed 1490614552...
Running model inference for seed 1490614552 took  19.37 seconds.
Extracting output structures (one per sample) for seed 1490614552...
Extracting output structures (one per sample) for seed 1490614552 took  0.63 seconds.
Running model inference and extracting output structures for seed 1490614552 took  20.00 seconds.
Running model inference and extracting output structures for seeds (1490614551, 1490614552) took  70.93 seconds.
Writing outputs for seq10_cluster9 for seed(s) (1490614551, 1490614552)...
Done processing fold input seq10_cluster9.
Done processing 1 fold inputs.
