==> [task 120] pdb_id=seq14_cluster9
==> template CIF: /mnt/gs21/scratch/renaldse/AlphaFold3/inputs/structures/NODES_Proteins/seq14_cluster_repr_9.cif
==> writing JSON: /mnt/gs21/scratch/renaldse/AlphaFold3/inputs/seq14_cluster9_templated_apo_Jun11_2026_11.46.18AM_120.json
==> running AF3 in /mnt/gs21/scratch/renaldse/AlphaFold3/outputs/seq14_cluster9_templated_apo_Jun11_2026_11.46.18AM_120
Running AlphaFold 3. Please note that standard AlphaFold 3 model parameters are
only available under terms of use provided at
https://github.com/google-deepmind/alphafold3/blob/main/WEIGHTS_TERMS_OF_USE.md.
If you do not agree to these terms and are using AlphaFold 3 derived model
parameters, cancel execution of AlphaFold 3 inference with CTRL-C, and do not
use the model parameters.
Found local devices: [CudaDevice(id=0)]
Building model from scratch...
Processing fold inputs.
Processing fold input #1
Processing fold input seq14_cluster9
Checking we can load the model parameters...
Running data pipeline...
Processing chain A
Processing chain A took 0.00 seconds
Output directory: /root/af_output/seq14_cluster9_templated_apo_Jun11_2026_11.46.18AM_120/seq14_cluster9
Writing model input JSON to /root/af_output/seq14_cluster9_templated_apo_Jun11_2026_11.46.18AM_120/seq14_cluster9
Predicting 3D structure for seq14_cluster9 for seed(s) (1362319729, 1362319730)...
Featurising data for seeds (1362319729, 1362319730)...
Featurising seq14_cluster9 with rng_seed 1362319729.
Featurising seq14_cluster9 with rng_seed 1362319729 took 5.11 seconds.
Featurising seq14_cluster9 with rng_seed 1362319730.
Featurising seq14_cluster9 with rng_seed 1362319730 took 5.02 seconds.
Featurising data for seeds (1362319729, 1362319730) took  16.60 seconds.
Running model inference for seed 1362319729...
Running model inference for seed 1362319729 took  54.74 seconds.
Extracting output structures (one per sample) for seed 1362319729...
Extracting output structures (one per sample) for seed 1362319729 took  0.48 seconds.
Running model inference and extracting output structures for seed 1362319729 took  55.21 seconds.
Running model inference for seed 1362319730...
Running model inference for seed 1362319730 took  19.39 seconds.
Extracting output structures (one per sample) for seed 1362319730...
Extracting output structures (one per sample) for seed 1362319730 took  0.66 seconds.
Running model inference and extracting output structures for seed 1362319730 took  20.06 seconds.
Running model inference and extracting output structures for seeds (1362319729, 1362319730) took  75.27 seconds.
Writing outputs for seq14_cluster9 for seed(s) (1362319729, 1362319730)...
Done processing fold input seq14_cluster9.
Done processing 1 fold inputs.
