==> [task 5] pdb_id=seq6
==> writing JSON: /mnt/gs21/scratch/renaldse/AlphaFold3/inputs/seq6_apo_May22_2026_1.44PM.json
==> running AF3 (expected 7 structures) in /mnt/gs21/scratch/renaldse/AlphaFold3/outputs/seq6_apo_May22_2026_1.44PM
Running AlphaFold 3. Please note that standard AlphaFold 3 model parameters are
only available under terms of use provided at
https://github.com/google-deepmind/alphafold3/blob/main/WEIGHTS_TERMS_OF_USE.md.
If you do not agree to these terms and are using AlphaFold 3 derived model
parameters, cancel execution of AlphaFold 3 inference with CTRL-C, and do not
use the model parameters.
Found local devices: [CudaDevice(id=0)]
Building model from scratch...
Processing fold inputs.
Processing fold input #1
Processing fold input seq6
Checking we can load the model parameters...
Running data pipeline...
Processing chain A
Processing chain A took 3463.99 seconds
Output directory: /root/af_output/seq6_apo_May22_2026_1.44PM/seq6
Writing model input JSON to /root/af_output/seq6_apo_May22_2026_1.44PM/seq6
Predicting 3D structure for seq6 for seed(s) (1867252878,)...
Featurising data for seeds (1867252878,)...
Featurising seq6 with rng_seed 1867252878.
Featurising seq6 with rng_seed 1867252878 took 21.91 seconds.
Featurising data for seeds (1867252878,) took  28.88 seconds.
Running model inference for seed 1867252878...
Running model inference for seed 1867252878 took  133.88 seconds.
Extracting output structures (one per sample) for seed 1867252878...
Extracting output structures (one per sample) for seed 1867252878 took  1.51 seconds.
Running model inference and extracting output structures for seed 1867252878 took  135.39 seconds.
Running model inference and extracting output structures for seeds (1867252878,) took  135.39 seconds.
Writing outputs for seq6 for seed(s) (1867252878,)...
Done processing fold input seq6.
Done processing 1 fold inputs.
