==> [task 116] pdb_id=seq14_cluster5
==> template CIF: /mnt/gs21/scratch/renaldse/AlphaFold3/inputs/structures/NODES_Proteins/seq14_cluster_repr_5.cif
==> writing JSON: /mnt/gs21/scratch/renaldse/AlphaFold3/inputs/seq14_cluster5_templated_apo_Jun11_2026_11.34.28AM_116.json
==> running AF3 in /mnt/gs21/scratch/renaldse/AlphaFold3/outputs/seq14_cluster5_templated_apo_Jun11_2026_11.34.28AM_116
Running AlphaFold 3. Please note that standard AlphaFold 3 model parameters are
only available under terms of use provided at
https://github.com/google-deepmind/alphafold3/blob/main/WEIGHTS_TERMS_OF_USE.md.
If you do not agree to these terms and are using AlphaFold 3 derived model
parameters, cancel execution of AlphaFold 3 inference with CTRL-C, and do not
use the model parameters.
Found local devices: [CudaDevice(id=0)]
Building model from scratch...
Processing fold inputs.
Processing fold input #1
Processing fold input seq14_cluster5
Checking we can load the model parameters...
Running data pipeline...
Processing chain A
Processing chain A took 0.00 seconds
Output directory: /root/af_output/seq14_cluster5_templated_apo_Jun11_2026_11.34.28AM_116/seq14_cluster5
Writing model input JSON to /root/af_output/seq14_cluster5_templated_apo_Jun11_2026_11.34.28AM_116/seq14_cluster5
Predicting 3D structure for seq14_cluster5 for seed(s) (1485116744, 1485116745)...
Featurising data for seeds (1485116744, 1485116745)...
Featurising seq14_cluster5 with rng_seed 1485116744.
Featurising seq14_cluster5 with rng_seed 1485116744 took 5.13 seconds.
Featurising seq14_cluster5 with rng_seed 1485116745.
Featurising seq14_cluster5 with rng_seed 1485116745 took 5.16 seconds.
Featurising data for seeds (1485116744, 1485116745) took  16.77 seconds.
Running model inference for seed 1485116744...
Running model inference for seed 1485116744 took  51.72 seconds.
Extracting output structures (one per sample) for seed 1485116744...
Extracting output structures (one per sample) for seed 1485116744 took  0.48 seconds.
Running model inference and extracting output structures for seed 1485116744 took  52.19 seconds.
Running model inference for seed 1485116745...
Running model inference for seed 1485116745 took  19.41 seconds.
Extracting output structures (one per sample) for seed 1485116745...
Extracting output structures (one per sample) for seed 1485116745 took  0.67 seconds.
Running model inference and extracting output structures for seed 1485116745 took  20.07 seconds.
Running model inference and extracting output structures for seeds (1485116744, 1485116745) took  72.27 seconds.
Writing outputs for seq14_cluster5 for seed(s) (1485116744, 1485116745)...
Done processing fold input seq14_cluster5.
Done processing 1 fold inputs.
