==> [task 8] pdb_id=seq9
==> writing JSON: /mnt/gs21/scratch/renaldse/AlphaFold3/inputs/seq9_apo_May22_2026_2.07PM.json
==> running AF3 (expected 7 structures) in /mnt/gs21/scratch/renaldse/AlphaFold3/outputs/seq9_apo_May22_2026_2.07PM
Running AlphaFold 3. Please note that standard AlphaFold 3 model parameters are
only available under terms of use provided at
https://github.com/google-deepmind/alphafold3/blob/main/WEIGHTS_TERMS_OF_USE.md.
If you do not agree to these terms and are using AlphaFold 3 derived model
parameters, cancel execution of AlphaFold 3 inference with CTRL-C, and do not
use the model parameters.
Found local devices: [CudaDevice(id=0)]
Building model from scratch...
Processing fold inputs.
Processing fold input #1
Processing fold input seq9
Checking we can load the model parameters...
Running data pipeline...
Processing chain A
Processing chain A took 1770.92 seconds
Output directory: /root/af_output/seq9_apo_May22_2026_2.07PM/seq9
Writing model input JSON to /root/af_output/seq9_apo_May22_2026_2.07PM/seq9
Predicting 3D structure for seq9 for seed(s) (2146638107,)...
Featurising data for seeds (2146638107,)...
Featurising seq9 with rng_seed 2146638107.
Featurising seq9 with rng_seed 2146638107 took 7.91 seconds.
Featurising data for seeds (2146638107,) took  14.45 seconds.
Running model inference for seed 2146638107...
Running model inference for seed 2146638107 took  52.35 seconds.
Extracting output structures (one per sample) for seed 2146638107...
Extracting output structures (one per sample) for seed 2146638107 took  0.41 seconds.
Running model inference and extracting output structures for seed 2146638107 took  52.76 seconds.
Running model inference and extracting output structures for seeds (2146638107,) took  52.76 seconds.
Writing outputs for seq9 for seed(s) (2146638107,)...
Done processing fold input seq9.
Done processing 1 fold inputs.
