==> [task 54] pdb_id=seq7_cluster3
==> template CIF: /mnt/gs21/scratch/renaldse/AlphaFold3/inputs/structures/NODES_Proteins/seq7_cluster_repr_3.cif
==> writing JSON: /mnt/gs21/scratch/renaldse/AlphaFold3/inputs/seq7_cluster3_templated_apo_Jun11_2026_11.07.59AM_54.json
==> running AF3 in /mnt/gs21/scratch/renaldse/AlphaFold3/outputs/seq7_cluster3_templated_apo_Jun11_2026_11.07.59AM_54
Running AlphaFold 3. Please note that standard AlphaFold 3 model parameters are
only available under terms of use provided at
https://github.com/google-deepmind/alphafold3/blob/main/WEIGHTS_TERMS_OF_USE.md.
If you do not agree to these terms and are using AlphaFold 3 derived model
parameters, cancel execution of AlphaFold 3 inference with CTRL-C, and do not
use the model parameters.
Found local devices: [CudaDevice(id=0)]
Building model from scratch...
Processing fold inputs.
Processing fold input #1
Processing fold input seq7_cluster3
Checking we can load the model parameters...
Running data pipeline...
Processing chain A
Processing chain A took 0.00 seconds
Output directory: /root/af_output/seq7_cluster3_templated_apo_Jun11_2026_11.07.59AM_54/seq7_cluster3
Writing model input JSON to /root/af_output/seq7_cluster3_templated_apo_Jun11_2026_11.07.59AM_54/seq7_cluster3
Predicting 3D structure for seq7_cluster3 for seed(s) (1604588740, 1604588741)...
Featurising data for seeds (1604588740, 1604588741)...
Featurising seq7_cluster3 with rng_seed 1604588740.
Featurising seq7_cluster3 with rng_seed 1604588740 took 1.75 seconds.
Featurising seq7_cluster3 with rng_seed 1604588741.
Featurising seq7_cluster3 with rng_seed 1604588741 took 1.75 seconds.
Featurising data for seeds (1604588740, 1604588741) took  20.01 seconds.
Running model inference for seed 1604588740...
Running model inference for seed 1604588740 took  40.80 seconds.
Extracting output structures (one per sample) for seed 1604588740...
Extracting output structures (one per sample) for seed 1604588740 took  0.15 seconds.
Running model inference and extracting output structures for seed 1604588740 took  40.94 seconds.
Running model inference for seed 1604588741...
Running model inference for seed 1604588741 took  7.83 seconds.
Extracting output structures (one per sample) for seed 1604588741...
Extracting output structures (one per sample) for seed 1604588741 took  0.14 seconds.
Running model inference and extracting output structures for seed 1604588741 took  7.96 seconds.
Running model inference and extracting output structures for seeds (1604588740, 1604588741) took  48.90 seconds.
Writing outputs for seq7_cluster3 for seed(s) (1604588740, 1604588741)...
Done processing fold input seq7_cluster3.
Done processing 1 fold inputs.
