==> [task 9] pdb_id=seq1_cluster8
==> template CIF: /mnt/gs21/scratch/renaldse/AlphaFold3/inputs/structures/NODES_Proteins/seq1_cluster_repr_8.cif
==> writing JSON: /mnt/gs21/scratch/renaldse/AlphaFold3/inputs/seq1_cluster8_templated_apo_Jun11_2026_10.55.00AM_9.json
==> running AF3 in /mnt/gs21/scratch/renaldse/AlphaFold3/outputs/seq1_cluster8_templated_apo_Jun11_2026_10.55.00AM_9
Running AlphaFold 3. Please note that standard AlphaFold 3 model parameters are
only available under terms of use provided at
https://github.com/google-deepmind/alphafold3/blob/main/WEIGHTS_TERMS_OF_USE.md.
If you do not agree to these terms and are using AlphaFold 3 derived model
parameters, cancel execution of AlphaFold 3 inference with CTRL-C, and do not
use the model parameters.
Found local devices: [CudaDevice(id=0)]
Building model from scratch...
Processing fold inputs.
Processing fold input #1
Processing fold input seq1_cluster8
Checking we can load the model parameters...
Running data pipeline...
Processing chain A
Processing chain A took 0.00 seconds
Output directory: /root/af_output/seq1_cluster8_templated_apo_Jun11_2026_10.55.00AM_9/seq1_cluster8
Writing model input JSON to /root/af_output/seq1_cluster8_templated_apo_Jun11_2026_10.55.00AM_9/seq1_cluster8
Predicting 3D structure for seq1_cluster8 for seed(s) (1164492047, 1164492048)...
Featurising data for seeds (1164492047, 1164492048)...
Featurising seq1_cluster8 with rng_seed 1164492047.
Featurising seq1_cluster8 with rng_seed 1164492047 took 3.79 seconds.
Featurising seq1_cluster8 with rng_seed 1164492048.
Featurising seq1_cluster8 with rng_seed 1164492048 took 3.74 seconds.
Featurising data for seeds (1164492047, 1164492048) took  14.04 seconds.
Running model inference for seed 1164492047...
Running model inference for seed 1164492047 took  51.80 seconds.
Extracting output structures (one per sample) for seed 1164492047...
Extracting output structures (one per sample) for seed 1164492047 took  0.33 seconds.
Running model inference and extracting output structures for seed 1164492047 took  52.14 seconds.
Running model inference for seed 1164492048...
Running model inference for seed 1164492048 took  19.38 seconds.
Extracting output structures (one per sample) for seed 1164492048...
Extracting output structures (one per sample) for seed 1164492048 took  0.33 seconds.
Running model inference and extracting output structures for seed 1164492048 took  19.70 seconds.
Running model inference and extracting output structures for seeds (1164492047, 1164492048) took  71.84 seconds.
Writing outputs for seq1_cluster8 for seed(s) (1164492047, 1164492048)...
Done processing fold input seq1_cluster8.
Done processing 1 fold inputs.
