==> [task 27] pdb_id=seq15
==> template CIF: /mnt/gs21/scratch/renaldse/AlphaFold3/outputs/seq15_apo_May26_2026_11.05AM/seq15/seed-829795272_sample-0/model.cif
==> writing JSON: /mnt/gs21/scratch/renaldse/AlphaFold3/inputs/seq15_templated_apo_May27_2026_9.38AM.json
==> running AF3 in /mnt/gs21/scratch/renaldse/AlphaFold3/outputs/seq15_templated_apo_May27_2026_9.38AM
Running AlphaFold 3. Please note that standard AlphaFold 3 model parameters are
only available under terms of use provided at
https://github.com/google-deepmind/alphafold3/blob/main/WEIGHTS_TERMS_OF_USE.md.
If you do not agree to these terms and are using AlphaFold 3 derived model
parameters, cancel execution of AlphaFold 3 inference with CTRL-C, and do not
use the model parameters.
Found local devices: [CudaDevice(id=0)]
Building model from scratch...
Processing fold inputs.
Processing fold input #1
Processing fold input seq15
Checking we can load the model parameters...
Running data pipeline...
Processing chain A
Processing chain A took 0.00 seconds
Output directory: /root/af_output/seq15_templated_apo_May27_2026_9.38AM/seq15
Writing model input JSON to /root/af_output/seq15_templated_apo_May27_2026_9.38AM/seq15
Predicting 3D structure for seq15 for seed(s) (829795272, 829795273)...
Featurising data for seeds (829795272, 829795273)...
Featurising seq15 with rng_seed 829795272.
Featurising seq15 with rng_seed 829795272 took 1.23 seconds.
Featurising seq15 with rng_seed 829795273.
Featurising seq15 with rng_seed 829795273 took 1.20 seconds.
Featurising data for seeds (829795272, 829795273) took  9.02 seconds.
Running model inference for seed 829795272...
Running model inference for seed 829795272 took  39.64 seconds.
Extracting output structures (one per sample) for seed 829795272...
Extracting output structures (one per sample) for seed 829795272 took  0.10 seconds.
Running model inference and extracting output structures for seed 829795272 took  39.74 seconds.
Running model inference for seed 829795273...
Running model inference for seed 829795273 took  7.80 seconds.
Extracting output structures (one per sample) for seed 829795273...
Extracting output structures (one per sample) for seed 829795273 took  0.09 seconds.
Running model inference and extracting output structures for seed 829795273 took  7.89 seconds.
Running model inference and extracting output structures for seeds (829795272, 829795273) took  47.63 seconds.
Writing outputs for seq15 for seed(s) (829795272, 829795273)...
Done processing fold input seq15.
Done processing 1 fold inputs.
