==> [task 69] pdb_id=seq9_cluster8
==> template CIF: /mnt/gs21/scratch/renaldse/AlphaFold3/inputs/structures/NODES_Proteins/seq9_cluster_repr_8.cif
==> writing JSON: /mnt/gs21/scratch/renaldse/AlphaFold3/inputs/seq9_cluster8_templated_apo_Jun11_2026_11.13.51AM_69.json
==> running AF3 in /mnt/gs21/scratch/renaldse/AlphaFold3/outputs/seq9_cluster8_templated_apo_Jun11_2026_11.13.51AM_69
Running AlphaFold 3. Please note that standard AlphaFold 3 model parameters are
only available under terms of use provided at
https://github.com/google-deepmind/alphafold3/blob/main/WEIGHTS_TERMS_OF_USE.md.
If you do not agree to these terms and are using AlphaFold 3 derived model
parameters, cancel execution of AlphaFold 3 inference with CTRL-C, and do not
use the model parameters.
Found local devices: [CudaDevice(id=0)]
Building model from scratch...
Processing fold inputs.
Processing fold input #1
Processing fold input seq9_cluster8
Checking we can load the model parameters...
Running data pipeline...
Processing chain A
Processing chain A took 0.00 seconds
Output directory: /root/af_output/seq9_cluster8_templated_apo_Jun11_2026_11.13.51AM_69/seq9_cluster8
Writing model input JSON to /root/af_output/seq9_cluster8_templated_apo_Jun11_2026_11.13.51AM_69/seq9_cluster8
Predicting 3D structure for seq9_cluster8 for seed(s) (1455422971, 1455422972)...
Featurising data for seeds (1455422971, 1455422972)...
Featurising seq9_cluster8 with rng_seed 1455422971.
Featurising seq9_cluster8 with rng_seed 1455422971 took 4.50 seconds.
Featurising seq9_cluster8 with rng_seed 1455422972.
Featurising seq9_cluster8 with rng_seed 1455422972 took 4.50 seconds.
Featurising data for seeds (1455422971, 1455422972) took  24.00 seconds.
Running model inference for seed 1455422971...
Running model inference for seed 1455422971 took  53.20 seconds.
Extracting output structures (one per sample) for seed 1455422971...
Extracting output structures (one per sample) for seed 1455422971 took  0.39 seconds.
Running model inference and extracting output structures for seed 1455422971 took  53.59 seconds.
Running model inference for seed 1455422972...
Running model inference for seed 1455422972 took  19.37 seconds.
Extracting output structures (one per sample) for seed 1455422972...
Extracting output structures (one per sample) for seed 1455422972 took  0.39 seconds.
Running model inference and extracting output structures for seed 1455422972 took  19.76 seconds.
Running model inference and extracting output structures for seeds (1455422971, 1455422972) took  73.35 seconds.
Writing outputs for seq9_cluster8 for seed(s) (1455422971, 1455422972)...
Done processing fold input seq9_cluster8.
Done processing 1 fold inputs.
