==> [task 16] pdb_id=seq17
==> writing JSON: /mnt/gs21/scratch/renaldse/AlphaFold3/inputs/seq17_apo_May22_2026_6.21PM.json
==> running AF3 (expected 7 structures) in /mnt/gs21/scratch/renaldse/AlphaFold3/outputs/seq17_apo_May22_2026_6.21PM
Running AlphaFold 3. Please note that standard AlphaFold 3 model parameters are
only available under terms of use provided at
https://github.com/google-deepmind/alphafold3/blob/main/WEIGHTS_TERMS_OF_USE.md.
If you do not agree to these terms and are using AlphaFold 3 derived model
parameters, cancel execution of AlphaFold 3 inference with CTRL-C, and do not
use the model parameters.
Found local devices: [CudaDevice(id=0)]
Building model from scratch...
Processing fold inputs.
Processing fold input #1
Processing fold input seq17
Checking we can load the model parameters...
Running data pipeline...
Processing chain A
Processing chain A took 1785.47 seconds
Output directory: /root/af_output/seq17_apo_May22_2026_6.21PM/seq17
Writing model input JSON to /root/af_output/seq17_apo_May22_2026_6.21PM/seq17
Predicting 3D structure for seq17 for seed(s) (1601948394,)...
Featurising data for seeds (1601948394,)...
Featurising seq17 with rng_seed 1601948394.
Featurising seq17 with rng_seed 1601948394 took 7.02 seconds.
Featurising data for seeds (1601948394,) took  13.60 seconds.
Running model inference for seed 1601948394...
Running model inference for seed 1601948394 took  51.75 seconds.
Extracting output structures (one per sample) for seed 1601948394...
Extracting output structures (one per sample) for seed 1601948394 took  0.38 seconds.
Running model inference and extracting output structures for seed 1601948394 took  52.13 seconds.
Running model inference and extracting output structures for seeds (1601948394,) took  52.13 seconds.
Writing outputs for seq17 for seed(s) (1601948394,)...
Done processing fold input seq17.
Done processing 1 fold inputs.
