==> [task 100] pdb_id=seq12_cluster9
==> template CIF: /mnt/gs21/scratch/renaldse/AlphaFold3/inputs/structures/NODES_Proteins/seq12_cluster_repr_9.cif
==> writing JSON: /mnt/gs21/scratch/renaldse/AlphaFold3/inputs/seq12_cluster9_templated_apo_Jun11_2026_11.19.51AM_100.json
==> running AF3 in /mnt/gs21/scratch/renaldse/AlphaFold3/outputs/seq12_cluster9_templated_apo_Jun11_2026_11.19.51AM_100
Running AlphaFold 3. Please note that standard AlphaFold 3 model parameters are
only available under terms of use provided at
https://github.com/google-deepmind/alphafold3/blob/main/WEIGHTS_TERMS_OF_USE.md.
If you do not agree to these terms and are using AlphaFold 3 derived model
parameters, cancel execution of AlphaFold 3 inference with CTRL-C, and do not
use the model parameters.
Found local devices: [CudaDevice(id=0)]
Building model from scratch...
Processing fold inputs.
Processing fold input #1
Processing fold input seq12_cluster9
Checking we can load the model parameters...
Running data pipeline...
Processing chain A
Processing chain A took 0.00 seconds
Output directory: /root/af_output/seq12_cluster9_templated_apo_Jun11_2026_11.19.51AM_100/seq12_cluster9
Writing model input JSON to /root/af_output/seq12_cluster9_templated_apo_Jun11_2026_11.19.51AM_100/seq12_cluster9
Predicting 3D structure for seq12_cluster9 for seed(s) (1546463532, 1546463533)...
Featurising data for seeds (1546463532, 1546463533)...
Featurising seq12_cluster9 with rng_seed 1546463532.
Featurising seq12_cluster9 with rng_seed 1546463532 took 4.44 seconds.
Featurising seq12_cluster9 with rng_seed 1546463533.
Featurising seq12_cluster9 with rng_seed 1546463533 took 4.37 seconds.
Featurising data for seeds (1546463532, 1546463533) took  24.49 seconds.
Running model inference for seed 1546463532...
Running model inference for seed 1546463532 took  53.02 seconds.
Extracting output structures (one per sample) for seed 1546463532...
Extracting output structures (one per sample) for seed 1546463532 took  0.39 seconds.
Running model inference and extracting output structures for seed 1546463532 took  53.41 seconds.
Running model inference for seed 1546463533...
Running model inference for seed 1546463533 took  19.35 seconds.
Extracting output structures (one per sample) for seed 1546463533...
Extracting output structures (one per sample) for seed 1546463533 took  0.38 seconds.
Running model inference and extracting output structures for seed 1546463533 took  19.73 seconds.
Running model inference and extracting output structures for seeds (1546463532, 1546463533) took  73.14 seconds.
Writing outputs for seq12_cluster9 for seed(s) (1546463532, 1546463533)...
Done processing fold input seq12_cluster9.
Done processing 1 fold inputs.
