==> [task 22] pdb_id=seq3_cluster1
==> template CIF: /mnt/gs21/scratch/renaldse/AlphaFold3/inputs/structures/NODES_Proteins/seq3_cluster_repr_1.cif
==> writing JSON: /mnt/gs21/scratch/renaldse/AlphaFold3/inputs/seq3_cluster1_templated_apo_Jun11_2026_10.58.05AM_22.json
==> running AF3 in /mnt/gs21/scratch/renaldse/AlphaFold3/outputs/seq3_cluster1_templated_apo_Jun11_2026_10.58.05AM_22
Running AlphaFold 3. Please note that standard AlphaFold 3 model parameters are
only available under terms of use provided at
https://github.com/google-deepmind/alphafold3/blob/main/WEIGHTS_TERMS_OF_USE.md.
If you do not agree to these terms and are using AlphaFold 3 derived model
parameters, cancel execution of AlphaFold 3 inference with CTRL-C, and do not
use the model parameters.
Found local devices: [CudaDevice(id=0)]
Building model from scratch...
Processing fold inputs.
Processing fold input #1
Processing fold input seq3_cluster1
Checking we can load the model parameters...
Running data pipeline...
Processing chain A
Processing chain A took 0.00 seconds
Output directory: /root/af_output/seq3_cluster1_templated_apo_Jun11_2026_10.58.05AM_22/seq3_cluster1
Writing model input JSON to /root/af_output/seq3_cluster1_templated_apo_Jun11_2026_10.58.05AM_22/seq3_cluster1
Predicting 3D structure for seq3_cluster1 for seed(s) (943838616, 943838617)...
Featurising data for seeds (943838616, 943838617)...
Featurising seq3_cluster1 with rng_seed 943838616.
Featurising seq3_cluster1 with rng_seed 943838616 took 1.90 seconds.
Featurising seq3_cluster1 with rng_seed 943838617.
Featurising seq3_cluster1 with rng_seed 943838617 took 1.84 seconds.
Featurising data for seeds (943838616, 943838617) took  10.26 seconds.
Running model inference for seed 943838616...
Running model inference for seed 943838616 took  41.22 seconds.
Extracting output structures (one per sample) for seed 943838616...
Extracting output structures (one per sample) for seed 943838616 took  0.16 seconds.
Running model inference and extracting output structures for seed 943838616 took  41.38 seconds.
Running model inference for seed 943838617...
Running model inference for seed 943838617 took  7.79 seconds.
Extracting output structures (one per sample) for seed 943838617...
Extracting output structures (one per sample) for seed 943838617 took  0.15 seconds.
Running model inference and extracting output structures for seed 943838617 took  7.93 seconds.
Running model inference and extracting output structures for seeds (943838616, 943838617) took  49.31 seconds.
Writing outputs for seq3_cluster1 for seed(s) (943838616, 943838617)...
Done processing fold input seq3_cluster1.
Done processing 1 fold inputs.
