==> [task 84] pdb_id=seq11_cluster3
==> template CIF: /mnt/gs21/scratch/renaldse/AlphaFold3/inputs/structures/NODES_Proteins/seq11_cluster_repr_3.cif
==> writing JSON: /mnt/gs21/scratch/renaldse/AlphaFold3/inputs/seq11_cluster3_templated_apo_Jun11_2026_11.16.56AM_84.json
==> running AF3 in /mnt/gs21/scratch/renaldse/AlphaFold3/outputs/seq11_cluster3_templated_apo_Jun11_2026_11.16.56AM_84
Running AlphaFold 3. Please note that standard AlphaFold 3 model parameters are
only available under terms of use provided at
https://github.com/google-deepmind/alphafold3/blob/main/WEIGHTS_TERMS_OF_USE.md.
If you do not agree to these terms and are using AlphaFold 3 derived model
parameters, cancel execution of AlphaFold 3 inference with CTRL-C, and do not
use the model parameters.
Found local devices: [CudaDevice(id=0)]
Building model from scratch...
Processing fold inputs.
Processing fold input #1
Processing fold input seq11_cluster3
Checking we can load the model parameters...
Running data pipeline...
Processing chain A
Processing chain A took 0.00 seconds
Output directory: /root/af_output/seq11_cluster3_templated_apo_Jun11_2026_11.16.56AM_84/seq11_cluster3
Writing model input JSON to /root/af_output/seq11_cluster3_templated_apo_Jun11_2026_11.16.56AM_84/seq11_cluster3
Predicting 3D structure for seq11_cluster3 for seed(s) (1473215287, 1473215288)...
Featurising data for seeds (1473215287, 1473215288)...
Featurising seq11_cluster3 with rng_seed 1473215287.
Featurising seq11_cluster3 with rng_seed 1473215287 took 4.89 seconds.
Featurising seq11_cluster3 with rng_seed 1473215288.
Featurising seq11_cluster3 with rng_seed 1473215288 took 4.88 seconds.
Featurising data for seeds (1473215287, 1473215288) took  24.97 seconds.
Running model inference for seed 1473215287...
Running model inference for seed 1473215287 took  52.79 seconds.
Extracting output structures (one per sample) for seed 1473215287...
Extracting output structures (one per sample) for seed 1473215287 took  0.43 seconds.
Running model inference and extracting output structures for seed 1473215287 took  53.21 seconds.
Running model inference for seed 1473215288...
Running model inference for seed 1473215288 took  19.37 seconds.
Extracting output structures (one per sample) for seed 1473215288...
Extracting output structures (one per sample) for seed 1473215288 took  0.62 seconds.
Running model inference and extracting output structures for seed 1473215288 took  19.99 seconds.
Running model inference and extracting output structures for seeds (1473215287, 1473215288) took  73.21 seconds.
Writing outputs for seq11_cluster3 for seed(s) (1473215287, 1473215288)...
Done processing fold input seq11_cluster3.
Done processing 1 fold inputs.
