==> [task 146] pdb_id=seq17_cluster5
==> template CIF: /mnt/gs21/scratch/renaldse/AlphaFold3/inputs/structures/NODES_Proteins/seq17_cluster_repr_5.cif
==> writing JSON: /mnt/gs21/scratch/renaldse/AlphaFold3/inputs/seq17_cluster5_templated_apo_Jun11_2026_12.10.04PM_146.json
==> running AF3 in /mnt/gs21/scratch/renaldse/AlphaFold3/outputs/seq17_cluster5_templated_apo_Jun11_2026_12.10.04PM_146
Running AlphaFold 3. Please note that standard AlphaFold 3 model parameters are
only available under terms of use provided at
https://github.com/google-deepmind/alphafold3/blob/main/WEIGHTS_TERMS_OF_USE.md.
If you do not agree to these terms and are using AlphaFold 3 derived model
parameters, cancel execution of AlphaFold 3 inference with CTRL-C, and do not
use the model parameters.
Found local devices: [CudaDevice(id=0)]
Building model from scratch...
Processing fold inputs.
Processing fold input #1
Processing fold input seq17_cluster5
Checking we can load the model parameters...
Running data pipeline...
Processing chain A
Processing chain A took 0.00 seconds
Output directory: /root/af_output/seq17_cluster5_templated_apo_Jun11_2026_12.10.04PM_146/seq17_cluster5
Writing model input JSON to /root/af_output/seq17_cluster5_templated_apo_Jun11_2026_12.10.04PM_146/seq17_cluster5
Predicting 3D structure for seq17_cluster5 for seed(s) (867348039, 867348040)...
Featurising data for seeds (867348039, 867348040)...
Featurising seq17_cluster5 with rng_seed 867348039.
Featurising seq17_cluster5 with rng_seed 867348039 took 4.09 seconds.
Featurising seq17_cluster5 with rng_seed 867348040.
Featurising seq17_cluster5 with rng_seed 867348040 took 4.07 seconds.
Featurising data for seeds (867348039, 867348040) took  24.95 seconds.
Running model inference for seed 867348039...
Running model inference for seed 867348039 took  52.99 seconds.
Extracting output structures (one per sample) for seed 867348039...
Extracting output structures (one per sample) for seed 867348039 took  0.35 seconds.
Running model inference and extracting output structures for seed 867348039 took  53.34 seconds.
Running model inference for seed 867348040...
Running model inference for seed 867348040 took  19.39 seconds.
Extracting output structures (one per sample) for seed 867348040...
Extracting output structures (one per sample) for seed 867348040 took  0.35 seconds.
Running model inference and extracting output structures for seed 867348040 took  19.74 seconds.
Running model inference and extracting output structures for seeds (867348039, 867348040) took  73.08 seconds.
Writing outputs for seq17_cluster5 for seed(s) (867348039, 867348040)...
Done processing fold input seq17_cluster5.
Done processing 1 fold inputs.
