==> [task 13] pdb_id=seq2_cluster2
==> template CIF: /mnt/gs21/scratch/renaldse/AlphaFold3/inputs/structures/NODES_Proteins/seq2_cluster_repr_2.cif
==> writing JSON: /mnt/gs21/scratch/renaldse/AlphaFold3/inputs/seq2_cluster2_templated_apo_Jun11_2026_10.56.26AM_13.json
==> running AF3 in /mnt/gs21/scratch/renaldse/AlphaFold3/outputs/seq2_cluster2_templated_apo_Jun11_2026_10.56.26AM_13
Running AlphaFold 3. Please note that standard AlphaFold 3 model parameters are
only available under terms of use provided at
https://github.com/google-deepmind/alphafold3/blob/main/WEIGHTS_TERMS_OF_USE.md.
If you do not agree to these terms and are using AlphaFold 3 derived model
parameters, cancel execution of AlphaFold 3 inference with CTRL-C, and do not
use the model parameters.
Found local devices: [CudaDevice(id=0)]
Building model from scratch...
Processing fold inputs.
Processing fold input #1
Processing fold input seq2_cluster2
Checking we can load the model parameters...
Running data pipeline...
Processing chain A
Processing chain A took 0.00 seconds
Output directory: /root/af_output/seq2_cluster2_templated_apo_Jun11_2026_10.56.26AM_13/seq2_cluster2
Writing model input JSON to /root/af_output/seq2_cluster2_templated_apo_Jun11_2026_10.56.26AM_13/seq2_cluster2
Predicting 3D structure for seq2_cluster2 for seed(s) (1317728020, 1317728021)...
Featurising data for seeds (1317728020, 1317728021)...
Featurising seq2_cluster2 with rng_seed 1317728020.
Featurising seq2_cluster2 with rng_seed 1317728020 took 1.43 seconds.
Featurising seq2_cluster2 with rng_seed 1317728021.
Featurising seq2_cluster2 with rng_seed 1317728021 took 1.44 seconds.
Featurising data for seeds (1317728020, 1317728021) took  9.54 seconds.
Running model inference for seed 1317728020...
Running model inference for seed 1317728020 took  40.06 seconds.
Extracting output structures (one per sample) for seed 1317728020...
Extracting output structures (one per sample) for seed 1317728020 took  0.13 seconds.
Running model inference and extracting output structures for seed 1317728020 took  40.19 seconds.
Running model inference for seed 1317728021...
Running model inference for seed 1317728021 took  7.81 seconds.
Extracting output structures (one per sample) for seed 1317728021...
Extracting output structures (one per sample) for seed 1317728021 took  0.12 seconds.
Running model inference and extracting output structures for seed 1317728021 took  7.92 seconds.
Running model inference and extracting output structures for seeds (1317728020, 1317728021) took  48.11 seconds.
Writing outputs for seq2_cluster2 for seed(s) (1317728020, 1317728021)...
Done processing fold input seq2_cluster2.
Done processing 1 fold inputs.
