==> [task 63] pdb_id=seq9_cluster2
==> template CIF: /mnt/gs21/scratch/renaldse/AlphaFold3/inputs/structures/NODES_Proteins/seq9_cluster_repr_2.cif
==> writing JSON: /mnt/gs21/scratch/renaldse/AlphaFold3/inputs/seq9_cluster2_templated_apo_Jun11_2026_11.12.37AM_63.json
==> running AF3 in /mnt/gs21/scratch/renaldse/AlphaFold3/outputs/seq9_cluster2_templated_apo_Jun11_2026_11.12.37AM_63
Running AlphaFold 3. Please note that standard AlphaFold 3 model parameters are
only available under terms of use provided at
https://github.com/google-deepmind/alphafold3/blob/main/WEIGHTS_TERMS_OF_USE.md.
If you do not agree to these terms and are using AlphaFold 3 derived model
parameters, cancel execution of AlphaFold 3 inference with CTRL-C, and do not
use the model parameters.
Found local devices: [CudaDevice(id=0)]
Building model from scratch...
Processing fold inputs.
Processing fold input #1
Processing fold input seq9_cluster2
Checking we can load the model parameters...
Running data pipeline...
Processing chain A
Processing chain A took 0.00 seconds
Output directory: /root/af_output/seq9_cluster2_templated_apo_Jun11_2026_11.12.37AM_63/seq9_cluster2
Writing model input JSON to /root/af_output/seq9_cluster2_templated_apo_Jun11_2026_11.12.37AM_63/seq9_cluster2
Predicting 3D structure for seq9_cluster2 for seed(s) (912921831, 912921832)...
Featurising data for seeds (912921831, 912921832)...
Featurising seq9_cluster2 with rng_seed 912921831.
Featurising seq9_cluster2 with rng_seed 912921831 took 4.52 seconds.
Featurising seq9_cluster2 with rng_seed 912921832.
Featurising seq9_cluster2 with rng_seed 912921832 took 4.47 seconds.
Featurising data for seeds (912921831, 912921832) took  25.61 seconds.
Running model inference for seed 912921831...
Running model inference for seed 912921831 took  53.08 seconds.
Extracting output structures (one per sample) for seed 912921831...
Extracting output structures (one per sample) for seed 912921831 took  0.40 seconds.
Running model inference and extracting output structures for seed 912921831 took  53.47 seconds.
Running model inference for seed 912921832...
Running model inference for seed 912921832 took  19.35 seconds.
Extracting output structures (one per sample) for seed 912921832...
Extracting output structures (one per sample) for seed 912921832 took  0.39 seconds.
Running model inference and extracting output structures for seed 912921832 took  19.73 seconds.
Running model inference and extracting output structures for seeds (912921831, 912921832) took  73.21 seconds.
Writing outputs for seq9_cluster2 for seed(s) (912921831, 912921832)...
Done processing fold input seq9_cluster2.
Done processing 1 fold inputs.
