==> [task 26] pdb_id=seq3_cluster5
==> template CIF: /mnt/gs21/scratch/renaldse/AlphaFold3/inputs/structures/NODES_Proteins/seq3_cluster_repr_5.cif
==> writing JSON: /mnt/gs21/scratch/renaldse/AlphaFold3/inputs/seq3_cluster5_templated_apo_Jun11_2026_10.59.04AM_26.json
==> running AF3 in /mnt/gs21/scratch/renaldse/AlphaFold3/outputs/seq3_cluster5_templated_apo_Jun11_2026_10.59.04AM_26
Running AlphaFold 3. Please note that standard AlphaFold 3 model parameters are
only available under terms of use provided at
https://github.com/google-deepmind/alphafold3/blob/main/WEIGHTS_TERMS_OF_USE.md.
If you do not agree to these terms and are using AlphaFold 3 derived model
parameters, cancel execution of AlphaFold 3 inference with CTRL-C, and do not
use the model parameters.
Found local devices: [CudaDevice(id=0)]
Building model from scratch...
Processing fold inputs.
Processing fold input #1
Processing fold input seq3_cluster5
Checking we can load the model parameters...
Running data pipeline...
Processing chain A
Processing chain A took 0.00 seconds
Output directory: /root/af_output/seq3_cluster5_templated_apo_Jun11_2026_10.59.04AM_26/seq3_cluster5
Writing model input JSON to /root/af_output/seq3_cluster5_templated_apo_Jun11_2026_10.59.04AM_26/seq3_cluster5
Predicting 3D structure for seq3_cluster5 for seed(s) (1059852687, 1059852688)...
Featurising data for seeds (1059852687, 1059852688)...
Featurising seq3_cluster5 with rng_seed 1059852687.
Featurising seq3_cluster5 with rng_seed 1059852687 took 1.86 seconds.
Featurising seq3_cluster5 with rng_seed 1059852688.
Featurising seq3_cluster5 with rng_seed 1059852688 took 1.83 seconds.
Featurising data for seeds (1059852687, 1059852688) took  20.40 seconds.
Running model inference for seed 1059852687...
Running model inference for seed 1059852687 took  41.93 seconds.
Extracting output structures (one per sample) for seed 1059852687...
Extracting output structures (one per sample) for seed 1059852687 took  0.15 seconds.
Running model inference and extracting output structures for seed 1059852687 took  42.08 seconds.
Running model inference for seed 1059852688...
Running model inference for seed 1059852688 took  7.82 seconds.
Extracting output structures (one per sample) for seed 1059852688...
Extracting output structures (one per sample) for seed 1059852688 took  0.14 seconds.
Running model inference and extracting output structures for seed 1059852688 took  7.97 seconds.
Running model inference and extracting output structures for seeds (1059852687, 1059852688) took  50.05 seconds.
Writing outputs for seq3_cluster5 for seed(s) (1059852687, 1059852688)...
Done processing fold input seq3_cluster5.
Done processing 1 fold inputs.
