==> [task 70] pdb_id=seq9_cluster9
==> template CIF: /mnt/gs21/scratch/renaldse/AlphaFold3/inputs/structures/NODES_Proteins/seq9_cluster_repr_9.cif
==> writing JSON: /mnt/gs21/scratch/renaldse/AlphaFold3/inputs/seq9_cluster9_templated_apo_Jun11_2026_11.13.51AM_70.json
==> running AF3 in /mnt/gs21/scratch/renaldse/AlphaFold3/outputs/seq9_cluster9_templated_apo_Jun11_2026_11.13.51AM_70
Running AlphaFold 3. Please note that standard AlphaFold 3 model parameters are
only available under terms of use provided at
https://github.com/google-deepmind/alphafold3/blob/main/WEIGHTS_TERMS_OF_USE.md.
If you do not agree to these terms and are using AlphaFold 3 derived model
parameters, cancel execution of AlphaFold 3 inference with CTRL-C, and do not
use the model parameters.
Found local devices: [CudaDevice(id=0)]
Building model from scratch...
Processing fold inputs.
Processing fold input #1
Processing fold input seq9_cluster9
Checking we can load the model parameters...
Running data pipeline...
Processing chain A
Processing chain A took 0.00 seconds
Output directory: /root/af_output/seq9_cluster9_templated_apo_Jun11_2026_11.13.51AM_70/seq9_cluster9
Writing model input JSON to /root/af_output/seq9_cluster9_templated_apo_Jun11_2026_11.13.51AM_70/seq9_cluster9
Predicting 3D structure for seq9_cluster9 for seed(s) (565759345, 565759346)...
Featurising data for seeds (565759345, 565759346)...
Featurising seq9_cluster9 with rng_seed 565759345.
Featurising seq9_cluster9 with rng_seed 565759345 took 4.49 seconds.
Featurising seq9_cluster9 with rng_seed 565759346.
Featurising seq9_cluster9 with rng_seed 565759346 took 4.45 seconds.
Featurising data for seeds (565759345, 565759346) took  23.97 seconds.
Running model inference for seed 565759345...
Running model inference for seed 565759345 took  53.26 seconds.
Extracting output structures (one per sample) for seed 565759345...
Extracting output structures (one per sample) for seed 565759345 took  0.40 seconds.
Running model inference and extracting output structures for seed 565759345 took  53.66 seconds.
Running model inference for seed 565759346...
Running model inference for seed 565759346 took  19.34 seconds.
Extracting output structures (one per sample) for seed 565759346...
Extracting output structures (one per sample) for seed 565759346 took  0.39 seconds.
Running model inference and extracting output structures for seed 565759346 took  19.73 seconds.
Running model inference and extracting output structures for seeds (565759345, 565759346) took  73.39 seconds.
Writing outputs for seq9_cluster9 for seed(s) (565759345, 565759346)...
Done processing fold input seq9_cluster9.
Done processing 1 fold inputs.
