==> [task 73] pdb_id=seq10_cluster2
==> template CIF: /mnt/gs21/scratch/renaldse/AlphaFold3/inputs/structures/NODES_Proteins/seq10_cluster_repr_2.cif
==> writing JSON: /mnt/gs21/scratch/renaldse/AlphaFold3/inputs/seq10_cluster2_templated_apo_Jun11_2026_11.13.50AM_73.json
==> running AF3 in /mnt/gs21/scratch/renaldse/AlphaFold3/outputs/seq10_cluster2_templated_apo_Jun11_2026_11.13.50AM_73
Running AlphaFold 3. Please note that standard AlphaFold 3 model parameters are
only available under terms of use provided at
https://github.com/google-deepmind/alphafold3/blob/main/WEIGHTS_TERMS_OF_USE.md.
If you do not agree to these terms and are using AlphaFold 3 derived model
parameters, cancel execution of AlphaFold 3 inference with CTRL-C, and do not
use the model parameters.
Found local devices: [CudaDevice(id=0)]
Building model from scratch...
Processing fold inputs.
Processing fold input #1
Processing fold input seq10_cluster2
Checking we can load the model parameters...
Running data pipeline...
Processing chain A
Processing chain A took 0.00 seconds
Output directory: /root/af_output/seq10_cluster2_templated_apo_Jun11_2026_11.13.50AM_73/seq10_cluster2
Writing model input JSON to /root/af_output/seq10_cluster2_templated_apo_Jun11_2026_11.13.50AM_73/seq10_cluster2
Predicting 3D structure for seq10_cluster2 for seed(s) (1326063773, 1326063774)...
Featurising data for seeds (1326063773, 1326063774)...
Featurising seq10_cluster2 with rng_seed 1326063773.
Featurising seq10_cluster2 with rng_seed 1326063773 took 5.03 seconds.
Featurising seq10_cluster2 with rng_seed 1326063774.
Featurising seq10_cluster2 with rng_seed 1326063774 took 5.09 seconds.
Featurising data for seeds (1326063773, 1326063774) took  26.04 seconds.
Running model inference for seed 1326063773...
Running model inference for seed 1326063773 took  52.09 seconds.
Extracting output structures (one per sample) for seed 1326063773...
Extracting output structures (one per sample) for seed 1326063773 took  0.44 seconds.
Running model inference and extracting output structures for seed 1326063773 took  52.52 seconds.
Running model inference for seed 1326063774...
Running model inference for seed 1326063774 took  19.35 seconds.
Extracting output structures (one per sample) for seed 1326063774...
Extracting output structures (one per sample) for seed 1326063774 took  0.43 seconds.
Running model inference and extracting output structures for seed 1326063774 took  19.78 seconds.
Running model inference and extracting output structures for seeds (1326063773, 1326063774) took  72.31 seconds.
Writing outputs for seq10_cluster2 for seed(s) (1326063773, 1326063774)...
Done processing fold input seq10_cluster2.
Done processing 1 fold inputs.
