==> [task 14] pdb_id=seq15
==> writing JSON: /mnt/gs21/scratch/renaldse/AlphaFold3/inputs/seq15_apo_May22_2026_6.04PM.json
==> running AF3 (expected 7 structures) in /mnt/gs21/scratch/renaldse/AlphaFold3/outputs/seq15_apo_May22_2026_6.04PM
Running AlphaFold 3. Please note that standard AlphaFold 3 model parameters are
only available under terms of use provided at
https://github.com/google-deepmind/alphafold3/blob/main/WEIGHTS_TERMS_OF_USE.md.
If you do not agree to these terms and are using AlphaFold 3 derived model
parameters, cancel execution of AlphaFold 3 inference with CTRL-C, and do not
use the model parameters.
Found local devices: [CudaDevice(id=0)]
Building model from scratch...
Processing fold inputs.
Processing fold input #1
Processing fold input seq15
Checking we can load the model parameters...
Running data pipeline...
Processing chain A
Processing chain A took 747.57 seconds
Output directory: /root/af_output/seq15_apo_May22_2026_6.04PM/seq15
Writing model input JSON to /root/af_output/seq15_apo_May22_2026_6.04PM/seq15
Predicting 3D structure for seq15 for seed(s) (829795272,)...
Featurising data for seeds (829795272,)...
Featurising seq15 with rng_seed 829795272.
Featurising seq15 with rng_seed 829795272 took 1.46 seconds.
Featurising data for seeds (829795272,) took  5.90 seconds.
Running model inference for seed 829795272...
Running model inference for seed 829795272 took  43.65 seconds.
Extracting output structures (one per sample) for seed 829795272...
Extracting output structures (one per sample) for seed 829795272 took  0.09 seconds.
Running model inference and extracting output structures for seed 829795272 took  43.74 seconds.
Running model inference and extracting output structures for seeds (829795272,) took  43.74 seconds.
Writing outputs for seq15 for seed(s) (829795272,)...
Done processing fold input seq15.
Done processing 1 fold inputs.
