==> [task 5] pdb_id=seq1_cluster4
==> template CIF: /mnt/gs21/scratch/renaldse/AlphaFold3/inputs/structures/NODES_Proteins/seq1_cluster_repr_4.cif
==> writing JSON: /mnt/gs21/scratch/renaldse/AlphaFold3/inputs/seq1_cluster4_templated_apo_Jun11_2026_10.52.13AM_5.json
==> running AF3 in /mnt/gs21/scratch/renaldse/AlphaFold3/outputs/seq1_cluster4_templated_apo_Jun11_2026_10.52.13AM_5
Running AlphaFold 3. Please note that standard AlphaFold 3 model parameters are
only available under terms of use provided at
https://github.com/google-deepmind/alphafold3/blob/main/WEIGHTS_TERMS_OF_USE.md.
If you do not agree to these terms and are using AlphaFold 3 derived model
parameters, cancel execution of AlphaFold 3 inference with CTRL-C, and do not
use the model parameters.
Found local devices: [CudaDevice(id=0)]
Building model from scratch...
Processing fold inputs.
Processing fold input #1
Processing fold input seq1_cluster4
Checking we can load the model parameters...
Running data pipeline...
Processing chain A
Processing chain A took 0.00 seconds
Output directory: /root/af_output/seq1_cluster4_templated_apo_Jun11_2026_10.52.13AM_5/seq1_cluster4
Writing model input JSON to /root/af_output/seq1_cluster4_templated_apo_Jun11_2026_10.52.13AM_5/seq1_cluster4
Predicting 3D structure for seq1_cluster4 for seed(s) (1289679146, 1289679147)...
Featurising data for seeds (1289679146, 1289679147)...
Featurising seq1_cluster4 with rng_seed 1289679146.
Featurising seq1_cluster4 with rng_seed 1289679146 took 3.66 seconds.
Featurising seq1_cluster4 with rng_seed 1289679147.
Featurising seq1_cluster4 with rng_seed 1289679147 took 3.64 seconds.
Featurising data for seeds (1289679146, 1289679147) took  23.95 seconds.
Running model inference for seed 1289679146...
Running model inference for seed 1289679146 took  53.19 seconds.
Extracting output structures (one per sample) for seed 1289679146...
Extracting output structures (one per sample) for seed 1289679146 took  0.33 seconds.
Running model inference and extracting output structures for seed 1289679146 took  53.52 seconds.
Running model inference for seed 1289679147...
Running model inference for seed 1289679147 took  19.35 seconds.
Extracting output structures (one per sample) for seed 1289679147...
Extracting output structures (one per sample) for seed 1289679147 took  0.31 seconds.
Running model inference and extracting output structures for seed 1289679147 took  19.66 seconds.
Running model inference and extracting output structures for seeds (1289679146, 1289679147) took  73.18 seconds.
Writing outputs for seq1_cluster4 for seed(s) (1289679146, 1289679147)...
Done processing fold input seq1_cluster4.
Done processing 1 fold inputs.
