==> [task 141] pdb_id=seq17_cluster0
==> template CIF: /mnt/gs21/scratch/renaldse/AlphaFold3/inputs/structures/NODES_Proteins/seq17_cluster_repr_0.cif
==> writing JSON: /mnt/gs21/scratch/renaldse/AlphaFold3/inputs/seq17_cluster0_templated_apo_Jun11_2026_12.04.53PM_141.json
==> running AF3 in /mnt/gs21/scratch/renaldse/AlphaFold3/outputs/seq17_cluster0_templated_apo_Jun11_2026_12.04.53PM_141
Running AlphaFold 3. Please note that standard AlphaFold 3 model parameters are
only available under terms of use provided at
https://github.com/google-deepmind/alphafold3/blob/main/WEIGHTS_TERMS_OF_USE.md.
If you do not agree to these terms and are using AlphaFold 3 derived model
parameters, cancel execution of AlphaFold 3 inference with CTRL-C, and do not
use the model parameters.
Found local devices: [CudaDevice(id=0)]
Building model from scratch...
Processing fold inputs.
Processing fold input #1
Processing fold input seq17_cluster0
Checking we can load the model parameters...
Running data pipeline...
Processing chain A
Processing chain A took 0.00 seconds
Output directory: /root/af_output/seq17_cluster0_templated_apo_Jun11_2026_12.04.53PM_141/seq17_cluster0
Writing model input JSON to /root/af_output/seq17_cluster0_templated_apo_Jun11_2026_12.04.53PM_141/seq17_cluster0
Predicting 3D structure for seq17_cluster0 for seed(s) (1138252490, 1138252491)...
Featurising data for seeds (1138252490, 1138252491)...
Featurising seq17_cluster0 with rng_seed 1138252490.
Featurising seq17_cluster0 with rng_seed 1138252490 took 4.18 seconds.
Featurising seq17_cluster0 with rng_seed 1138252491.
Featurising seq17_cluster0 with rng_seed 1138252491 took 4.15 seconds.
Featurising data for seeds (1138252490, 1138252491) took  14.90 seconds.
Running model inference for seed 1138252490...
Running model inference for seed 1138252490 took  51.67 seconds.
Extracting output structures (one per sample) for seed 1138252490...
Extracting output structures (one per sample) for seed 1138252490 took  0.36 seconds.
Running model inference and extracting output structures for seed 1138252490 took  52.03 seconds.
Running model inference for seed 1138252491...
Running model inference for seed 1138252491 took  19.35 seconds.
Extracting output structures (one per sample) for seed 1138252491...
Extracting output structures (one per sample) for seed 1138252491 took  0.35 seconds.
Running model inference and extracting output structures for seed 1138252491 took  19.70 seconds.
Running model inference and extracting output structures for seeds (1138252490, 1138252491) took  71.73 seconds.
Writing outputs for seq17_cluster0 for seed(s) (1138252490, 1138252491)...
Done processing fold input seq17_cluster0.
Done processing 1 fold inputs.
