==> [task 18] pdb_id=seq10
==> template CIF: /mnt/gs21/scratch/renaldse/AlphaFold3/outputs/seq10_apo_May26_2026_10.55AM/seq10/seed-1092575054_sample-0/model.cif
==> writing JSON: /mnt/gs21/scratch/renaldse/AlphaFold3/inputs/seq10_templated_apo_May27_2026_10.35.13AM.json
==> running AF3 in /mnt/gs21/scratch/renaldse/AlphaFold3/outputs/seq10_templated_apo_May27_2026_10.35.13AM
Running AlphaFold 3. Please note that standard AlphaFold 3 model parameters are
only available under terms of use provided at
https://github.com/google-deepmind/alphafold3/blob/main/WEIGHTS_TERMS_OF_USE.md.
If you do not agree to these terms and are using AlphaFold 3 derived model
parameters, cancel execution of AlphaFold 3 inference with CTRL-C, and do not
use the model parameters.
Found local devices: [CudaDevice(id=0)]
Building model from scratch...
Processing fold inputs.
Processing fold input #1
Processing fold input seq10
Checking we can load the model parameters...
Running data pipeline...
Processing chain A
Processing chain A took 0.00 seconds
Output directory: /root/af_output/seq10_templated_apo_May27_2026_10.35.13AM/seq10
Writing model input JSON to /root/af_output/seq10_templated_apo_May27_2026_10.35.13AM/seq10
Predicting 3D structure for seq10 for seed(s) (1092575053, 1092575054)...
Featurising data for seeds (1092575053, 1092575054)...
Featurising seq10 with rng_seed 1092575053.
Featurising seq10 with rng_seed 1092575053 took 5.01 seconds.
Featurising seq10 with rng_seed 1092575054.
Featurising seq10 with rng_seed 1092575054 took 4.96 seconds.
Featurising data for seeds (1092575053, 1092575054) took  14.68 seconds.
Running model inference for seed 1092575053...
Running model inference for seed 1092575053 took  53.82 seconds.
Extracting output structures (one per sample) for seed 1092575053...
Extracting output structures (one per sample) for seed 1092575053 took  0.44 seconds.
Running model inference and extracting output structures for seed 1092575053 took  54.26 seconds.
Running model inference for seed 1092575054...
Running model inference for seed 1092575054 took  19.39 seconds.
Extracting output structures (one per sample) for seed 1092575054...
Extracting output structures (one per sample) for seed 1092575054 took  0.43 seconds.
Running model inference and extracting output structures for seed 1092575054 took  19.82 seconds.
Running model inference and extracting output structures for seeds (1092575053, 1092575054) took  74.07 seconds.
Writing outputs for seq10 for seed(s) (1092575053, 1092575054)...
Done processing fold input seq10.
Done processing 1 fold inputs.
