==> [task 24] pdb_id=seq13
==> template CIF: /mnt/gs21/scratch/renaldse/AlphaFold3/outputs/seq13_apo_May26_2026_10.55AM/seq13/seed-1477840626_sample-0/model.cif
==> writing JSON: /mnt/gs21/scratch/renaldse/AlphaFold3/inputs/seq13_templated_apo_May27_2026_9.35AM.json
==> running AF3 in /mnt/gs21/scratch/renaldse/AlphaFold3/outputs/seq13_templated_apo_May27_2026_9.35AM
Running AlphaFold 3. Please note that standard AlphaFold 3 model parameters are
only available under terms of use provided at
https://github.com/google-deepmind/alphafold3/blob/main/WEIGHTS_TERMS_OF_USE.md.
If you do not agree to these terms and are using AlphaFold 3 derived model
parameters, cancel execution of AlphaFold 3 inference with CTRL-C, and do not
use the model parameters.
Found local devices: [CudaDevice(id=0)]
Building model from scratch...
Processing fold inputs.
Processing fold input #1
Processing fold input seq13
Checking we can load the model parameters...
Running data pipeline...
Processing chain A
Processing chain A took 0.00 seconds
Output directory: /root/af_output/seq13_templated_apo_May27_2026_9.35AM/seq13
Writing model input JSON to /root/af_output/seq13_templated_apo_May27_2026_9.35AM/seq13
Predicting 3D structure for seq13 for seed(s) (1477840625, 1477840626)...
Featurising data for seeds (1477840625, 1477840626)...
Featurising seq13 with rng_seed 1477840625.
Featurising seq13 with rng_seed 1477840625 took 4.37 seconds.
Featurising seq13 with rng_seed 1477840626.
Featurising seq13 with rng_seed 1477840626 took 4.38 seconds.
Featurising data for seeds (1477840625, 1477840626) took  15.27 seconds.
Running model inference for seed 1477840625...
Running model inference for seed 1477840625 took  51.43 seconds.
Extracting output structures (one per sample) for seed 1477840625...
Extracting output structures (one per sample) for seed 1477840625 took  0.39 seconds.
Running model inference and extracting output structures for seed 1477840625 took  51.82 seconds.
Running model inference for seed 1477840626...
Running model inference for seed 1477840626 took  19.38 seconds.
Extracting output structures (one per sample) for seed 1477840626...
Extracting output structures (one per sample) for seed 1477840626 took  0.37 seconds.
Running model inference and extracting output structures for seed 1477840626 took  19.74 seconds.
Running model inference and extracting output structures for seeds (1477840625, 1477840626) took  71.56 seconds.
Writing outputs for seq13 for seed(s) (1477840625, 1477840626)...
Done processing fold input seq13.
Done processing 1 fold inputs.
