==> [task 2] pdb_id=seq1_cluster1
==> template CIF: /mnt/gs21/scratch/renaldse/AlphaFold3/inputs/structures/NODES_Proteins/seq1_cluster_repr_1.cif
==> writing JSON: /mnt/gs21/scratch/renaldse/AlphaFold3/inputs/seq1_cluster1_templated_apo_Jun11_2026_10.50.11AM_2.json
==> running AF3 in /mnt/gs21/scratch/renaldse/AlphaFold3/outputs/seq1_cluster1_templated_apo_Jun11_2026_10.50.11AM_2
Running AlphaFold 3. Please note that standard AlphaFold 3 model parameters are
only available under terms of use provided at
https://github.com/google-deepmind/alphafold3/blob/main/WEIGHTS_TERMS_OF_USE.md.
If you do not agree to these terms and are using AlphaFold 3 derived model
parameters, cancel execution of AlphaFold 3 inference with CTRL-C, and do not
use the model parameters.
Found local devices: [CudaDevice(id=0)]
Building model from scratch...
Processing fold inputs.
Processing fold input #1
Processing fold input seq1_cluster1
Checking we can load the model parameters...
Running data pipeline...
Processing chain A
Processing chain A took 0.00 seconds
Output directory: /root/af_output/seq1_cluster1_templated_apo_Jun11_2026_10.50.11AM_2/seq1_cluster1
Writing model input JSON to /root/af_output/seq1_cluster1_templated_apo_Jun11_2026_10.50.11AM_2/seq1_cluster1
Predicting 3D structure for seq1_cluster1 for seed(s) (1018430891, 1018430892)...
Featurising data for seeds (1018430891, 1018430892)...
Featurising seq1_cluster1 with rng_seed 1018430891.
Featurising seq1_cluster1 with rng_seed 1018430891 took 3.63 seconds.
Featurising seq1_cluster1 with rng_seed 1018430892.
Featurising seq1_cluster1 with rng_seed 1018430892 took 3.59 seconds.
Featurising data for seeds (1018430891, 1018430892) took  23.97 seconds.
Running model inference for seed 1018430891...
Running model inference for seed 1018430891 took  53.27 seconds.
Extracting output structures (one per sample) for seed 1018430891...
Extracting output structures (one per sample) for seed 1018430891 took  0.32 seconds.
Running model inference and extracting output structures for seed 1018430891 took  53.58 seconds.
Running model inference for seed 1018430892...
Running model inference for seed 1018430892 took  19.36 seconds.
Extracting output structures (one per sample) for seed 1018430892...
Extracting output structures (one per sample) for seed 1018430892 took  0.32 seconds.
Running model inference and extracting output structures for seed 1018430892 took  19.67 seconds.
Running model inference and extracting output structures for seeds (1018430891, 1018430892) took  73.26 seconds.
Writing outputs for seq1_cluster1 for seed(s) (1018430891, 1018430892)...
Done processing fold input seq1_cluster1.
Done processing 1 fold inputs.
