==> [task 82] pdb_id=seq11_cluster1
==> template CIF: /mnt/gs21/scratch/renaldse/AlphaFold3/inputs/structures/NODES_Proteins/seq11_cluster_repr_1.cif
==> writing JSON: /mnt/gs21/scratch/renaldse/AlphaFold3/inputs/seq11_cluster1_templated_apo_Jun11_2026_11.16.48AM_82.json
==> running AF3 in /mnt/gs21/scratch/renaldse/AlphaFold3/outputs/seq11_cluster1_templated_apo_Jun11_2026_11.16.48AM_82
Running AlphaFold 3. Please note that standard AlphaFold 3 model parameters are
only available under terms of use provided at
https://github.com/google-deepmind/alphafold3/blob/main/WEIGHTS_TERMS_OF_USE.md.
If you do not agree to these terms and are using AlphaFold 3 derived model
parameters, cancel execution of AlphaFold 3 inference with CTRL-C, and do not
use the model parameters.
Found local devices: [CudaDevice(id=0)]
Building model from scratch...
Processing fold inputs.
Processing fold input #1
Processing fold input seq11_cluster1
Checking we can load the model parameters...
Running data pipeline...
Processing chain A
Processing chain A took 0.00 seconds
Output directory: /root/af_output/seq11_cluster1_templated_apo_Jun11_2026_11.16.48AM_82/seq11_cluster1
Writing model input JSON to /root/af_output/seq11_cluster1_templated_apo_Jun11_2026_11.16.48AM_82/seq11_cluster1
Predicting 3D structure for seq11_cluster1 for seed(s) (968956441, 968956442)...
Featurising data for seeds (968956441, 968956442)...
Featurising seq11_cluster1 with rng_seed 968956441.
Featurising seq11_cluster1 with rng_seed 968956441 took 4.99 seconds.
Featurising seq11_cluster1 with rng_seed 968956442.
Featurising seq11_cluster1 with rng_seed 968956442 took 4.93 seconds.
Featurising data for seeds (968956441, 968956442) took  26.35 seconds.
Running model inference for seed 968956441...
Running model inference for seed 968956441 took  53.31 seconds.
Extracting output structures (one per sample) for seed 968956441...
Extracting output structures (one per sample) for seed 968956441 took  0.42 seconds.
Running model inference and extracting output structures for seed 968956441 took  53.73 seconds.
Running model inference for seed 968956442...
Running model inference for seed 968956442 took  19.35 seconds.
Extracting output structures (one per sample) for seed 968956442...
Extracting output structures (one per sample) for seed 968956442 took  0.61 seconds.
Running model inference and extracting output structures for seed 968956442 took  19.97 seconds.
Running model inference and extracting output structures for seeds (968956441, 968956442) took  73.70 seconds.
Writing outputs for seq11_cluster1 for seed(s) (968956441, 968956442)...
Done processing fold input seq11_cluster1.
Done processing 1 fold inputs.
