==> [task 42] pdb_id=seq6_cluster1
==> template CIF: /mnt/gs21/scratch/renaldse/AlphaFold3/inputs/structures/NODES_Proteins/seq6_cluster_repr_1.cif
==> writing JSON: /mnt/gs21/scratch/renaldse/AlphaFold3/inputs/seq6_cluster1_templated_apo_Jun11_2026_11.02.16AM_42.json
==> running AF3 in /mnt/gs21/scratch/renaldse/AlphaFold3/outputs/seq6_cluster1_templated_apo_Jun11_2026_11.02.16AM_42
Running AlphaFold 3. Please note that standard AlphaFold 3 model parameters are
only available under terms of use provided at
https://github.com/google-deepmind/alphafold3/blob/main/WEIGHTS_TERMS_OF_USE.md.
If you do not agree to these terms and are using AlphaFold 3 derived model
parameters, cancel execution of AlphaFold 3 inference with CTRL-C, and do not
use the model parameters.
Found local devices: [CudaDevice(id=0)]
Building model from scratch...
Processing fold inputs.
Processing fold input #1
Processing fold input seq6_cluster1
Checking we can load the model parameters...
Running data pipeline...
Processing chain A
Processing chain A took 0.00 seconds
Output directory: /root/af_output/seq6_cluster1_templated_apo_Jun11_2026_11.02.16AM_42/seq6_cluster1
Writing model input JSON to /root/af_output/seq6_cluster1_templated_apo_Jun11_2026_11.02.16AM_42/seq6_cluster1
Predicting 3D structure for seq6_cluster1 for seed(s) (1583881938, 1583881939)...
Featurising data for seeds (1583881938, 1583881939)...
Featurising seq6_cluster1 with rng_seed 1583881938.
Featurising seq6_cluster1 with rng_seed 1583881938 took 11.94 seconds.
Featurising seq6_cluster1 with rng_seed 1583881939.
Featurising seq6_cluster1 with rng_seed 1583881939 took 12.34 seconds.
Featurising data for seeds (1583881938, 1583881939) took  28.93 seconds.
Running model inference for seed 1583881938...
Running model inference for seed 1583881938 took  130.59 seconds.
Extracting output structures (one per sample) for seed 1583881938...
Extracting output structures (one per sample) for seed 1583881938 took  1.50 seconds.
Running model inference and extracting output structures for seed 1583881938 took  132.10 seconds.
Running model inference for seed 1583881939...
Running model inference for seed 1583881939 took  98.08 seconds.
Extracting output structures (one per sample) for seed 1583881939...
Extracting output structures (one per sample) for seed 1583881939 took  1.67 seconds.
Running model inference and extracting output structures for seed 1583881939 took  99.75 seconds.
Running model inference and extracting output structures for seeds (1583881938, 1583881939) took  231.84 seconds.
Writing outputs for seq6_cluster1 for seed(s) (1583881938, 1583881939)...
Done processing fold input seq6_cluster1.
Done processing 1 fold inputs.
