==> [task 27] pdb_id=seq3_cluster6
==> template CIF: /mnt/gs21/scratch/renaldse/AlphaFold3/inputs/structures/NODES_Proteins/seq3_cluster_repr_6.cif
==> writing JSON: /mnt/gs21/scratch/renaldse/AlphaFold3/inputs/seq3_cluster6_templated_apo_Jun11_2026_10.59.21AM_27.json
==> running AF3 in /mnt/gs21/scratch/renaldse/AlphaFold3/outputs/seq3_cluster6_templated_apo_Jun11_2026_10.59.21AM_27
Running AlphaFold 3. Please note that standard AlphaFold 3 model parameters are
only available under terms of use provided at
https://github.com/google-deepmind/alphafold3/blob/main/WEIGHTS_TERMS_OF_USE.md.
If you do not agree to these terms and are using AlphaFold 3 derived model
parameters, cancel execution of AlphaFold 3 inference with CTRL-C, and do not
use the model parameters.
Found local devices: [CudaDevice(id=0)]
Building model from scratch...
Processing fold inputs.
Processing fold input #1
Processing fold input seq3_cluster6
Checking we can load the model parameters...
Running data pipeline...
Processing chain A
Processing chain A took 0.00 seconds
Output directory: /root/af_output/seq3_cluster6_templated_apo_Jun11_2026_10.59.21AM_27/seq3_cluster6
Writing model input JSON to /root/af_output/seq3_cluster6_templated_apo_Jun11_2026_10.59.21AM_27/seq3_cluster6
Predicting 3D structure for seq3_cluster6 for seed(s) (639975479, 639975480)...
Featurising data for seeds (639975479, 639975480)...
Featurising seq3_cluster6 with rng_seed 639975479.
Featurising seq3_cluster6 with rng_seed 639975479 took 1.86 seconds.
Featurising seq3_cluster6 with rng_seed 639975480.
Featurising seq3_cluster6 with rng_seed 639975480 took 1.88 seconds.
Featurising data for seeds (639975479, 639975480) took  20.32 seconds.
Running model inference for seed 639975479...
Running model inference for seed 639975479 took  41.25 seconds.
Extracting output structures (one per sample) for seed 639975479...
Extracting output structures (one per sample) for seed 639975479 took  0.16 seconds.
Running model inference and extracting output structures for seed 639975479 took  41.41 seconds.
Running model inference for seed 639975480...
Running model inference for seed 639975480 took  7.79 seconds.
Extracting output structures (one per sample) for seed 639975480...
Extracting output structures (one per sample) for seed 639975480 took  0.14 seconds.
Running model inference and extracting output structures for seed 639975480 took  7.93 seconds.
Running model inference and extracting output structures for seeds (639975479, 639975480) took  49.34 seconds.
Writing outputs for seq3_cluster6 for seed(s) (639975479, 639975480)...
Done processing fold input seq3_cluster6.
Done processing 1 fold inputs.
