==> [task 15] pdb_id=seq16
==> writing JSON: /mnt/gs21/scratch/renaldse/AlphaFold3/inputs/seq16_apo_May26_2026_9.32AM.json
==> running AF3 (expected 7 structures) in /mnt/gs21/scratch/renaldse/AlphaFold3/outputs/seq16_apo_May26_2026_9.32AM
Running AlphaFold 3. Please note that standard AlphaFold 3 model parameters are
only available under terms of use provided at
https://github.com/google-deepmind/alphafold3/blob/main/WEIGHTS_TERMS_OF_USE.md.
If you do not agree to these terms and are using AlphaFold 3 derived model
parameters, cancel execution of AlphaFold 3 inference with CTRL-C, and do not
use the model parameters.
Found local devices: [CudaDevice(id=0)]
Building model from scratch...
Processing fold inputs.
Processing fold input #1
Processing fold input seq16
Checking we can load the model parameters...
Running data pipeline...
Processing chain A
Processing chain A took 778.86 seconds
Output directory: /root/af_output/seq16_apo_May26_2026_9.32AM/seq16
Writing model input JSON to /root/af_output/seq16_apo_May26_2026_9.32AM/seq16
Predicting 3D structure for seq16 for seed(s) (679279232,)...
Featurising data for seeds (679279232,)...
Featurising seq16 with rng_seed 679279232.
Featurising seq16 with rng_seed 679279232 took 2.59 seconds.
Featurising data for seeds (679279232,) took  9.09 seconds.
Running model inference for seed 679279232...
Running model inference for seed 679279232 took  40.86 seconds.
Extracting output structures (one per sample) for seed 679279232...
Extracting output structures (one per sample) for seed 679279232 took  0.22 seconds.
Running model inference and extracting output structures for seed 679279232 took  41.08 seconds.
Running model inference and extracting output structures for seeds (679279232,) took  41.08 seconds.
Writing outputs for seq16 for seed(s) (679279232,)...
Done processing fold input seq16.
Done processing 1 fold inputs.
