==> [task 2] pdb_id=seq5_cluster7_run2
==> template CIF: /mnt/gs21/scratch/renaldse/AlphaFold3/inputs/structures/NODES_Proteins/seq5_cluster_repr_7.cif
==> writing JSON: /mnt/gs21/scratch/renaldse/AlphaFold3/inputs/seq5_cluster7_run2_templated_apo_Jun1_2026_11.33.53AM_2.json
==> running AF3 in /mnt/gs21/scratch/renaldse/AlphaFold3/outputs/seq5_cluster7_run2_templated_apo_Jun1_2026_11.33.53AM_2
Running AlphaFold 3. Please note that standard AlphaFold 3 model parameters are
only available under terms of use provided at
https://github.com/google-deepmind/alphafold3/blob/main/WEIGHTS_TERMS_OF_USE.md.
If you do not agree to these terms and are using AlphaFold 3 derived model
parameters, cancel execution of AlphaFold 3 inference with CTRL-C, and do not
use the model parameters.
Found local devices: [CudaDevice(id=0)]
Building model from scratch...
Processing fold inputs.
Processing fold input #1
Processing fold input seq5_cluster7_run2
Checking we can load the model parameters...
Running data pipeline...
Processing chain A
Processing chain A took 0.00 seconds
Output directory: /root/af_output/seq5_cluster7_run2_templated_apo_Jun1_2026_11.33.53AM_2/seq5_cluster7_run2
Writing model input JSON to /root/af_output/seq5_cluster7_run2_templated_apo_Jun1_2026_11.33.53AM_2/seq5_cluster7_run2
Predicting 3D structure for seq5_cluster7_run2 for seed(s) (2102357858, 2102357859)...
Featurising data for seeds (2102357858, 2102357859)...
Featurising seq5_cluster7_run2 with rng_seed 2102357858.
Featurising seq5_cluster7_run2 with rng_seed 2102357858 took 1.90 seconds.
Featurising seq5_cluster7_run2 with rng_seed 2102357859.
Featurising seq5_cluster7_run2 with rng_seed 2102357859 took 1.91 seconds.
Featurising data for seeds (2102357858, 2102357859) took  10.29 seconds.
Running model inference for seed 2102357858...
Running model inference for seed 2102357858 took  39.40 seconds.
Extracting output structures (one per sample) for seed 2102357858...
Extracting output structures (one per sample) for seed 2102357858 took  0.17 seconds.
Running model inference and extracting output structures for seed 2102357858 took  39.57 seconds.
Running model inference for seed 2102357859...
Running model inference for seed 2102357859 took  7.80 seconds.
Extracting output structures (one per sample) for seed 2102357859...
Extracting output structures (one per sample) for seed 2102357859 took  0.15 seconds.
Running model inference and extracting output structures for seed 2102357859 took  7.96 seconds.
Running model inference and extracting output structures for seeds (2102357858, 2102357859) took  47.52 seconds.
Writing outputs for seq5_cluster7_run2 for seed(s) (2102357858, 2102357859)...
Done processing fold input seq5_cluster7_run2.
Done processing 1 fold inputs.
