==> [task 57] pdb_id=seq7_cluster6
==> template CIF: /mnt/gs21/scratch/renaldse/AlphaFold3/inputs/structures/NODES_Proteins/seq7_cluster_repr_6.cif
==> writing JSON: /mnt/gs21/scratch/renaldse/AlphaFold3/inputs/seq7_cluster6_templated_apo_Jun11_2026_11.10.40AM_57.json
==> running AF3 in /mnt/gs21/scratch/renaldse/AlphaFold3/outputs/seq7_cluster6_templated_apo_Jun11_2026_11.10.40AM_57
Running AlphaFold 3. Please note that standard AlphaFold 3 model parameters are
only available under terms of use provided at
https://github.com/google-deepmind/alphafold3/blob/main/WEIGHTS_TERMS_OF_USE.md.
If you do not agree to these terms and are using AlphaFold 3 derived model
parameters, cancel execution of AlphaFold 3 inference with CTRL-C, and do not
use the model parameters.
Found local devices: [CudaDevice(id=0)]
Building model from scratch...
Processing fold inputs.
Processing fold input #1
Processing fold input seq7_cluster6
Checking we can load the model parameters...
Running data pipeline...
Processing chain A
Processing chain A took 0.00 seconds
Output directory: /root/af_output/seq7_cluster6_templated_apo_Jun11_2026_11.10.40AM_57/seq7_cluster6
Writing model input JSON to /root/af_output/seq7_cluster6_templated_apo_Jun11_2026_11.10.40AM_57/seq7_cluster6
Predicting 3D structure for seq7_cluster6 for seed(s) (802086989, 802086990)...
Featurising data for seeds (802086989, 802086990)...
Featurising seq7_cluster6 with rng_seed 802086989.
Featurising seq7_cluster6 with rng_seed 802086989 took 1.75 seconds.
Featurising seq7_cluster6 with rng_seed 802086990.
Featurising seq7_cluster6 with rng_seed 802086990 took 1.73 seconds.
Featurising data for seeds (802086989, 802086990) took  20.20 seconds.
Running model inference for seed 802086989...
Running model inference for seed 802086989 took  40.72 seconds.
Extracting output structures (one per sample) for seed 802086989...
Extracting output structures (one per sample) for seed 802086989 took  0.14 seconds.
Running model inference and extracting output structures for seed 802086989 took  40.86 seconds.
Running model inference for seed 802086990...
Running model inference for seed 802086990 took  7.81 seconds.
Extracting output structures (one per sample) for seed 802086990...
Extracting output structures (one per sample) for seed 802086990 took  0.14 seconds.
Running model inference and extracting output structures for seed 802086990 took  7.95 seconds.
Running model inference and extracting output structures for seeds (802086989, 802086990) took  48.81 seconds.
Writing outputs for seq7_cluster6 for seed(s) (802086989, 802086990)...
Done processing fold input seq7_cluster6.
Done processing 1 fold inputs.
