==> [task 19] pdb_id=seq2_cluster8
==> template CIF: /mnt/gs21/scratch/renaldse/AlphaFold3/inputs/structures/NODES_Proteins/seq2_cluster_repr_8.cif
==> writing JSON: /mnt/gs21/scratch/renaldse/AlphaFold3/inputs/seq2_cluster8_templated_apo_Jun11_2026_10.57.49AM_19.json
==> running AF3 in /mnt/gs21/scratch/renaldse/AlphaFold3/outputs/seq2_cluster8_templated_apo_Jun11_2026_10.57.49AM_19
Running AlphaFold 3. Please note that standard AlphaFold 3 model parameters are
only available under terms of use provided at
https://github.com/google-deepmind/alphafold3/blob/main/WEIGHTS_TERMS_OF_USE.md.
If you do not agree to these terms and are using AlphaFold 3 derived model
parameters, cancel execution of AlphaFold 3 inference with CTRL-C, and do not
use the model parameters.
Found local devices: [CudaDevice(id=0)]
Building model from scratch...
Processing fold inputs.
Processing fold input #1
Processing fold input seq2_cluster8
Checking we can load the model parameters...
Running data pipeline...
Processing chain A
Processing chain A took 0.00 seconds
Output directory: /root/af_output/seq2_cluster8_templated_apo_Jun11_2026_10.57.49AM_19/seq2_cluster8
Writing model input JSON to /root/af_output/seq2_cluster8_templated_apo_Jun11_2026_10.57.49AM_19/seq2_cluster8
Predicting 3D structure for seq2_cluster8 for seed(s) (777979408, 777979409)...
Featurising data for seeds (777979408, 777979409)...
Featurising seq2_cluster8 with rng_seed 777979408.
Featurising seq2_cluster8 with rng_seed 777979408 took 1.43 seconds.
Featurising seq2_cluster8 with rng_seed 777979409.
Featurising seq2_cluster8 with rng_seed 777979409 took 1.39 seconds.
Featurising data for seeds (777979408, 777979409) took  7.80 seconds.
Running model inference for seed 777979408...
Running model inference for seed 777979408 took  41.17 seconds.
Extracting output structures (one per sample) for seed 777979408...
Extracting output structures (one per sample) for seed 777979408 took  0.12 seconds.
Running model inference and extracting output structures for seed 777979408 took  41.29 seconds.
Running model inference for seed 777979409...
Running model inference for seed 777979409 took  7.82 seconds.
Extracting output structures (one per sample) for seed 777979409...
Extracting output structures (one per sample) for seed 777979409 took  0.12 seconds.
Running model inference and extracting output structures for seed 777979409 took  7.94 seconds.
Running model inference and extracting output structures for seeds (777979408, 777979409) took  49.24 seconds.
Writing outputs for seq2_cluster8 for seed(s) (777979408, 777979409)...
Done processing fold input seq2_cluster8.
Done processing 1 fold inputs.
