==> [task 50] pdb_id=seq6_cluster9
==> template CIF: /mnt/gs21/scratch/renaldse/AlphaFold3/inputs/structures/NODES_Proteins/seq6_cluster_repr_9.cif
==> writing JSON: /mnt/gs21/scratch/renaldse/AlphaFold3/inputs/seq6_cluster9_templated_apo_Jun11_2026_11.07.30AM_50.json
==> running AF3 in /mnt/gs21/scratch/renaldse/AlphaFold3/outputs/seq6_cluster9_templated_apo_Jun11_2026_11.07.30AM_50
Running AlphaFold 3. Please note that standard AlphaFold 3 model parameters are
only available under terms of use provided at
https://github.com/google-deepmind/alphafold3/blob/main/WEIGHTS_TERMS_OF_USE.md.
If you do not agree to these terms and are using AlphaFold 3 derived model
parameters, cancel execution of AlphaFold 3 inference with CTRL-C, and do not
use the model parameters.
Found local devices: [CudaDevice(id=0)]
Building model from scratch...
Processing fold inputs.
Processing fold input #1
Processing fold input seq6_cluster9
Checking we can load the model parameters...
Running data pipeline...
Processing chain A
Processing chain A took 0.00 seconds
Output directory: /root/af_output/seq6_cluster9_templated_apo_Jun11_2026_11.07.30AM_50/seq6_cluster9
Writing model input JSON to /root/af_output/seq6_cluster9_templated_apo_Jun11_2026_11.07.30AM_50/seq6_cluster9
Predicting 3D structure for seq6_cluster9 for seed(s) (1353946852, 1353946853)...
Featurising data for seeds (1353946852, 1353946853)...
Featurising seq6_cluster9 with rng_seed 1353946852.
Featurising seq6_cluster9 with rng_seed 1353946852 took 11.94 seconds.
Featurising seq6_cluster9 with rng_seed 1353946853.
Featurising seq6_cluster9 with rng_seed 1353946853 took 12.10 seconds.
Featurising data for seeds (1353946852, 1353946853) took  40.52 seconds.
Running model inference for seed 1353946852...
Running model inference for seed 1353946852 took  132.86 seconds.
Extracting output structures (one per sample) for seed 1353946852...
Extracting output structures (one per sample) for seed 1353946852 took  1.52 seconds.
Running model inference and extracting output structures for seed 1353946852 took  134.38 seconds.
Running model inference for seed 1353946853...
Running model inference for seed 1353946853 took  98.10 seconds.
Extracting output structures (one per sample) for seed 1353946853...
Extracting output structures (one per sample) for seed 1353946853 took  1.68 seconds.
Running model inference and extracting output structures for seed 1353946853 took  99.78 seconds.
Running model inference and extracting output structures for seeds (1353946852, 1353946853) took  234.16 seconds.
Writing outputs for seq6_cluster9 for seed(s) (1353946852, 1353946853)...
Done processing fold input seq6_cluster9.
Done processing 1 fold inputs.
