==> [task 46] pdb_id=seq6_cluster5
==> template CIF: /mnt/gs21/scratch/renaldse/AlphaFold3/inputs/structures/NODES_Proteins/seq6_cluster_repr_5.cif
==> writing JSON: /mnt/gs21/scratch/renaldse/AlphaFold3/inputs/seq6_cluster5_templated_apo_Jun11_2026_11.02.47AM_46.json
==> running AF3 in /mnt/gs21/scratch/renaldse/AlphaFold3/outputs/seq6_cluster5_templated_apo_Jun11_2026_11.02.47AM_46
Running AlphaFold 3. Please note that standard AlphaFold 3 model parameters are
only available under terms of use provided at
https://github.com/google-deepmind/alphafold3/blob/main/WEIGHTS_TERMS_OF_USE.md.
If you do not agree to these terms and are using AlphaFold 3 derived model
parameters, cancel execution of AlphaFold 3 inference with CTRL-C, and do not
use the model parameters.
Found local devices: [CudaDevice(id=0)]
Building model from scratch...
Processing fold inputs.
Processing fold input #1
Processing fold input seq6_cluster5
Checking we can load the model parameters...
Running data pipeline...
Processing chain A
Processing chain A took 0.00 seconds
Output directory: /root/af_output/seq6_cluster5_templated_apo_Jun11_2026_11.02.47AM_46/seq6_cluster5
Writing model input JSON to /root/af_output/seq6_cluster5_templated_apo_Jun11_2026_11.02.47AM_46/seq6_cluster5
Predicting 3D structure for seq6_cluster5 for seed(s) (1493555913, 1493555914)...
Featurising data for seeds (1493555913, 1493555914)...
Featurising seq6_cluster5 with rng_seed 1493555913.
Featurising seq6_cluster5 with rng_seed 1493555913 took 12.24 seconds.
Featurising seq6_cluster5 with rng_seed 1493555914.
Featurising seq6_cluster5 with rng_seed 1493555914 took 12.26 seconds.
Featurising data for seeds (1493555913, 1493555914) took  30.91 seconds.
Running model inference for seed 1493555913...
Running model inference for seed 1493555913 took  131.21 seconds.
Extracting output structures (one per sample) for seed 1493555913...
Extracting output structures (one per sample) for seed 1493555913 took  1.51 seconds.
Running model inference and extracting output structures for seed 1493555913 took  132.72 seconds.
Running model inference for seed 1493555914...
Running model inference for seed 1493555914 took  98.13 seconds.
Extracting output structures (one per sample) for seed 1493555914...
Extracting output structures (one per sample) for seed 1493555914 took  1.69 seconds.
Running model inference and extracting output structures for seed 1493555914 took  99.82 seconds.
Running model inference and extracting output structures for seeds (1493555913, 1493555914) took  232.53 seconds.
Writing outputs for seq6_cluster5 for seed(s) (1493555913, 1493555914)...
Done processing fold input seq6_cluster5.
Done processing 1 fold inputs.
