==> [task 20] pdb_id=seq11
==> template CIF: /mnt/gs21/scratch/renaldse/AlphaFold3/outputs/seq11_apo_May26_2026_10.55AM/seq11/seed-907571168_sample-0/model.cif
==> writing JSON: /mnt/gs21/scratch/renaldse/AlphaFold3/inputs/seq11_templated_apo_May27_2026_9.32AM.json
==> running AF3 in /mnt/gs21/scratch/renaldse/AlphaFold3/outputs/seq11_templated_apo_May27_2026_9.32AM
Running AlphaFold 3. Please note that standard AlphaFold 3 model parameters are
only available under terms of use provided at
https://github.com/google-deepmind/alphafold3/blob/main/WEIGHTS_TERMS_OF_USE.md.
If you do not agree to these terms and are using AlphaFold 3 derived model
parameters, cancel execution of AlphaFold 3 inference with CTRL-C, and do not
use the model parameters.
Found local devices: [CudaDevice(id=0)]
Building model from scratch...
Processing fold inputs.
Processing fold input #1
Processing fold input seq11
Checking we can load the model parameters...
Running data pipeline...
Processing chain A
Processing chain A took 0.00 seconds
Output directory: /root/af_output/seq11_templated_apo_May27_2026_9.32AM/seq11
Writing model input JSON to /root/af_output/seq11_templated_apo_May27_2026_9.32AM/seq11
Predicting 3D structure for seq11 for seed(s) (907571167, 907571168)...
Featurising data for seeds (907571167, 907571168)...
Featurising seq11 with rng_seed 907571167.
Featurising seq11 with rng_seed 907571167 took 5.00 seconds.
Featurising seq11 with rng_seed 907571168.
Featurising seq11 with rng_seed 907571168 took 4.94 seconds.
Featurising data for seeds (907571167, 907571168) took  16.68 seconds.
Running model inference for seed 907571167...
Running model inference for seed 907571167 took  51.42 seconds.
Extracting output structures (one per sample) for seed 907571167...
Extracting output structures (one per sample) for seed 907571167 took  0.43 seconds.
Running model inference and extracting output structures for seed 907571167 took  51.85 seconds.
Running model inference for seed 907571168...
Running model inference for seed 907571168 took  19.38 seconds.
Extracting output structures (one per sample) for seed 907571168...
Extracting output structures (one per sample) for seed 907571168 took  0.41 seconds.
Running model inference and extracting output structures for seed 907571168 took  19.79 seconds.
Running model inference and extracting output structures for seeds (907571167, 907571168) took  71.64 seconds.
Writing outputs for seq11 for seed(s) (907571167, 907571168)...
Done processing fold input seq11.
Done processing 1 fold inputs.
