==> [task 2] pdb_id=seq13_cluster1
==> template CIF: /mnt/gs21/scratch/renaldse/AlphaFold3/inputs/structures/NODES_Proteins/seq13_cluster_repr_1.cif
==> writing JSON: /mnt/gs21/scratch/renaldse/AlphaFold3/inputs/seq13_cluster1_templated_apo_Jun4_2026_2.59.46PM_2.json
==> running AF3 in /mnt/gs21/scratch/renaldse/AlphaFold3/outputs/seq13_cluster1_templated_apo_Jun4_2026_2.59.46PM_2
Running AlphaFold 3. Please note that standard AlphaFold 3 model parameters are
only available under terms of use provided at
https://github.com/google-deepmind/alphafold3/blob/main/WEIGHTS_TERMS_OF_USE.md.
If you do not agree to these terms and are using AlphaFold 3 derived model
parameters, cancel execution of AlphaFold 3 inference with CTRL-C, and do not
use the model parameters.
Found local devices: [CudaDevice(id=0)]
Building model from scratch...
Processing fold inputs.
Processing fold input #1
Processing fold input seq13_cluster1
Checking we can load the model parameters...
Running data pipeline...
Processing chain A
Processing chain A took 0.00 seconds
Output directory: /root/af_output/seq13_cluster1_templated_apo_Jun4_2026_2.59.46PM_2/seq13_cluster1
Writing model input JSON to /root/af_output/seq13_cluster1_templated_apo_Jun4_2026_2.59.46PM_2/seq13_cluster1
Predicting 3D structure for seq13_cluster1 for seed(s) (1026869798, 1026869799)...
Featurising data for seeds (1026869798, 1026869799)...
Featurising seq13_cluster1 with rng_seed 1026869798.
Featurising seq13_cluster1 with rng_seed 1026869798 took 4.35 seconds.
Featurising seq13_cluster1 with rng_seed 1026869799.
Featurising seq13_cluster1 with rng_seed 1026869799 took 4.32 seconds.
Featurising data for seeds (1026869798, 1026869799) took  15.31 seconds.
Running model inference for seed 1026869798...
Running model inference for seed 1026869798 took  51.82 seconds.
Extracting output structures (one per sample) for seed 1026869798...
Extracting output structures (one per sample) for seed 1026869798 took  0.38 seconds.
Running model inference and extracting output structures for seed 1026869798 took  52.20 seconds.
Running model inference for seed 1026869799...
Running model inference for seed 1026869799 took  19.37 seconds.
Extracting output structures (one per sample) for seed 1026869799...
Extracting output structures (one per sample) for seed 1026869799 took  0.37 seconds.
Running model inference and extracting output structures for seed 1026869799 took  19.75 seconds.
Running model inference and extracting output structures for seeds (1026869798, 1026869799) took  71.94 seconds.
Writing outputs for seq13_cluster1 for seed(s) (1026869798, 1026869799)...
Done processing fold input seq13_cluster1.
Done processing 1 fold inputs.
