==> [task 1] pdb_id=seq1_cluster0
==> template CIF: /mnt/gs21/scratch/renaldse/AlphaFold3/inputs/structures/NODES_Proteins/seq1_cluster_repr_0.cif
==> writing JSON: /mnt/gs21/scratch/renaldse/AlphaFold3/inputs/seq1_cluster0_templated_apo_Jun11_2026_10.50.11AM_1.json
==> running AF3 in /mnt/gs21/scratch/renaldse/AlphaFold3/outputs/seq1_cluster0_templated_apo_Jun11_2026_10.50.11AM_1
Running AlphaFold 3. Please note that standard AlphaFold 3 model parameters are
only available under terms of use provided at
https://github.com/google-deepmind/alphafold3/blob/main/WEIGHTS_TERMS_OF_USE.md.
If you do not agree to these terms and are using AlphaFold 3 derived model
parameters, cancel execution of AlphaFold 3 inference with CTRL-C, and do not
use the model parameters.
Found local devices: [CudaDevice(id=0)]
Building model from scratch...
Processing fold inputs.
Processing fold input #1
Processing fold input seq1_cluster0
Checking we can load the model parameters...
Running data pipeline...
Processing chain A
Processing chain A took 0.00 seconds
Output directory: /root/af_output/seq1_cluster0_templated_apo_Jun11_2026_10.50.11AM_1/seq1_cluster0
Writing model input JSON to /root/af_output/seq1_cluster0_templated_apo_Jun11_2026_10.50.11AM_1/seq1_cluster0
Predicting 3D structure for seq1_cluster0 for seed(s) (1270035777, 1270035778)...
Featurising data for seeds (1270035777, 1270035778)...
Featurising seq1_cluster0 with rng_seed 1270035777.
Featurising seq1_cluster0 with rng_seed 1270035777 took 3.65 seconds.
Featurising seq1_cluster0 with rng_seed 1270035778.
Featurising seq1_cluster0 with rng_seed 1270035778 took 3.61 seconds.
Featurising data for seeds (1270035777, 1270035778) took  23.96 seconds.
Running model inference for seed 1270035777...
Running model inference for seed 1270035777 took  53.26 seconds.
Extracting output structures (one per sample) for seed 1270035777...
Extracting output structures (one per sample) for seed 1270035777 took  0.32 seconds.
Running model inference and extracting output structures for seed 1270035777 took  53.58 seconds.
Running model inference for seed 1270035778...
Running model inference for seed 1270035778 took  19.34 seconds.
Extracting output structures (one per sample) for seed 1270035778...
Extracting output structures (one per sample) for seed 1270035778 took  0.32 seconds.
Running model inference and extracting output structures for seed 1270035778 took  19.66 seconds.
Running model inference and extracting output structures for seeds (1270035777, 1270035778) took  73.24 seconds.
Writing outputs for seq1_cluster0 for seed(s) (1270035777, 1270035778)...
Done processing fold input seq1_cluster0.
Done processing 1 fold inputs.
