==> [task 2] pdb_id=seq1
==> template CIF: /mnt/gs21/scratch/renaldse/AlphaFold3/outputs/seq1_apo_May26_2026_10.52AM/seq1/seed-1898484010_sample-0/model.cif
==> writing JSON: /mnt/gs21/scratch/renaldse/AlphaFold3/inputs/seq1_templated_apo_May27_2026_9.24AM.json
==> running AF3 in /mnt/gs21/scratch/renaldse/AlphaFold3/outputs/seq1_templated_apo_May27_2026_9.24AM
Running AlphaFold 3. Please note that standard AlphaFold 3 model parameters are
only available under terms of use provided at
https://github.com/google-deepmind/alphafold3/blob/main/WEIGHTS_TERMS_OF_USE.md.
If you do not agree to these terms and are using AlphaFold 3 derived model
parameters, cancel execution of AlphaFold 3 inference with CTRL-C, and do not
use the model parameters.
Found local devices: [CudaDevice(id=0)]
Building model from scratch...
Processing fold inputs.
Processing fold input #1
Processing fold input seq1
Checking we can load the model parameters...
Running data pipeline...
Processing chain A
Processing chain A took 0.00 seconds
Output directory: /root/af_output/seq1_templated_apo_May27_2026_9.24AM/seq1
Writing model input JSON to /root/af_output/seq1_templated_apo_May27_2026_9.24AM/seq1
Predicting 3D structure for seq1 for seed(s) (1898484009, 1898484010)...
Featurising data for seeds (1898484009, 1898484010)...
Featurising seq1 with rng_seed 1898484009.
Featurising seq1 with rng_seed 1898484009 took 4.09 seconds.
Featurising seq1 with rng_seed 1898484010.
Featurising seq1 with rng_seed 1898484010 took 4.11 seconds.
Featurising data for seeds (1898484009, 1898484010) took  33.39 seconds.
Running model inference for seed 1898484009...
Running model inference for seed 1898484009 took  50.94 seconds.
Extracting output structures (one per sample) for seed 1898484009...
Extracting output structures (one per sample) for seed 1898484009 took  0.36 seconds.
Running model inference and extracting output structures for seed 1898484009 took  51.29 seconds.
Running model inference for seed 1898484010...
Running model inference for seed 1898484010 took  19.40 seconds.
Extracting output structures (one per sample) for seed 1898484010...
Extracting output structures (one per sample) for seed 1898484010 took  0.35 seconds.
Running model inference and extracting output structures for seed 1898484010 took  19.74 seconds.
Running model inference and extracting output structures for seeds (1898484009, 1898484010) took  71.04 seconds.
Writing outputs for seq1 for seed(s) (1898484009, 1898484010)...
Done processing fold input seq1.
Done processing 1 fold inputs.
