Template mapping for seq8: used mmCIF label_seq_id numbering. Mapped 1435 template residues to query length 1435. Apparent missing/unmapped query residues: 0. Sequence agreement at mapped positions: 1435/1435 = 100.0%.
I0527 10:56:57.292230 22966360113152 folding_input.py:1044] Detected /root/af_input/seq8_templated_apo_May27_2026_10.56.55AM.json is an AlphaFold 3 JSON since the top-level is not a list.
I0527 10:56:57.783897 22966360113152 xla_bridge.py:895] Unable to initialize backend 'rocm': module 'jaxlib.xla_extension' has no attribute 'GpuAllocatorConfig'
I0527 10:56:57.784884 22966360113152 xla_bridge.py:895] Unable to initialize backend 'tpu': INTERNAL: Failed to open libtpu.so: libtpu.so: cannot open shared object file: No such file or directory
I0527 10:57:03.173949 22966360113152 pipeline.py:404] Skipping MSA and template search for protein chain A because it already has MSAs and templates.
I0527 10:57:07.851176 22966360113152 pipeline.py:165] processing seq8, random_seed=150219149
I0527 10:57:07.932358 22966360113152 pipeline.py:258] Calculating bucket size for input with 1435 tokens.
I0527 10:57:07.932537 22966360113152 pipeline.py:264] Got bucket size 1536 for input with 1435 tokens, resulting in 101 padded tokens.
I0527 10:57:24.062231 22966360113152 pipeline.py:165] processing seq8, random_seed=150219150
I0527 10:57:24.138951 22966360113152 pipeline.py:258] Calculating bucket size for input with 1435 tokens.
I0527 10:57:24.139081 22966360113152 pipeline.py:264] Got bucket size 1536 for input with 1435 tokens, resulting in 101 padded tokens.
/alphafold3_venv/lib/python3.11/site-packages/alphafold3/model/confidences.py:337: RuntimeWarning: invalid value encountered in divide
  return np.nanmean(value * mask_with_nan, axis=axis) / np.nanmean(
/alphafold3_venv/lib/python3.11/site-packages/alphafold3/model/confidences.py:337: RuntimeWarning: invalid value encountered in divide
  return np.nanmean(value * mask_with_nan, axis=axis) / np.nanmean(
/alphafold3_venv/lib/python3.11/site-packages/alphafold3/model/confidences.py:528: RuntimeWarning: Mean of empty slice
  xchain = np.nanmean(
/alphafold3_venv/lib/python3.11/site-packages/alphafold3/model/confidences.py:337: RuntimeWarning: invalid value encountered in divide
  return np.nanmean(value * mask_with_nan, axis=axis) / np.nanmean(
/alphafold3_venv/lib/python3.11/site-packages/alphafold3/model/confidences.py:337: RuntimeWarning: invalid value encountered in divide
  return np.nanmean(value * mask_with_nan, axis=axis) / np.nanmean(
/alphafold3_venv/lib/python3.11/site-packages/alphafold3/model/confidences.py:528: RuntimeWarning: Mean of empty slice
  xchain = np.nanmean(
/alphafold3_venv/lib/python3.11/site-packages/alphafold3/model/confidences.py:337: RuntimeWarning: invalid value encountered in divide
  return np.nanmean(value * mask_with_nan, axis=axis) / np.nanmean(
/alphafold3_venv/lib/python3.11/site-packages/alphafold3/model/confidences.py:337: RuntimeWarning: invalid value encountered in divide
  return np.nanmean(value * mask_with_nan, axis=axis) / np.nanmean(
/alphafold3_venv/lib/python3.11/site-packages/alphafold3/model/confidences.py:554: RuntimeWarning: Mean of empty slice
  return np.nanmean(np.stack([xchain_row_agg, xchain_col_agg], axis=0), axis=0)
/alphafold3_venv/lib/python3.11/site-packages/alphafold3/model/confidences.py:337: RuntimeWarning: invalid value encountered in divide
  return np.nanmean(value * mask_with_nan, axis=axis) / np.nanmean(
/alphafold3_venv/lib/python3.11/site-packages/alphafold3/model/confidences.py:337: RuntimeWarning: invalid value encountered in divide
  return np.nanmean(value * mask_with_nan, axis=axis) / np.nanmean(
/alphafold3_venv/lib/python3.11/site-packages/alphafold3/model/confidences.py:528: RuntimeWarning: Mean of empty slice
  xchain = np.nanmean(
/alphafold3_venv/lib/python3.11/site-packages/alphafold3/model/confidences.py:337: RuntimeWarning: invalid value encountered in divide
  return np.nanmean(value * mask_with_nan, axis=axis) / np.nanmean(
/alphafold3_venv/lib/python3.11/site-packages/alphafold3/model/confidences.py:337: RuntimeWarning: invalid value encountered in divide
  return np.nanmean(value * mask_with_nan, axis=axis) / np.nanmean(
/alphafold3_venv/lib/python3.11/site-packages/alphafold3/model/confidences.py:528: RuntimeWarning: Mean of empty slice
  xchain = np.nanmean(
/alphafold3_venv/lib/python3.11/site-packages/alphafold3/model/confidences.py:337: RuntimeWarning: invalid value encountered in divide
  return np.nanmean(value * mask_with_nan, axis=axis) / np.nanmean(
/alphafold3_venv/lib/python3.11/site-packages/alphafold3/model/confidences.py:337: RuntimeWarning: invalid value encountered in divide
  return np.nanmean(value * mask_with_nan, axis=axis) / np.nanmean(
/alphafold3_venv/lib/python3.11/site-packages/alphafold3/model/confidences.py:554: RuntimeWarning: Mean of empty slice
  return np.nanmean(np.stack([xchain_row_agg, xchain_col_agg], axis=0), axis=0)
