==> [task 144] pdb_id=seq17_cluster3
==> template CIF: /mnt/gs21/scratch/renaldse/AlphaFold3/inputs/structures/NODES_Proteins/seq17_cluster_repr_3.cif
==> writing JSON: /mnt/gs21/scratch/renaldse/AlphaFold3/inputs/seq17_cluster3_templated_apo_Jun11_2026_12.07.33PM_144.json
==> running AF3 in /mnt/gs21/scratch/renaldse/AlphaFold3/outputs/seq17_cluster3_templated_apo_Jun11_2026_12.07.33PM_144
Running AlphaFold 3. Please note that standard AlphaFold 3 model parameters are
only available under terms of use provided at
https://github.com/google-deepmind/alphafold3/blob/main/WEIGHTS_TERMS_OF_USE.md.
If you do not agree to these terms and are using AlphaFold 3 derived model
parameters, cancel execution of AlphaFold 3 inference with CTRL-C, and do not
use the model parameters.
Found local devices: [CudaDevice(id=0)]
Building model from scratch...
Processing fold inputs.
Processing fold input #1
Processing fold input seq17_cluster3
Checking we can load the model parameters...
Running data pipeline...
Processing chain A
Processing chain A took 0.00 seconds
Output directory: /root/af_output/seq17_cluster3_templated_apo_Jun11_2026_12.07.33PM_144/seq17_cluster3
Writing model input JSON to /root/af_output/seq17_cluster3_templated_apo_Jun11_2026_12.07.33PM_144/seq17_cluster3
Predicting 3D structure for seq17_cluster3 for seed(s) (1523649398, 1523649399)...
Featurising data for seeds (1523649398, 1523649399)...
Featurising seq17_cluster3 with rng_seed 1523649398.
Featurising seq17_cluster3 with rng_seed 1523649398 took 4.04 seconds.
Featurising seq17_cluster3 with rng_seed 1523649399.
Featurising seq17_cluster3 with rng_seed 1523649399 took 4.05 seconds.
Featurising data for seeds (1523649398, 1523649399) took  24.74 seconds.
Running model inference for seed 1523649398...
Running model inference for seed 1523649398 took  54.00 seconds.
Extracting output structures (one per sample) for seed 1523649398...
Extracting output structures (one per sample) for seed 1523649398 took  0.36 seconds.
Running model inference and extracting output structures for seed 1523649398 took  54.36 seconds.
Running model inference for seed 1523649399...
Running model inference for seed 1523649399 took  19.39 seconds.
Extracting output structures (one per sample) for seed 1523649399...
Extracting output structures (one per sample) for seed 1523649399 took  0.35 seconds.
Running model inference and extracting output structures for seed 1523649399 took  19.73 seconds.
Running model inference and extracting output structures for seeds (1523649398, 1523649399) took  74.09 seconds.
Writing outputs for seq17_cluster3 for seed(s) (1523649398, 1523649399)...
Done processing fold input seq17_cluster3.
Done processing 1 fold inputs.
