==> [task 55] pdb_id=seq7_cluster4
==> template CIF: /mnt/gs21/scratch/renaldse/AlphaFold3/inputs/structures/NODES_Proteins/seq7_cluster_repr_4.cif
==> writing JSON: /mnt/gs21/scratch/renaldse/AlphaFold3/inputs/seq7_cluster4_templated_apo_Jun11_2026_11.09.01AM_55.json
==> running AF3 in /mnt/gs21/scratch/renaldse/AlphaFold3/outputs/seq7_cluster4_templated_apo_Jun11_2026_11.09.01AM_55
Running AlphaFold 3. Please note that standard AlphaFold 3 model parameters are
only available under terms of use provided at
https://github.com/google-deepmind/alphafold3/blob/main/WEIGHTS_TERMS_OF_USE.md.
If you do not agree to these terms and are using AlphaFold 3 derived model
parameters, cancel execution of AlphaFold 3 inference with CTRL-C, and do not
use the model parameters.
Found local devices: [CudaDevice(id=0)]
Building model from scratch...
Processing fold inputs.
Processing fold input #1
Processing fold input seq7_cluster4
Checking we can load the model parameters...
Running data pipeline...
Processing chain A
Processing chain A took 0.00 seconds
Output directory: /root/af_output/seq7_cluster4_templated_apo_Jun11_2026_11.09.01AM_55/seq7_cluster4
Writing model input JSON to /root/af_output/seq7_cluster4_templated_apo_Jun11_2026_11.09.01AM_55/seq7_cluster4
Predicting 3D structure for seq7_cluster4 for seed(s) (1103135075, 1103135076)...
Featurising data for seeds (1103135075, 1103135076)...
Featurising seq7_cluster4 with rng_seed 1103135075.
Featurising seq7_cluster4 with rng_seed 1103135075 took 1.80 seconds.
Featurising seq7_cluster4 with rng_seed 1103135076.
Featurising seq7_cluster4 with rng_seed 1103135076 took 1.83 seconds.
Featurising data for seeds (1103135075, 1103135076) took  10.08 seconds.
Running model inference for seed 1103135075...
Running model inference for seed 1103135075 took  39.67 seconds.
Extracting output structures (one per sample) for seed 1103135075...
Extracting output structures (one per sample) for seed 1103135075 took  0.15 seconds.
Running model inference and extracting output structures for seed 1103135075 took  39.82 seconds.
Running model inference for seed 1103135076...
Running model inference for seed 1103135076 took  7.80 seconds.
Extracting output structures (one per sample) for seed 1103135076...
Extracting output structures (one per sample) for seed 1103135076 took  0.13 seconds.
Running model inference and extracting output structures for seed 1103135076 took  7.93 seconds.
Running model inference and extracting output structures for seeds (1103135075, 1103135076) took  47.75 seconds.
Writing outputs for seq7_cluster4 for seed(s) (1103135075, 1103135076)...
Done processing fold input seq7_cluster4.
Done processing 1 fold inputs.
