==> [task 89] pdb_id=seq11_cluster8
==> template CIF: /mnt/gs21/scratch/renaldse/AlphaFold3/inputs/structures/NODES_Proteins/seq11_cluster_repr_8.cif
==> writing JSON: /mnt/gs21/scratch/renaldse/AlphaFold3/inputs/seq11_cluster8_templated_apo_Jun11_2026_11.17.07AM_89.json
==> running AF3 in /mnt/gs21/scratch/renaldse/AlphaFold3/outputs/seq11_cluster8_templated_apo_Jun11_2026_11.17.07AM_89
Running AlphaFold 3. Please note that standard AlphaFold 3 model parameters are
only available under terms of use provided at
https://github.com/google-deepmind/alphafold3/blob/main/WEIGHTS_TERMS_OF_USE.md.
If you do not agree to these terms and are using AlphaFold 3 derived model
parameters, cancel execution of AlphaFold 3 inference with CTRL-C, and do not
use the model parameters.
Found local devices: [CudaDevice(id=0)]
Building model from scratch...
Processing fold inputs.
Processing fold input #1
Processing fold input seq11_cluster8
Checking we can load the model parameters...
Running data pipeline...
Processing chain A
Processing chain A took 0.00 seconds
Output directory: /root/af_output/seq11_cluster8_templated_apo_Jun11_2026_11.17.07AM_89/seq11_cluster8
Writing model input JSON to /root/af_output/seq11_cluster8_templated_apo_Jun11_2026_11.17.07AM_89/seq11_cluster8
Predicting 3D structure for seq11_cluster8 for seed(s) (1075684029, 1075684030)...
Featurising data for seeds (1075684029, 1075684030)...
Featurising seq11_cluster8 with rng_seed 1075684029.
Featurising seq11_cluster8 with rng_seed 1075684029 took 4.93 seconds.
Featurising seq11_cluster8 with rng_seed 1075684030.
Featurising seq11_cluster8 with rng_seed 1075684030 took 4.92 seconds.
Featurising data for seeds (1075684029, 1075684030) took  14.26 seconds.
Running model inference for seed 1075684029...
Running model inference for seed 1075684029 took  50.66 seconds.
Extracting output structures (one per sample) for seed 1075684029...
Extracting output structures (one per sample) for seed 1075684029 took  0.43 seconds.
Running model inference and extracting output structures for seed 1075684029 took  51.08 seconds.
Running model inference for seed 1075684030...
Running model inference for seed 1075684030 took  19.40 seconds.
Extracting output structures (one per sample) for seed 1075684030...
Extracting output structures (one per sample) for seed 1075684030 took  0.61 seconds.
Running model inference and extracting output structures for seed 1075684030 took  20.01 seconds.
Running model inference and extracting output structures for seeds (1075684029, 1075684030) took  71.09 seconds.
Writing outputs for seq11_cluster8 for seed(s) (1075684029, 1075684030)...
Done processing fold input seq11_cluster8.
Done processing 1 fold inputs.
