==> [task 13] pdb_id=seq14
==> writing JSON: /mnt/gs21/scratch/renaldse/AlphaFold3/inputs/seq14_apo_May26_2026_10.55AM.json
==> running AF3 (expected 10 structures) in /mnt/gs21/scratch/renaldse/AlphaFold3/outputs/seq14_apo_May26_2026_10.55AM
Running AlphaFold 3. Please note that standard AlphaFold 3 model parameters are
only available under terms of use provided at
https://github.com/google-deepmind/alphafold3/blob/main/WEIGHTS_TERMS_OF_USE.md.
If you do not agree to these terms and are using AlphaFold 3 derived model
parameters, cancel execution of AlphaFold 3 inference with CTRL-C, and do not
use the model parameters.
Found local devices: [CudaDevice(id=0)]
Building model from scratch...
Processing fold inputs.
Processing fold input #1
Processing fold input seq14
Checking we can load the model parameters...
Running data pipeline...
Processing chain A
Processing chain A took 5245.00 seconds
Output directory: /root/af_output/seq14_apo_May26_2026_10.55AM/seq14
Writing model input JSON to /root/af_output/seq14_apo_May26_2026_10.55AM/seq14
Predicting 3D structure for seq14 for seed(s) (1181915990, 1181915991)...
Featurising data for seeds (1181915990, 1181915991)...
Featurising seq14 with rng_seed 1181915990.
Featurising seq14 with rng_seed 1181915990 took 7.27 seconds.
Featurising seq14 with rng_seed 1181915991.
Featurising seq14 with rng_seed 1181915991 took 7.50 seconds.
Featurising data for seeds (1181915990, 1181915991) took  19.05 seconds.
Running model inference for seed 1181915990...
Running model inference for seed 1181915990 took  50.07 seconds.
Extracting output structures (one per sample) for seed 1181915990...
Extracting output structures (one per sample) for seed 1181915990 took  0.47 seconds.
Running model inference and extracting output structures for seed 1181915990 took  50.53 seconds.
Running model inference for seed 1181915991...
Running model inference for seed 1181915991 took  19.37 seconds.
Extracting output structures (one per sample) for seed 1181915991...
Extracting output structures (one per sample) for seed 1181915991 took  0.46 seconds.
Running model inference and extracting output structures for seed 1181915991 took  19.83 seconds.
Running model inference and extracting output structures for seeds (1181915990, 1181915991) took  70.36 seconds.
Writing outputs for seq14 for seed(s) (1181915990, 1181915991)...
Done processing fold input seq14.
Done processing 1 fold inputs.
