==> [task 98] pdb_id=seq12_cluster7
==> template CIF: /mnt/gs21/scratch/renaldse/AlphaFold3/inputs/structures/NODES_Proteins/seq12_cluster_repr_7.cif
==> writing JSON: /mnt/gs21/scratch/renaldse/AlphaFold3/inputs/seq12_cluster7_templated_apo_Jun11_2026_11.19.51AM_98.json
==> running AF3 in /mnt/gs21/scratch/renaldse/AlphaFold3/outputs/seq12_cluster7_templated_apo_Jun11_2026_11.19.51AM_98
Running AlphaFold 3. Please note that standard AlphaFold 3 model parameters are
only available under terms of use provided at
https://github.com/google-deepmind/alphafold3/blob/main/WEIGHTS_TERMS_OF_USE.md.
If you do not agree to these terms and are using AlphaFold 3 derived model
parameters, cancel execution of AlphaFold 3 inference with CTRL-C, and do not
use the model parameters.
Found local devices: [CudaDevice(id=0)]
Building model from scratch...
Processing fold inputs.
Processing fold input #1
Processing fold input seq12_cluster7
Checking we can load the model parameters...
Running data pipeline...
Processing chain A
Processing chain A took 0.00 seconds
Output directory: /root/af_output/seq12_cluster7_templated_apo_Jun11_2026_11.19.51AM_98/seq12_cluster7
Writing model input JSON to /root/af_output/seq12_cluster7_templated_apo_Jun11_2026_11.19.51AM_98/seq12_cluster7
Predicting 3D structure for seq12_cluster7 for seed(s) (999621679, 999621680)...
Featurising data for seeds (999621679, 999621680)...
Featurising seq12_cluster7 with rng_seed 999621679.
Featurising seq12_cluster7 with rng_seed 999621679 took 4.38 seconds.
Featurising seq12_cluster7 with rng_seed 999621680.
Featurising seq12_cluster7 with rng_seed 999621680 took 4.39 seconds.
Featurising data for seeds (999621679, 999621680) took  25.31 seconds.
Running model inference for seed 999621679...
Running model inference for seed 999621679 took  53.36 seconds.
Extracting output structures (one per sample) for seed 999621679...
Extracting output structures (one per sample) for seed 999621679 took  0.38 seconds.
Running model inference and extracting output structures for seed 999621679 took  53.74 seconds.
Running model inference for seed 999621680...
Running model inference for seed 999621680 took  19.39 seconds.
Extracting output structures (one per sample) for seed 999621680...
Extracting output structures (one per sample) for seed 999621680 took  0.38 seconds.
Running model inference and extracting output structures for seed 999621680 took  19.77 seconds.
Running model inference and extracting output structures for seeds (999621679, 999621680) took  73.51 seconds.
Writing outputs for seq12_cluster7 for seed(s) (999621679, 999621680)...
Done processing fold input seq12_cluster7.
Done processing 1 fold inputs.
