==> [task 61] pdb_id=seq9_cluster0
==> template CIF: /mnt/gs21/scratch/renaldse/AlphaFold3/inputs/structures/NODES_Proteins/seq9_cluster_repr_0.cif
==> writing JSON: /mnt/gs21/scratch/renaldse/AlphaFold3/inputs/seq9_cluster0_templated_apo_Jun11_2026_11.10.40AM_61.json
==> running AF3 in /mnt/gs21/scratch/renaldse/AlphaFold3/outputs/seq9_cluster0_templated_apo_Jun11_2026_11.10.40AM_61
Running AlphaFold 3. Please note that standard AlphaFold 3 model parameters are
only available under terms of use provided at
https://github.com/google-deepmind/alphafold3/blob/main/WEIGHTS_TERMS_OF_USE.md.
If you do not agree to these terms and are using AlphaFold 3 derived model
parameters, cancel execution of AlphaFold 3 inference with CTRL-C, and do not
use the model parameters.
Found local devices: [CudaDevice(id=0)]
Building model from scratch...
Processing fold inputs.
Processing fold input #1
Processing fold input seq9_cluster0
Checking we can load the model parameters...
Running data pipeline...
Processing chain A
Processing chain A took 0.00 seconds
Output directory: /root/af_output/seq9_cluster0_templated_apo_Jun11_2026_11.10.40AM_61/seq9_cluster0
Writing model input JSON to /root/af_output/seq9_cluster0_templated_apo_Jun11_2026_11.10.40AM_61/seq9_cluster0
Predicting 3D structure for seq9_cluster0 for seed(s) (1482978765, 1482978766)...
Featurising data for seeds (1482978765, 1482978766)...
Featurising seq9_cluster0 with rng_seed 1482978765.
Featurising seq9_cluster0 with rng_seed 1482978765 took 4.55 seconds.
Featurising seq9_cluster0 with rng_seed 1482978766.
Featurising seq9_cluster0 with rng_seed 1482978766 took 4.50 seconds.
Featurising data for seeds (1482978765, 1482978766) took  15.57 seconds.
Running model inference for seed 1482978765...
Running model inference for seed 1482978765 took  51.76 seconds.
Extracting output structures (one per sample) for seed 1482978765...
Extracting output structures (one per sample) for seed 1482978765 took  0.40 seconds.
Running model inference and extracting output structures for seed 1482978765 took  52.16 seconds.
Running model inference for seed 1482978766...
Running model inference for seed 1482978766 took  19.36 seconds.
Extracting output structures (one per sample) for seed 1482978766...
Extracting output structures (one per sample) for seed 1482978766 took  0.39 seconds.
Running model inference and extracting output structures for seed 1482978766 took  19.75 seconds.
Running model inference and extracting output structures for seeds (1482978765, 1482978766) took  71.91 seconds.
Writing outputs for seq9_cluster0 for seed(s) (1482978765, 1482978766)...
Done processing fold input seq9_cluster0.
Done processing 1 fold inputs.
