==> [task 130] pdb_id=seq15_cluster9
==> template CIF: /mnt/gs21/scratch/renaldse/AlphaFold3/inputs/structures/NODES_Proteins/seq15_cluster_repr_9.cif
==> writing JSON: /mnt/gs21/scratch/renaldse/AlphaFold3/inputs/seq15_cluster9_templated_apo_Jun11_2026_11.58.36AM_130.json
==> running AF3 in /mnt/gs21/scratch/renaldse/AlphaFold3/outputs/seq15_cluster9_templated_apo_Jun11_2026_11.58.36AM_130
Running AlphaFold 3. Please note that standard AlphaFold 3 model parameters are
only available under terms of use provided at
https://github.com/google-deepmind/alphafold3/blob/main/WEIGHTS_TERMS_OF_USE.md.
If you do not agree to these terms and are using AlphaFold 3 derived model
parameters, cancel execution of AlphaFold 3 inference with CTRL-C, and do not
use the model parameters.
Found local devices: [CudaDevice(id=0)]
Building model from scratch...
Processing fold inputs.
Processing fold input #1
Processing fold input seq15_cluster9
Checking we can load the model parameters...
Running data pipeline...
Processing chain A
Processing chain A took 0.00 seconds
Output directory: /root/af_output/seq15_cluster9_templated_apo_Jun11_2026_11.58.36AM_130/seq15_cluster9
Writing model input JSON to /root/af_output/seq15_cluster9_templated_apo_Jun11_2026_11.58.36AM_130/seq15_cluster9
Predicting 3D structure for seq15_cluster9 for seed(s) (1055994449, 1055994450)...
Featurising data for seeds (1055994449, 1055994450)...
Featurising seq15_cluster9 with rng_seed 1055994449.
Featurising seq15_cluster9 with rng_seed 1055994449 took 1.21 seconds.
Featurising seq15_cluster9 with rng_seed 1055994450.
Featurising seq15_cluster9 with rng_seed 1055994450 took 1.20 seconds.
Featurising data for seeds (1055994449, 1055994450) took  19.04 seconds.
Running model inference for seed 1055994449...
Running model inference for seed 1055994449 took  39.87 seconds.
Extracting output structures (one per sample) for seed 1055994449...
Extracting output structures (one per sample) for seed 1055994449 took  0.11 seconds.
Running model inference and extracting output structures for seed 1055994449 took  39.98 seconds.
Running model inference for seed 1055994450...
Running model inference for seed 1055994450 took  7.81 seconds.
Extracting output structures (one per sample) for seed 1055994450...
Extracting output structures (one per sample) for seed 1055994450 took  0.09 seconds.
Running model inference and extracting output structures for seed 1055994450 took  7.91 seconds.
Running model inference and extracting output structures for seeds (1055994449, 1055994450) took  47.89 seconds.
Writing outputs for seq15_cluster9 for seed(s) (1055994449, 1055994450)...
Done processing fold input seq15_cluster9.
Done processing 1 fold inputs.
