==> [task 6] pdb_id=seq5_cluster5_run2
==> template CIF: /mnt/gs21/scratch/renaldse/AlphaFold3/inputs/structures/NODES_Proteins/seq5_cluster_repr_5.cif
==> writing JSON: /mnt/gs21/scratch/renaldse/AlphaFold3/inputs/seq5_cluster5_run2_templated_apo_Jun1_2026_11.22.31AM_6.json
==> running AF3 in /mnt/gs21/scratch/renaldse/AlphaFold3/outputs/seq5_cluster5_run2_templated_apo_Jun1_2026_11.22.31AM_6
Running AlphaFold 3. Please note that standard AlphaFold 3 model parameters are
only available under terms of use provided at
https://github.com/google-deepmind/alphafold3/blob/main/WEIGHTS_TERMS_OF_USE.md.
If you do not agree to these terms and are using AlphaFold 3 derived model
parameters, cancel execution of AlphaFold 3 inference with CTRL-C, and do not
use the model parameters.
Found local devices: [CudaDevice(id=0)]
Building model from scratch...
Processing fold inputs.
Processing fold input #1
Processing fold input seq5_cluster5_run2
Checking we can load the model parameters...
Running data pipeline...
Processing chain A
Processing chain A took 0.00 seconds
Output directory: /root/af_output/seq5_cluster5_run2_templated_apo_Jun1_2026_11.22.31AM_6/seq5_cluster5_run2
Writing model input JSON to /root/af_output/seq5_cluster5_run2_templated_apo_Jun1_2026_11.22.31AM_6/seq5_cluster5_run2
Predicting 3D structure for seq5_cluster5_run2 for seed(s) (814206571, 814206572)...
Featurising data for seeds (814206571, 814206572)...
Featurising seq5_cluster5_run2 with rng_seed 814206571.
Featurising seq5_cluster5_run2 with rng_seed 814206571 took 1.90 seconds.
Featurising seq5_cluster5_run2 with rng_seed 814206572.
Featurising seq5_cluster5_run2 with rng_seed 814206572 took 1.87 seconds.
Featurising data for seeds (814206571, 814206572) took  27.56 seconds.
Running model inference for seed 814206571...
Running model inference for seed 814206571 took  42.27 seconds.
Extracting output structures (one per sample) for seed 814206571...
Extracting output structures (one per sample) for seed 814206571 took  0.17 seconds.
Running model inference and extracting output structures for seed 814206571 took  42.44 seconds.
Running model inference for seed 814206572...
Running model inference for seed 814206572 took  7.80 seconds.
Extracting output structures (one per sample) for seed 814206572...
Extracting output structures (one per sample) for seed 814206572 took  0.16 seconds.
Running model inference and extracting output structures for seed 814206572 took  7.95 seconds.
Running model inference and extracting output structures for seeds (814206571, 814206572) took  50.39 seconds.
Writing outputs for seq5_cluster5_run2 for seed(s) (814206571, 814206572)...
Done processing fold input seq5_cluster5_run2.
Done processing 1 fold inputs.
