==> [task 93] pdb_id=seq12_cluster2
==> template CIF: /mnt/gs21/scratch/renaldse/AlphaFold3/inputs/structures/NODES_Proteins/seq12_cluster_repr_2.cif
==> writing JSON: /mnt/gs21/scratch/renaldse/AlphaFold3/inputs/seq12_cluster2_templated_apo_Jun11_2026_11.18.52AM_93.json
==> running AF3 in /mnt/gs21/scratch/renaldse/AlphaFold3/outputs/seq12_cluster2_templated_apo_Jun11_2026_11.18.52AM_93
Running AlphaFold 3. Please note that standard AlphaFold 3 model parameters are
only available under terms of use provided at
https://github.com/google-deepmind/alphafold3/blob/main/WEIGHTS_TERMS_OF_USE.md.
If you do not agree to these terms and are using AlphaFold 3 derived model
parameters, cancel execution of AlphaFold 3 inference with CTRL-C, and do not
use the model parameters.
Found local devices: [CudaDevice(id=0)]
Building model from scratch...
Processing fold inputs.
Processing fold input #1
Processing fold input seq12_cluster2
Checking we can load the model parameters...
Running data pipeline...
Processing chain A
Processing chain A took 0.00 seconds
Output directory: /root/af_output/seq12_cluster2_templated_apo_Jun11_2026_11.18.52AM_93/seq12_cluster2
Writing model input JSON to /root/af_output/seq12_cluster2_templated_apo_Jun11_2026_11.18.52AM_93/seq12_cluster2
Predicting 3D structure for seq12_cluster2 for seed(s) (1275064482, 1275064483)...
Featurising data for seeds (1275064482, 1275064483)...
Featurising seq12_cluster2 with rng_seed 1275064482.
Featurising seq12_cluster2 with rng_seed 1275064482 took 4.38 seconds.
Featurising seq12_cluster2 with rng_seed 1275064483.
Featurising seq12_cluster2 with rng_seed 1275064483 took 4.35 seconds.
Featurising data for seeds (1275064482, 1275064483) took  25.20 seconds.
Running model inference for seed 1275064482...
Running model inference for seed 1275064482 took  51.67 seconds.
Extracting output structures (one per sample) for seed 1275064482...
Extracting output structures (one per sample) for seed 1275064482 took  0.38 seconds.
Running model inference and extracting output structures for seed 1275064482 took  52.04 seconds.
Running model inference for seed 1275064483...
Running model inference for seed 1275064483 took  19.36 seconds.
Extracting output structures (one per sample) for seed 1275064483...
Extracting output structures (one per sample) for seed 1275064483 took  0.36 seconds.
Running model inference and extracting output structures for seed 1275064483 took  19.72 seconds.
Running model inference and extracting output structures for seeds (1275064482, 1275064483) took  71.76 seconds.
Writing outputs for seq12_cluster2 for seed(s) (1275064482, 1275064483)...
Done processing fold input seq12_cluster2.
Done processing 1 fold inputs.
