==> [task 115] pdb_id=seq14_cluster4
==> template CIF: /mnt/gs21/scratch/renaldse/AlphaFold3/inputs/structures/NODES_Proteins/seq14_cluster_repr_4.cif
==> writing JSON: /mnt/gs21/scratch/renaldse/AlphaFold3/inputs/seq14_cluster4_templated_apo_Jun11_2026_11.31.32AM_115.json
==> running AF3 in /mnt/gs21/scratch/renaldse/AlphaFold3/outputs/seq14_cluster4_templated_apo_Jun11_2026_11.31.32AM_115
Running AlphaFold 3. Please note that standard AlphaFold 3 model parameters are
only available under terms of use provided at
https://github.com/google-deepmind/alphafold3/blob/main/WEIGHTS_TERMS_OF_USE.md.
If you do not agree to these terms and are using AlphaFold 3 derived model
parameters, cancel execution of AlphaFold 3 inference with CTRL-C, and do not
use the model parameters.
Found local devices: [CudaDevice(id=0)]
Building model from scratch...
Processing fold inputs.
Processing fold input #1
Processing fold input seq14_cluster4
Checking we can load the model parameters...
Running data pipeline...
Processing chain A
Processing chain A took 0.00 seconds
Output directory: /root/af_output/seq14_cluster4_templated_apo_Jun11_2026_11.31.32AM_115/seq14_cluster4
Writing model input JSON to /root/af_output/seq14_cluster4_templated_apo_Jun11_2026_11.31.32AM_115/seq14_cluster4
Predicting 3D structure for seq14_cluster4 for seed(s) (797058518, 797058519)...
Featurising data for seeds (797058518, 797058519)...
Featurising seq14_cluster4 with rng_seed 797058518.
Featurising seq14_cluster4 with rng_seed 797058518 took 5.08 seconds.
Featurising seq14_cluster4 with rng_seed 797058519.
Featurising seq14_cluster4 with rng_seed 797058519 took 5.16 seconds.
Featurising data for seeds (797058518, 797058519) took  16.75 seconds.
Running model inference for seed 797058518...
Running model inference for seed 797058518 took  51.90 seconds.
Extracting output structures (one per sample) for seed 797058518...
Extracting output structures (one per sample) for seed 797058518 took  0.47 seconds.
Running model inference and extracting output structures for seed 797058518 took  52.37 seconds.
Running model inference for seed 797058519...
Running model inference for seed 797058519 took  19.40 seconds.
Extracting output structures (one per sample) for seed 797058519...
Extracting output structures (one per sample) for seed 797058519 took  0.46 seconds.
Running model inference and extracting output structures for seed 797058519 took  19.86 seconds.
Running model inference and extracting output structures for seeds (797058518, 797058519) took  72.24 seconds.
Writing outputs for seq14_cluster4 for seed(s) (797058518, 797058519)...
Done processing fold input seq14_cluster4.
Done processing 1 fold inputs.
