==> [task 143] pdb_id=seq17_cluster2
==> template CIF: /mnt/gs21/scratch/renaldse/AlphaFold3/inputs/structures/NODES_Proteins/seq17_cluster_repr_2.cif
==> writing JSON: /mnt/gs21/scratch/renaldse/AlphaFold3/inputs/seq17_cluster2_templated_apo_Jun11_2026_12.07.34PM_143.json
==> running AF3 in /mnt/gs21/scratch/renaldse/AlphaFold3/outputs/seq17_cluster2_templated_apo_Jun11_2026_12.07.34PM_143
Running AlphaFold 3. Please note that standard AlphaFold 3 model parameters are
only available under terms of use provided at
https://github.com/google-deepmind/alphafold3/blob/main/WEIGHTS_TERMS_OF_USE.md.
If you do not agree to these terms and are using AlphaFold 3 derived model
parameters, cancel execution of AlphaFold 3 inference with CTRL-C, and do not
use the model parameters.
Found local devices: [CudaDevice(id=0)]
Building model from scratch...
Processing fold inputs.
Processing fold input #1
Processing fold input seq17_cluster2
Checking we can load the model parameters...
Running data pipeline...
Processing chain A
Processing chain A took 0.00 seconds
Output directory: /root/af_output/seq17_cluster2_templated_apo_Jun11_2026_12.07.34PM_143/seq17_cluster2
Writing model input JSON to /root/af_output/seq17_cluster2_templated_apo_Jun11_2026_12.07.34PM_143/seq17_cluster2
Predicting 3D structure for seq17_cluster2 for seed(s) (769014760, 769014761)...
Featurising data for seeds (769014760, 769014761)...
Featurising seq17_cluster2 with rng_seed 769014760.
Featurising seq17_cluster2 with rng_seed 769014760 took 4.14 seconds.
Featurising seq17_cluster2 with rng_seed 769014761.
Featurising seq17_cluster2 with rng_seed 769014761 took 4.09 seconds.
Featurising data for seeds (769014760, 769014761) took  14.73 seconds.
Running model inference for seed 769014760...
Running model inference for seed 769014760 took  51.88 seconds.
Extracting output structures (one per sample) for seed 769014760...
Extracting output structures (one per sample) for seed 769014760 took  0.36 seconds.
Running model inference and extracting output structures for seed 769014760 took  52.24 seconds.
Running model inference for seed 769014761...
Running model inference for seed 769014761 took  19.35 seconds.
Extracting output structures (one per sample) for seed 769014761...
Extracting output structures (one per sample) for seed 769014761 took  0.35 seconds.
Running model inference and extracting output structures for seed 769014761 took  19.70 seconds.
Running model inference and extracting output structures for seeds (769014760, 769014761) took  71.94 seconds.
Writing outputs for seq17_cluster2 for seed(s) (769014760, 769014761)...
Done processing fold input seq17_cluster2.
Done processing 1 fold inputs.
