==> [task 133] pdb_id=seq16_cluster2
==> template CIF: /mnt/gs21/scratch/renaldse/AlphaFold3/inputs/structures/NODES_Proteins/seq16_cluster_repr_2.cif
==> writing JSON: /mnt/gs21/scratch/renaldse/AlphaFold3/inputs/seq16_cluster2_templated_apo_Jun11_2026_11.58.36AM_133.json
==> running AF3 in /mnt/gs21/scratch/renaldse/AlphaFold3/outputs/seq16_cluster2_templated_apo_Jun11_2026_11.58.36AM_133
Running AlphaFold 3. Please note that standard AlphaFold 3 model parameters are
only available under terms of use provided at
https://github.com/google-deepmind/alphafold3/blob/main/WEIGHTS_TERMS_OF_USE.md.
If you do not agree to these terms and are using AlphaFold 3 derived model
parameters, cancel execution of AlphaFold 3 inference with CTRL-C, and do not
use the model parameters.
Found local devices: [CudaDevice(id=0)]
Building model from scratch...
Processing fold inputs.
Processing fold input #1
Processing fold input seq16_cluster2
Checking we can load the model parameters...
Running data pipeline...
Processing chain A
Processing chain A took 0.00 seconds
Output directory: /root/af_output/seq16_cluster2_templated_apo_Jun11_2026_11.58.36AM_133/seq16_cluster2
Writing model input JSON to /root/af_output/seq16_cluster2_templated_apo_Jun11_2026_11.58.36AM_133/seq16_cluster2
Predicting 3D structure for seq16_cluster2 for seed(s) (1108627676, 1108627677)...
Featurising data for seeds (1108627676, 1108627677)...
Featurising seq16_cluster2 with rng_seed 1108627676.
Featurising seq16_cluster2 with rng_seed 1108627676 took 2.45 seconds.
Featurising seq16_cluster2 with rng_seed 1108627677.
Featurising seq16_cluster2 with rng_seed 1108627677 took 2.42 seconds.
Featurising data for seeds (1108627676, 1108627677) took  11.35 seconds.
Running model inference for seed 1108627676...
Running model inference for seed 1108627676 took  39.73 seconds.
Extracting output structures (one per sample) for seed 1108627676...
Extracting output structures (one per sample) for seed 1108627676 took  0.20 seconds.
Running model inference and extracting output structures for seed 1108627676 took  39.93 seconds.
Running model inference for seed 1108627677...
Running model inference for seed 1108627677 took  7.79 seconds.
Extracting output structures (one per sample) for seed 1108627677...
Extracting output structures (one per sample) for seed 1108627677 took  0.19 seconds.
Running model inference and extracting output structures for seed 1108627677 took  7.98 seconds.
Running model inference and extracting output structures for seeds (1108627676, 1108627677) took  47.90 seconds.
Writing outputs for seq16_cluster2 for seed(s) (1108627676, 1108627677)...
Done processing fold input seq16_cluster2.
Done processing 1 fold inputs.
