==> [task 85] pdb_id=seq11_cluster4
==> template CIF: /mnt/gs21/scratch/renaldse/AlphaFold3/inputs/structures/NODES_Proteins/seq11_cluster_repr_4.cif
==> writing JSON: /mnt/gs21/scratch/renaldse/AlphaFold3/inputs/seq11_cluster4_templated_apo_Jun11_2026_11.16.56AM_85.json
==> running AF3 in /mnt/gs21/scratch/renaldse/AlphaFold3/outputs/seq11_cluster4_templated_apo_Jun11_2026_11.16.56AM_85
Running AlphaFold 3. Please note that standard AlphaFold 3 model parameters are
only available under terms of use provided at
https://github.com/google-deepmind/alphafold3/blob/main/WEIGHTS_TERMS_OF_USE.md.
If you do not agree to these terms and are using AlphaFold 3 derived model
parameters, cancel execution of AlphaFold 3 inference with CTRL-C, and do not
use the model parameters.
Found local devices: [CudaDevice(id=0)]
Building model from scratch...
Processing fold inputs.
Processing fold input #1
Processing fold input seq11_cluster4
Checking we can load the model parameters...
Running data pipeline...
Processing chain A
Processing chain A took 0.00 seconds
Output directory: /root/af_output/seq11_cluster4_templated_apo_Jun11_2026_11.16.56AM_85/seq11_cluster4
Writing model input JSON to /root/af_output/seq11_cluster4_templated_apo_Jun11_2026_11.16.56AM_85/seq11_cluster4
Predicting 3D structure for seq11_cluster4 for seed(s) (1236004504, 1236004505)...
Featurising data for seeds (1236004504, 1236004505)...
Featurising seq11_cluster4 with rng_seed 1236004504.
Featurising seq11_cluster4 with rng_seed 1236004504 took 4.95 seconds.
Featurising seq11_cluster4 with rng_seed 1236004505.
Featurising seq11_cluster4 with rng_seed 1236004505 took 4.91 seconds.
Featurising data for seeds (1236004504, 1236004505) took  25.08 seconds.
Running model inference for seed 1236004504...
Running model inference for seed 1236004504 took  52.05 seconds.
Extracting output structures (one per sample) for seed 1236004504...
Extracting output structures (one per sample) for seed 1236004504 took  0.44 seconds.
Running model inference and extracting output structures for seed 1236004504 took  52.48 seconds.
Running model inference for seed 1236004505...
Running model inference for seed 1236004505 took  19.35 seconds.
Extracting output structures (one per sample) for seed 1236004505...
Extracting output structures (one per sample) for seed 1236004505 took  0.42 seconds.
Running model inference and extracting output structures for seed 1236004505 took  19.77 seconds.
Running model inference and extracting output structures for seeds (1236004504, 1236004505) took  72.26 seconds.
Writing outputs for seq11_cluster4 for seed(s) (1236004504, 1236004505)...
Done processing fold input seq11_cluster4.
Done processing 1 fold inputs.
