==> [task 1] pdb_id=seq15_cluster0
==> template CIF: /mnt/gs21/scratch/renaldse/AlphaFold3/inputs/structures/NODES_Proteins/seq15_cluster_repr_0.cif
==> writing JSON: /mnt/gs21/scratch/renaldse/AlphaFold3/inputs/seq15_cluster0_templated_apo_Jun1_2026_2.14.29PM_1.json
==> running AF3 in /mnt/gs21/scratch/renaldse/AlphaFold3/outputs/seq15_cluster0_templated_apo_Jun1_2026_2.14.29PM_1
Running AlphaFold 3. Please note that standard AlphaFold 3 model parameters are
only available under terms of use provided at
https://github.com/google-deepmind/alphafold3/blob/main/WEIGHTS_TERMS_OF_USE.md.
If you do not agree to these terms and are using AlphaFold 3 derived model
parameters, cancel execution of AlphaFold 3 inference with CTRL-C, and do not
use the model parameters.
Found local devices: [CudaDevice(id=0)]
Building model from scratch...
Processing fold inputs.
Processing fold input #1
Processing fold input seq15_cluster0
Checking we can load the model parameters...
Running data pipeline...
Processing chain A
Processing chain A took 0.00 seconds
Output directory: /root/af_output/seq15_cluster0_templated_apo_Jun1_2026_2.14.29PM_1/seq15_cluster0
Writing model input JSON to /root/af_output/seq15_cluster0_templated_apo_Jun1_2026_2.14.29PM_1/seq15_cluster0
Predicting 3D structure for seq15_cluster0 for seed(s) (1194167029, 1194167030)...
Featurising data for seeds (1194167029, 1194167030)...
Featurising seq15_cluster0 with rng_seed 1194167029.
Featurising seq15_cluster0 with rng_seed 1194167029 took 1.22 seconds.
Featurising seq15_cluster0 with rng_seed 1194167030.
Featurising seq15_cluster0 with rng_seed 1194167030 took 1.20 seconds.
Featurising data for seeds (1194167029, 1194167030) took  8.90 seconds.
Running model inference for seed 1194167029...
Running model inference for seed 1194167029 took  40.30 seconds.
Extracting output structures (one per sample) for seed 1194167029...
Extracting output structures (one per sample) for seed 1194167029 took  0.11 seconds.
Running model inference and extracting output structures for seed 1194167029 took  40.41 seconds.
Running model inference for seed 1194167030...
Running model inference for seed 1194167030 took  7.79 seconds.
Extracting output structures (one per sample) for seed 1194167030...
Extracting output structures (one per sample) for seed 1194167030 took  0.10 seconds.
Running model inference and extracting output structures for seed 1194167030 took  7.88 seconds.
Running model inference and extracting output structures for seeds (1194167029, 1194167030) took  48.29 seconds.
Writing outputs for seq15_cluster0 for seed(s) (1194167029, 1194167030)...
Done processing fold input seq15_cluster0.
Done processing 1 fold inputs.
