==> [task 88] pdb_id=seq11_cluster7
==> template CIF: /mnt/gs21/scratch/renaldse/AlphaFold3/inputs/structures/NODES_Proteins/seq11_cluster_repr_7.cif
==> writing JSON: /mnt/gs21/scratch/renaldse/AlphaFold3/inputs/seq11_cluster7_templated_apo_Jun11_2026_11.16.55AM_88.json
==> running AF3 in /mnt/gs21/scratch/renaldse/AlphaFold3/outputs/seq11_cluster7_templated_apo_Jun11_2026_11.16.55AM_88
Running AlphaFold 3. Please note that standard AlphaFold 3 model parameters are
only available under terms of use provided at
https://github.com/google-deepmind/alphafold3/blob/main/WEIGHTS_TERMS_OF_USE.md.
If you do not agree to these terms and are using AlphaFold 3 derived model
parameters, cancel execution of AlphaFold 3 inference with CTRL-C, and do not
use the model parameters.
Found local devices: [CudaDevice(id=0)]
Building model from scratch...
Processing fold inputs.
Processing fold input #1
Processing fold input seq11_cluster7
Checking we can load the model parameters...
Running data pipeline...
Processing chain A
Processing chain A took 0.00 seconds
Output directory: /root/af_output/seq11_cluster7_templated_apo_Jun11_2026_11.16.55AM_88/seq11_cluster7
Writing model input JSON to /root/af_output/seq11_cluster7_templated_apo_Jun11_2026_11.16.55AM_88/seq11_cluster7
Predicting 3D structure for seq11_cluster7 for seed(s) (1352843056, 1352843057)...
Featurising data for seeds (1352843056, 1352843057)...
Featurising seq11_cluster7 with rng_seed 1352843056.
Featurising seq11_cluster7 with rng_seed 1352843056 took 4.92 seconds.
Featurising seq11_cluster7 with rng_seed 1352843057.
Featurising seq11_cluster7 with rng_seed 1352843057 took 4.88 seconds.
Featurising data for seeds (1352843056, 1352843057) took  25.46 seconds.
Running model inference for seed 1352843056...
Running model inference for seed 1352843056 took  53.07 seconds.
Extracting output structures (one per sample) for seed 1352843056...
Extracting output structures (one per sample) for seed 1352843056 took  0.44 seconds.
Running model inference and extracting output structures for seed 1352843056 took  53.51 seconds.
Running model inference for seed 1352843057...
Running model inference for seed 1352843057 took  19.34 seconds.
Extracting output structures (one per sample) for seed 1352843057...
Extracting output structures (one per sample) for seed 1352843057 took  0.62 seconds.
Running model inference and extracting output structures for seed 1352843057 took  19.96 seconds.
Running model inference and extracting output structures for seeds (1352843056, 1352843057) took  73.47 seconds.
Writing outputs for seq11_cluster7 for seed(s) (1352843056, 1352843057)...
Done processing fold input seq11_cluster7.
Done processing 1 fold inputs.
