==> [task 16] pdb_id=seq9
==> template CIF: /mnt/gs21/scratch/renaldse/AlphaFold3/outputs/seq9_apo_May26_2026_10.55AM/seq9/seed-2146638108_sample-0/model.cif
==> writing JSON: /mnt/gs21/scratch/renaldse/AlphaFold3/inputs/seq9_templated_apo_May27_2026_10.33.28AM.json
==> running AF3 in /mnt/gs21/scratch/renaldse/AlphaFold3/outputs/seq9_templated_apo_May27_2026_10.33.28AM
Running AlphaFold 3. Please note that standard AlphaFold 3 model parameters are
only available under terms of use provided at
https://github.com/google-deepmind/alphafold3/blob/main/WEIGHTS_TERMS_OF_USE.md.
If you do not agree to these terms and are using AlphaFold 3 derived model
parameters, cancel execution of AlphaFold 3 inference with CTRL-C, and do not
use the model parameters.
Found local devices: [CudaDevice(id=0)]
Building model from scratch...
Processing fold inputs.
Processing fold input #1
Processing fold input seq9
Checking we can load the model parameters...
Running data pipeline...
Processing chain A
Processing chain A took 0.00 seconds
Output directory: /root/af_output/seq9_templated_apo_May27_2026_10.33.28AM/seq9
Writing model input JSON to /root/af_output/seq9_templated_apo_May27_2026_10.33.28AM/seq9
Predicting 3D structure for seq9 for seed(s) (2146638107, 2146638108)...
Featurising data for seeds (2146638107, 2146638108)...
Featurising seq9 with rng_seed 2146638107.
Featurising seq9 with rng_seed 2146638107 took 4.49 seconds.
Featurising seq9 with rng_seed 2146638108.
Featurising seq9 with rng_seed 2146638108 took 4.50 seconds.
Featurising data for seeds (2146638107, 2146638108) took  13.65 seconds.
Running model inference for seed 2146638107...
Running model inference for seed 2146638107 took  51.69 seconds.
Extracting output structures (one per sample) for seed 2146638107...
Extracting output structures (one per sample) for seed 2146638107 took  0.39 seconds.
Running model inference and extracting output structures for seed 2146638107 took  52.08 seconds.
Running model inference for seed 2146638108...
Running model inference for seed 2146638108 took  19.39 seconds.
Extracting output structures (one per sample) for seed 2146638108...
Extracting output structures (one per sample) for seed 2146638108 took  0.39 seconds.
Running model inference and extracting output structures for seed 2146638108 took  19.78 seconds.
Running model inference and extracting output structures for seeds (2146638107, 2146638108) took  71.86 seconds.
Writing outputs for seq9 for seed(s) (2146638107, 2146638108)...
Done processing fold input seq9.
Done processing 1 fold inputs.
