==> [task 25] pdb_id=seq3_cluster4
==> template CIF: /mnt/gs21/scratch/renaldse/AlphaFold3/inputs/structures/NODES_Proteins/seq3_cluster_repr_4.cif
==> writing JSON: /mnt/gs21/scratch/renaldse/AlphaFold3/inputs/seq3_cluster4_templated_apo_Jun11_2026_10.59.04AM_25.json
==> running AF3 in /mnt/gs21/scratch/renaldse/AlphaFold3/outputs/seq3_cluster4_templated_apo_Jun11_2026_10.59.04AM_25
Running AlphaFold 3. Please note that standard AlphaFold 3 model parameters are
only available under terms of use provided at
https://github.com/google-deepmind/alphafold3/blob/main/WEIGHTS_TERMS_OF_USE.md.
If you do not agree to these terms and are using AlphaFold 3 derived model
parameters, cancel execution of AlphaFold 3 inference with CTRL-C, and do not
use the model parameters.
Found local devices: [CudaDevice(id=0)]
Building model from scratch...
Processing fold inputs.
Processing fold input #1
Processing fold input seq3_cluster4
Checking we can load the model parameters...
Running data pipeline...
Processing chain A
Processing chain A took 0.00 seconds
Output directory: /root/af_output/seq3_cluster4_templated_apo_Jun11_2026_10.59.04AM_25/seq3_cluster4
Writing model input JSON to /root/af_output/seq3_cluster4_templated_apo_Jun11_2026_10.59.04AM_25/seq3_cluster4
Predicting 3D structure for seq3_cluster4 for seed(s) (1210786077, 1210786078)...
Featurising data for seeds (1210786077, 1210786078)...
Featurising seq3_cluster4 with rng_seed 1210786077.
Featurising seq3_cluster4 with rng_seed 1210786077 took 1.87 seconds.
Featurising seq3_cluster4 with rng_seed 1210786078.
Featurising seq3_cluster4 with rng_seed 1210786078 took 1.85 seconds.
Featurising data for seeds (1210786077, 1210786078) took  20.45 seconds.
Running model inference for seed 1210786077...
Running model inference for seed 1210786077 took  41.87 seconds.
Extracting output structures (one per sample) for seed 1210786077...
Extracting output structures (one per sample) for seed 1210786077 took  0.16 seconds.
Running model inference and extracting output structures for seed 1210786077 took  42.03 seconds.
Running model inference for seed 1210786078...
Running model inference for seed 1210786078 took  7.81 seconds.
Extracting output structures (one per sample) for seed 1210786078...
Extracting output structures (one per sample) for seed 1210786078 took  0.15 seconds.
Running model inference and extracting output structures for seed 1210786078 took  7.95 seconds.
Running model inference and extracting output structures for seeds (1210786077, 1210786078) took  49.98 seconds.
Writing outputs for seq3_cluster4 for seed(s) (1210786077, 1210786078)...
Done processing fold input seq3_cluster4.
Done processing 1 fold inputs.
