==> [task 95] pdb_id=seq12_cluster4
==> template CIF: /mnt/gs21/scratch/renaldse/AlphaFold3/inputs/structures/NODES_Proteins/seq12_cluster_repr_4.cif
==> writing JSON: /mnt/gs21/scratch/renaldse/AlphaFold3/inputs/seq12_cluster4_templated_apo_Jun11_2026_11.19.51AM_95.json
==> running AF3 in /mnt/gs21/scratch/renaldse/AlphaFold3/outputs/seq12_cluster4_templated_apo_Jun11_2026_11.19.51AM_95
Running AlphaFold 3. Please note that standard AlphaFold 3 model parameters are
only available under terms of use provided at
https://github.com/google-deepmind/alphafold3/blob/main/WEIGHTS_TERMS_OF_USE.md.
If you do not agree to these terms and are using AlphaFold 3 derived model
parameters, cancel execution of AlphaFold 3 inference with CTRL-C, and do not
use the model parameters.
Found local devices: [CudaDevice(id=0)]
Building model from scratch...
Processing fold inputs.
Processing fold input #1
Processing fold input seq12_cluster4
Checking we can load the model parameters...
Running data pipeline...
Processing chain A
Processing chain A took 0.00 seconds
Output directory: /root/af_output/seq12_cluster4_templated_apo_Jun11_2026_11.19.51AM_95/seq12_cluster4
Writing model input JSON to /root/af_output/seq12_cluster4_templated_apo_Jun11_2026_11.19.51AM_95/seq12_cluster4
Predicting 3D structure for seq12_cluster4 for seed(s) (580670871, 580670872)...
Featurising data for seeds (580670871, 580670872)...
Featurising seq12_cluster4 with rng_seed 580670871.
Featurising seq12_cluster4 with rng_seed 580670871 took 4.41 seconds.
Featurising seq12_cluster4 with rng_seed 580670872.
Featurising seq12_cluster4 with rng_seed 580670872 took 4.38 seconds.
Featurising data for seeds (580670871, 580670872) took  25.33 seconds.
Running model inference for seed 580670871...
Running model inference for seed 580670871 took  53.36 seconds.
Extracting output structures (one per sample) for seed 580670871...
Extracting output structures (one per sample) for seed 580670871 took  0.38 seconds.
Running model inference and extracting output structures for seed 580670871 took  53.74 seconds.
Running model inference for seed 580670872...
Running model inference for seed 580670872 took  19.40 seconds.
Extracting output structures (one per sample) for seed 580670872...
Extracting output structures (one per sample) for seed 580670872 took  0.37 seconds.
Running model inference and extracting output structures for seed 580670872 took  19.77 seconds.
Running model inference and extracting output structures for seeds (580670871, 580670872) took  73.51 seconds.
Writing outputs for seq12_cluster4 for seed(s) (580670871, 580670872)...
Done processing fold input seq12_cluster4.
Done processing 1 fold inputs.
