==> [task 10] pdb_id=seq11
==> writing JSON: /mnt/gs21/scratch/renaldse/AlphaFold3/inputs/seq11_apo_May22_2026_2.52PM.json
==> running AF3 (expected 7 structures) in /mnt/gs21/scratch/renaldse/AlphaFold3/outputs/seq11_apo_May22_2026_2.52PM
Running AlphaFold 3. Please note that standard AlphaFold 3 model parameters are
only available under terms of use provided at
https://github.com/google-deepmind/alphafold3/blob/main/WEIGHTS_TERMS_OF_USE.md.
If you do not agree to these terms and are using AlphaFold 3 derived model
parameters, cancel execution of AlphaFold 3 inference with CTRL-C, and do not
use the model parameters.
Found local devices: [CudaDevice(id=0)]
Building model from scratch...
Processing fold inputs.
Processing fold input #1
Processing fold input seq11
Checking we can load the model parameters...
Running data pipeline...
Processing chain A
Processing chain A took 886.16 seconds
Output directory: /root/af_output/seq11_apo_May22_2026_2.52PM/seq11
Writing model input JSON to /root/af_output/seq11_apo_May22_2026_2.52PM/seq11
Predicting 3D structure for seq11 for seed(s) (907571167,)...
Featurising data for seeds (907571167,)...
Featurising seq11 with rng_seed 907571167.
Featurising seq11 with rng_seed 907571167 took 5.87 seconds.
Featurising data for seeds (907571167,) took  12.32 seconds.
Running model inference for seed 907571167...
Running model inference for seed 907571167 took  52.58 seconds.
Extracting output structures (one per sample) for seed 907571167...
Extracting output structures (one per sample) for seed 907571167 took  0.63 seconds.
Running model inference and extracting output structures for seed 907571167 took  53.22 seconds.
Running model inference and extracting output structures for seeds (907571167,) took  53.22 seconds.
Writing outputs for seq11 for seed(s) (907571167,)...
Done processing fold input seq11.
Done processing 1 fold inputs.
