==> [task 13] pdb_id=seq14
==> writing JSON: /mnt/gs21/scratch/renaldse/AlphaFold3/inputs/seq14_apo_May22_2026_5.59PM.json
==> running AF3 (expected 7 structures) in /mnt/gs21/scratch/renaldse/AlphaFold3/outputs/seq14_apo_May22_2026_5.59PM
Running AlphaFold 3. Please note that standard AlphaFold 3 model parameters are
only available under terms of use provided at
https://github.com/google-deepmind/alphafold3/blob/main/WEIGHTS_TERMS_OF_USE.md.
If you do not agree to these terms and are using AlphaFold 3 derived model
parameters, cancel execution of AlphaFold 3 inference with CTRL-C, and do not
use the model parameters.
Found local devices: [CudaDevice(id=0)]
Building model from scratch...
Processing fold inputs.
Processing fold input #1
Processing fold input seq14
Checking we can load the model parameters...
Running data pipeline...
Processing chain A
Processing chain A took 928.05 seconds
Output directory: /root/af_output/seq14_apo_May22_2026_5.59PM/seq14
Writing model input JSON to /root/af_output/seq14_apo_May22_2026_5.59PM/seq14
Predicting 3D structure for seq14 for seed(s) (1181915990,)...
Featurising data for seeds (1181915990,)...
Featurising seq14 with rng_seed 1181915990.
Featurising seq14 with rng_seed 1181915990 took 7.72 seconds.
Featurising data for seeds (1181915990,) took  12.21 seconds.
Running model inference for seed 1181915990...
Running model inference for seed 1181915990 took  51.52 seconds.
Extracting output structures (one per sample) for seed 1181915990...
Extracting output structures (one per sample) for seed 1181915990 took  0.51 seconds.
Running model inference and extracting output structures for seed 1181915990 took  52.03 seconds.
Running model inference and extracting output structures for seeds (1181915990,) took  52.03 seconds.
Writing outputs for seq14 for seed(s) (1181915990,)...
Done processing fold input seq14.
Done processing 1 fold inputs.
