==> [task 109] pdb_id=seq13_cluster8
==> template CIF: /mnt/gs21/scratch/renaldse/AlphaFold3/inputs/structures/NODES_Proteins/seq13_cluster_repr_8.cif
==> writing JSON: /mnt/gs21/scratch/renaldse/AlphaFold3/inputs/seq13_cluster8_templated_apo_Jun11_2026_11.22.54AM_109.json
==> running AF3 in /mnt/gs21/scratch/renaldse/AlphaFold3/outputs/seq13_cluster8_templated_apo_Jun11_2026_11.22.54AM_109
Running AlphaFold 3. Please note that standard AlphaFold 3 model parameters are
only available under terms of use provided at
https://github.com/google-deepmind/alphafold3/blob/main/WEIGHTS_TERMS_OF_USE.md.
If you do not agree to these terms and are using AlphaFold 3 derived model
parameters, cancel execution of AlphaFold 3 inference with CTRL-C, and do not
use the model parameters.
Found local devices: [CudaDevice(id=0)]
Building model from scratch...
Processing fold inputs.
Processing fold input #1
Processing fold input seq13_cluster8
Checking we can load the model parameters...
Running data pipeline...
Processing chain A
Processing chain A took 0.00 seconds
Output directory: /root/af_output/seq13_cluster8_templated_apo_Jun11_2026_11.22.54AM_109/seq13_cluster8
Writing model input JSON to /root/af_output/seq13_cluster8_templated_apo_Jun11_2026_11.22.54AM_109/seq13_cluster8
Predicting 3D structure for seq13_cluster8 for seed(s) (1156084354, 1156084355)...
Featurising data for seeds (1156084354, 1156084355)...
Featurising seq13_cluster8 with rng_seed 1156084354.
Featurising seq13_cluster8 with rng_seed 1156084354 took 4.36 seconds.
Featurising seq13_cluster8 with rng_seed 1156084355.
Featurising seq13_cluster8 with rng_seed 1156084355 took 4.30 seconds.
Featurising data for seeds (1156084354, 1156084355) took  25.22 seconds.
Running model inference for seed 1156084354...
Running model inference for seed 1156084354 took  53.00 seconds.
Extracting output structures (one per sample) for seed 1156084354...
Extracting output structures (one per sample) for seed 1156084354 took  0.38 seconds.
Running model inference and extracting output structures for seed 1156084354 took  53.38 seconds.
Running model inference for seed 1156084355...
Running model inference for seed 1156084355 took  19.34 seconds.
Extracting output structures (one per sample) for seed 1156084355...
Extracting output structures (one per sample) for seed 1156084355 took  0.37 seconds.
Running model inference and extracting output structures for seed 1156084355 took  19.71 seconds.
Running model inference and extracting output structures for seeds (1156084354, 1156084355) took  73.09 seconds.
Writing outputs for seq13_cluster8 for seed(s) (1156084354, 1156084355)...
Done processing fold input seq13_cluster8.
Done processing 1 fold inputs.
