==> [task 101] pdb_id=seq13_cluster0
==> template CIF: /mnt/gs21/scratch/renaldse/AlphaFold3/inputs/structures/NODES_Proteins/seq13_cluster_repr_0.cif
==> writing JSON: /mnt/gs21/scratch/renaldse/AlphaFold3/inputs/seq13_cluster0_templated_apo_Jun11_2026_11.20.13AM_101.json
==> running AF3 in /mnt/gs21/scratch/renaldse/AlphaFold3/outputs/seq13_cluster0_templated_apo_Jun11_2026_11.20.13AM_101
Running AlphaFold 3. Please note that standard AlphaFold 3 model parameters are
only available under terms of use provided at
https://github.com/google-deepmind/alphafold3/blob/main/WEIGHTS_TERMS_OF_USE.md.
If you do not agree to these terms and are using AlphaFold 3 derived model
parameters, cancel execution of AlphaFold 3 inference with CTRL-C, and do not
use the model parameters.
Found local devices: [CudaDevice(id=0)]
Building model from scratch...
Processing fold inputs.
Processing fold input #1
Processing fold input seq13_cluster0
Checking we can load the model parameters...
Running data pipeline...
Processing chain A
Processing chain A took 0.00 seconds
Output directory: /root/af_output/seq13_cluster0_templated_apo_Jun11_2026_11.20.13AM_101/seq13_cluster0
Writing model input JSON to /root/af_output/seq13_cluster0_templated_apo_Jun11_2026_11.20.13AM_101/seq13_cluster0
Predicting 3D structure for seq13_cluster0 for seed(s) (1244920500, 1244920501)...
Featurising data for seeds (1244920500, 1244920501)...
Featurising seq13_cluster0 with rng_seed 1244920500.
Featurising seq13_cluster0 with rng_seed 1244920500 took 4.32 seconds.
Featurising seq13_cluster0 with rng_seed 1244920501.
Featurising seq13_cluster0 with rng_seed 1244920501 took 4.32 seconds.
Featurising data for seeds (1244920500, 1244920501) took  13.21 seconds.
Running model inference for seed 1244920500...
Running model inference for seed 1244920500 took  50.33 seconds.
Extracting output structures (one per sample) for seed 1244920500...
Extracting output structures (one per sample) for seed 1244920500 took  0.38 seconds.
Running model inference and extracting output structures for seed 1244920500 took  50.70 seconds.
Running model inference for seed 1244920501...
Running model inference for seed 1244920501 took  19.36 seconds.
Extracting output structures (one per sample) for seed 1244920501...
Extracting output structures (one per sample) for seed 1244920501 took  0.37 seconds.
Running model inference and extracting output structures for seed 1244920501 took  19.73 seconds.
Running model inference and extracting output structures for seeds (1244920500, 1244920501) took  70.44 seconds.
Writing outputs for seq13_cluster0 for seed(s) (1244920500, 1244920501)...
Done processing fold input seq13_cluster0.
Done processing 1 fold inputs.
