==> [task 1] pdb_id=seq1
==> writing JSON: /mnt/gs21/scratch/renaldse/AlphaFold3/inputs/seq1.json
==> running AF3 (expected 7 structures) in /mnt/gs21/scratch/renaldse/AlphaFold3/outputs/seq1
Running AlphaFold 3. Please note that standard AlphaFold 3 model parameters are
only available under terms of use provided at
https://github.com/google-deepmind/alphafold3/blob/main/WEIGHTS_TERMS_OF_USE.md.
If you do not agree to these terms and are using AlphaFold 3 derived model
parameters, cancel execution of AlphaFold 3 inference with CTRL-C, and do not
use the model parameters.
Found local devices: [CudaDevice(id=0)]
Building model from scratch...
Processing fold inputs.
Processing fold input #1
Processing fold input seq1
Checking we can load the model parameters...
Running data pipeline...
Processing chain A
Processing chain A took 1562.49 seconds
Output directory: /root/af_output/seq1/seq1
Writing model input JSON to /root/af_output/seq1/seq1
Predicting 3D structure for seq1 for seed(s) (1898484009,)...
Featurising data for seeds (1898484009,)...
Featurising seq1 with rng_seed 1898484009.
Featurising seq1 with rng_seed 1898484009 took 7.13 seconds.
Featurising data for seeds (1898484009,) took  13.65 seconds.
Running model inference for seed 1898484009...
Running model inference for seed 1898484009 took  55.91 seconds.
Extracting output structures (one per sample) for seed 1898484009...
Extracting output structures (one per sample) for seed 1898484009 took  0.39 seconds.
Running model inference and extracting output structures for seed 1898484009 took  56.30 seconds.
Running model inference and extracting output structures for seeds (1898484009,) took  56.30 seconds.
Writing outputs for seq1 for seed(s) (1898484009,)...
Done processing fold input seq1.
Done processing 1 fold inputs.
