==> [task 38] pdb_id=seq5_cluster7
==> template CIF: /mnt/gs21/scratch/renaldse/AlphaFold3/inputs/structures/NODES_Proteins/seq5_cluster_repr_7.cif
==> writing JSON: /mnt/gs21/scratch/renaldse/AlphaFold3/inputs/seq5_cluster7_templated_apo_Jun11_2026_11.01.28AM_38.json
==> running AF3 in /mnt/gs21/scratch/renaldse/AlphaFold3/outputs/seq5_cluster7_templated_apo_Jun11_2026_11.01.28AM_38
Running AlphaFold 3. Please note that standard AlphaFold 3 model parameters are
only available under terms of use provided at
https://github.com/google-deepmind/alphafold3/blob/main/WEIGHTS_TERMS_OF_USE.md.
If you do not agree to these terms and are using AlphaFold 3 derived model
parameters, cancel execution of AlphaFold 3 inference with CTRL-C, and do not
use the model parameters.
Found local devices: [CudaDevice(id=0)]
Building model from scratch...
Processing fold inputs.
Processing fold input #1
Processing fold input seq5_cluster7
Checking we can load the model parameters...
Running data pipeline...
Processing chain A
Processing chain A took 0.00 seconds
Output directory: /root/af_output/seq5_cluster7_templated_apo_Jun11_2026_11.01.28AM_38/seq5_cluster7
Writing model input JSON to /root/af_output/seq5_cluster7_templated_apo_Jun11_2026_11.01.28AM_38/seq5_cluster7
Predicting 3D structure for seq5_cluster7 for seed(s) (1547436264, 1547436265)...
Featurising data for seeds (1547436264, 1547436265)...
Featurising seq5_cluster7 with rng_seed 1547436264.
Featurising seq5_cluster7 with rng_seed 1547436264 took 1.91 seconds.
Featurising seq5_cluster7 with rng_seed 1547436265.
Featurising seq5_cluster7 with rng_seed 1547436265 took 1.88 seconds.
Featurising data for seeds (1547436264, 1547436265) took  10.23 seconds.
Running model inference for seed 1547436264...
Running model inference for seed 1547436264 took  39.67 seconds.
Extracting output structures (one per sample) for seed 1547436264...
Extracting output structures (one per sample) for seed 1547436264 took  0.17 seconds.
Running model inference and extracting output structures for seed 1547436264 took  39.84 seconds.
Running model inference for seed 1547436265...
Running model inference for seed 1547436265 took  7.80 seconds.
Extracting output structures (one per sample) for seed 1547436265...
Extracting output structures (one per sample) for seed 1547436265 took  0.16 seconds.
Running model inference and extracting output structures for seed 1547436265 took  7.96 seconds.
Running model inference and extracting output structures for seeds (1547436264, 1547436265) took  47.80 seconds.
Writing outputs for seq5_cluster7 for seed(s) (1547436264, 1547436265)...
Done processing fold input seq5_cluster7.
Done processing 1 fold inputs.
