==> [task 6] pdb_id=seq7
==> writing JSON: /mnt/gs21/scratch/renaldse/AlphaFold3/inputs/seq7_apo_May22_2026_5.17PM.json
==> running AF3 (expected 7 structures) in /mnt/gs21/scratch/renaldse/AlphaFold3/outputs/seq7_apo_May22_2026_5.17PM
Running AlphaFold 3. Please note that standard AlphaFold 3 model parameters are
only available under terms of use provided at
https://github.com/google-deepmind/alphafold3/blob/main/WEIGHTS_TERMS_OF_USE.md.
If you do not agree to these terms and are using AlphaFold 3 derived model
parameters, cancel execution of AlphaFold 3 inference with CTRL-C, and do not
use the model parameters.
Found local devices: [CudaDevice(id=0)]
Building model from scratch...
Processing fold inputs.
Processing fold input #1
Processing fold input seq7
Checking we can load the model parameters...
Running data pipeline...
Processing chain A
Processing chain A took 778.31 seconds
Output directory: /root/af_output/seq7_apo_May22_2026_5.17PM/seq7
Writing model input JSON to /root/af_output/seq7_apo_May22_2026_5.17PM/seq7
Predicting 3D structure for seq7 for seed(s) (407581728,)...
Featurising data for seeds (407581728,)...
Featurising seq7 with rng_seed 407581728.
Featurising seq7 with rng_seed 407581728 took 2.05 seconds.
Featurising data for seeds (407581728,) took  8.60 seconds.
Running model inference for seed 407581728...
Running model inference for seed 407581728 took  41.13 seconds.
Extracting output structures (one per sample) for seed 407581728...
Extracting output structures (one per sample) for seed 407581728 took  0.17 seconds.
Running model inference and extracting output structures for seed 407581728 took  41.30 seconds.
Running model inference and extracting output structures for seeds (407581728,) took  41.30 seconds.
Writing outputs for seq7 for seed(s) (407581728,)...
Done processing fold input seq7.
Done processing 1 fold inputs.
