==> [task 86] pdb_id=seq11_cluster5
==> template CIF: /mnt/gs21/scratch/renaldse/AlphaFold3/inputs/structures/NODES_Proteins/seq11_cluster_repr_5.cif
==> writing JSON: /mnt/gs21/scratch/renaldse/AlphaFold3/inputs/seq11_cluster5_templated_apo_Jun11_2026_11.16.55AM_86.json
==> running AF3 in /mnt/gs21/scratch/renaldse/AlphaFold3/outputs/seq11_cluster5_templated_apo_Jun11_2026_11.16.55AM_86
Running AlphaFold 3. Please note that standard AlphaFold 3 model parameters are
only available under terms of use provided at
https://github.com/google-deepmind/alphafold3/blob/main/WEIGHTS_TERMS_OF_USE.md.
If you do not agree to these terms and are using AlphaFold 3 derived model
parameters, cancel execution of AlphaFold 3 inference with CTRL-C, and do not
use the model parameters.
Found local devices: [CudaDevice(id=0)]
Building model from scratch...
Processing fold inputs.
Processing fold input #1
Processing fold input seq11_cluster5
Checking we can load the model parameters...
Running data pipeline...
Processing chain A
Processing chain A took 0.00 seconds
Output directory: /root/af_output/seq11_cluster5_templated_apo_Jun11_2026_11.16.55AM_86/seq11_cluster5
Writing model input JSON to /root/af_output/seq11_cluster5_templated_apo_Jun11_2026_11.16.55AM_86/seq11_cluster5
Predicting 3D structure for seq11_cluster5 for seed(s) (1051516418, 1051516419)...
Featurising data for seeds (1051516418, 1051516419)...
Featurising seq11_cluster5 with rng_seed 1051516418.
Featurising seq11_cluster5 with rng_seed 1051516418 took 4.96 seconds.
Featurising seq11_cluster5 with rng_seed 1051516419.
Featurising seq11_cluster5 with rng_seed 1051516419 took 4.87 seconds.
Featurising data for seeds (1051516418, 1051516419) took  25.34 seconds.
Running model inference for seed 1051516418...
Running model inference for seed 1051516418 took  53.70 seconds.
Extracting output structures (one per sample) for seed 1051516418...
Extracting output structures (one per sample) for seed 1051516418 took  0.43 seconds.
Running model inference and extracting output structures for seed 1051516418 took  54.13 seconds.
Running model inference for seed 1051516419...
Running model inference for seed 1051516419 took  19.38 seconds.
Extracting output structures (one per sample) for seed 1051516419...
Extracting output structures (one per sample) for seed 1051516419 took  0.42 seconds.
Running model inference and extracting output structures for seed 1051516419 took  19.80 seconds.
Running model inference and extracting output structures for seeds (1051516418, 1051516419) took  73.93 seconds.
Writing outputs for seq11_cluster5 for seed(s) (1051516418, 1051516419)...
Done processing fold input seq11_cluster5.
Done processing 1 fold inputs.
