Template mapping for seq1_cluster2: used mmCIF label_seq_id numbering. Mapped 331 template residues to query length 331. Apparent missing/unmapped query residues: 0. Sequence agreement at mapped positions: 331/331 = 100.0%.
I0611 10:51:31.339853 22655487115264 folding_input.py:1044] Detected /root/af_input/seq1_cluster2_templated_apo_Jun11_2026_10.51.26AM_3.json is an AlphaFold 3 JSON since the top-level is not a list.
I0611 10:51:32.363738 22655487115264 xla_bridge.py:895] Unable to initialize backend 'rocm': module 'jaxlib.xla_extension' has no attribute 'GpuAllocatorConfig'
I0611 10:51:32.379493 22655487115264 xla_bridge.py:895] Unable to initialize backend 'tpu': INTERNAL: Failed to open libtpu.so: libtpu.so: cannot open shared object file: No such file or directory
I0611 10:51:38.200541 22655487115264 pipeline.py:404] Skipping MSA and template search for protein chain A because it already has MSAs and templates.
I0611 10:51:44.811333 22655487115264 pipeline.py:165] processing seq1_cluster2, random_seed=633164819
I0611 10:51:44.839668 22655487115264 pipeline.py:258] Calculating bucket size for input with 331 tokens.
I0611 10:51:44.839827 22655487115264 pipeline.py:264] Got bucket size 512 for input with 331 tokens, resulting in 181 padded tokens.
I0611 10:51:48.491608 22655487115264 pipeline.py:165] processing seq1_cluster2, random_seed=633164820
I0611 10:51:48.512519 22655487115264 pipeline.py:258] Calculating bucket size for input with 331 tokens.
I0611 10:51:48.512598 22655487115264 pipeline.py:264] Got bucket size 512 for input with 331 tokens, resulting in 181 padded tokens.
/alphafold3_venv/lib/python3.11/site-packages/alphafold3/model/confidences.py:337: RuntimeWarning: invalid value encountered in divide
  return np.nanmean(value * mask_with_nan, axis=axis) / np.nanmean(
/alphafold3_venv/lib/python3.11/site-packages/alphafold3/model/confidences.py:337: RuntimeWarning: invalid value encountered in divide
  return np.nanmean(value * mask_with_nan, axis=axis) / np.nanmean(
/alphafold3_venv/lib/python3.11/site-packages/alphafold3/model/confidences.py:528: RuntimeWarning: Mean of empty slice
  xchain = np.nanmean(
/alphafold3_venv/lib/python3.11/site-packages/alphafold3/model/confidences.py:337: RuntimeWarning: invalid value encountered in divide
  return np.nanmean(value * mask_with_nan, axis=axis) / np.nanmean(
/alphafold3_venv/lib/python3.11/site-packages/alphafold3/model/confidences.py:337: RuntimeWarning: invalid value encountered in divide
  return np.nanmean(value * mask_with_nan, axis=axis) / np.nanmean(
/alphafold3_venv/lib/python3.11/site-packages/alphafold3/model/confidences.py:528: RuntimeWarning: Mean of empty slice
  xchain = np.nanmean(
/alphafold3_venv/lib/python3.11/site-packages/alphafold3/model/confidences.py:337: RuntimeWarning: invalid value encountered in divide
  return np.nanmean(value * mask_with_nan, axis=axis) / np.nanmean(
/alphafold3_venv/lib/python3.11/site-packages/alphafold3/model/confidences.py:337: RuntimeWarning: invalid value encountered in divide
  return np.nanmean(value * mask_with_nan, axis=axis) / np.nanmean(
/alphafold3_venv/lib/python3.11/site-packages/alphafold3/model/confidences.py:554: RuntimeWarning: Mean of empty slice
  return np.nanmean(np.stack([xchain_row_agg, xchain_col_agg], axis=0), axis=0)
/alphafold3_venv/lib/python3.11/site-packages/alphafold3/model/confidences.py:337: RuntimeWarning: invalid value encountered in divide
  return np.nanmean(value * mask_with_nan, axis=axis) / np.nanmean(
/alphafold3_venv/lib/python3.11/site-packages/alphafold3/model/confidences.py:337: RuntimeWarning: invalid value encountered in divide
  return np.nanmean(value * mask_with_nan, axis=axis) / np.nanmean(
/alphafold3_venv/lib/python3.11/site-packages/alphafold3/model/confidences.py:528: RuntimeWarning: Mean of empty slice
  xchain = np.nanmean(
/alphafold3_venv/lib/python3.11/site-packages/alphafold3/model/confidences.py:337: RuntimeWarning: invalid value encountered in divide
  return np.nanmean(value * mask_with_nan, axis=axis) / np.nanmean(
/alphafold3_venv/lib/python3.11/site-packages/alphafold3/model/confidences.py:337: RuntimeWarning: invalid value encountered in divide
  return np.nanmean(value * mask_with_nan, axis=axis) / np.nanmean(
/alphafold3_venv/lib/python3.11/site-packages/alphafold3/model/confidences.py:528: RuntimeWarning: Mean of empty slice
  xchain = np.nanmean(
/alphafold3_venv/lib/python3.11/site-packages/alphafold3/model/confidences.py:337: RuntimeWarning: invalid value encountered in divide
  return np.nanmean(value * mask_with_nan, axis=axis) / np.nanmean(
/alphafold3_venv/lib/python3.11/site-packages/alphafold3/model/confidences.py:337: RuntimeWarning: invalid value encountered in divide
  return np.nanmean(value * mask_with_nan, axis=axis) / np.nanmean(
/alphafold3_venv/lib/python3.11/site-packages/alphafold3/model/confidences.py:554: RuntimeWarning: Mean of empty slice
  return np.nanmean(np.stack([xchain_row_agg, xchain_col_agg], axis=0), axis=0)
