==> [task 103] pdb_id=seq13_cluster2
==> template CIF: /mnt/gs21/scratch/renaldse/AlphaFold3/inputs/structures/NODES_Proteins/seq13_cluster_repr_2.cif
==> writing JSON: /mnt/gs21/scratch/renaldse/AlphaFold3/inputs/seq13_cluster2_templated_apo_Jun11_2026_11.20.33AM_103.json
==> running AF3 in /mnt/gs21/scratch/renaldse/AlphaFold3/outputs/seq13_cluster2_templated_apo_Jun11_2026_11.20.33AM_103
Running AlphaFold 3. Please note that standard AlphaFold 3 model parameters are
only available under terms of use provided at
https://github.com/google-deepmind/alphafold3/blob/main/WEIGHTS_TERMS_OF_USE.md.
If you do not agree to these terms and are using AlphaFold 3 derived model
parameters, cancel execution of AlphaFold 3 inference with CTRL-C, and do not
use the model parameters.
Found local devices: [CudaDevice(id=0)]
Building model from scratch...
Processing fold inputs.
Processing fold input #1
Processing fold input seq13_cluster2
Checking we can load the model parameters...
Running data pipeline...
Processing chain A
Processing chain A took 0.00 seconds
Output directory: /root/af_output/seq13_cluster2_templated_apo_Jun11_2026_11.20.33AM_103/seq13_cluster2
Writing model input JSON to /root/af_output/seq13_cluster2_templated_apo_Jun11_2026_11.20.33AM_103/seq13_cluster2
Predicting 3D structure for seq13_cluster2 for seed(s) (608017314, 608017315)...
Featurising data for seeds (608017314, 608017315)...
Featurising seq13_cluster2 with rng_seed 608017314.
Featurising seq13_cluster2 with rng_seed 608017314 took 4.34 seconds.
Featurising seq13_cluster2 with rng_seed 608017315.
Featurising seq13_cluster2 with rng_seed 608017315 took 4.32 seconds.
Featurising data for seeds (608017314, 608017315) took  13.28 seconds.
Running model inference for seed 608017314...
Running model inference for seed 608017314 took  50.63 seconds.
Extracting output structures (one per sample) for seed 608017314...
Extracting output structures (one per sample) for seed 608017314 took  0.38 seconds.
Running model inference and extracting output structures for seed 608017314 took  51.01 seconds.
Running model inference for seed 608017315...
Running model inference for seed 608017315 took  19.41 seconds.
Extracting output structures (one per sample) for seed 608017315...
Extracting output structures (one per sample) for seed 608017315 took  0.37 seconds.
Running model inference and extracting output structures for seed 608017315 took  19.78 seconds.
Running model inference and extracting output structures for seeds (608017314, 608017315) took  70.79 seconds.
Writing outputs for seq13_cluster2 for seed(s) (608017314, 608017315)...
Done processing fold input seq13_cluster2.
Done processing 1 fold inputs.
