==> [task 20] pdb_id=seq2_cluster9
==> template CIF: /mnt/gs21/scratch/renaldse/AlphaFold3/inputs/structures/NODES_Proteins/seq2_cluster_repr_9.cif
==> writing JSON: /mnt/gs21/scratch/renaldse/AlphaFold3/inputs/seq2_cluster9_templated_apo_Jun11_2026_10.57.50AM_20.json
==> running AF3 in /mnt/gs21/scratch/renaldse/AlphaFold3/outputs/seq2_cluster9_templated_apo_Jun11_2026_10.57.50AM_20
Running AlphaFold 3. Please note that standard AlphaFold 3 model parameters are
only available under terms of use provided at
https://github.com/google-deepmind/alphafold3/blob/main/WEIGHTS_TERMS_OF_USE.md.
If you do not agree to these terms and are using AlphaFold 3 derived model
parameters, cancel execution of AlphaFold 3 inference with CTRL-C, and do not
use the model parameters.
Found local devices: [CudaDevice(id=0)]
Building model from scratch...
Processing fold inputs.
Processing fold input #1
Processing fold input seq2_cluster9
Checking we can load the model parameters...
Running data pipeline...
Processing chain A
Processing chain A took 0.00 seconds
Output directory: /root/af_output/seq2_cluster9_templated_apo_Jun11_2026_10.57.50AM_20/seq2_cluster9
Writing model input JSON to /root/af_output/seq2_cluster9_templated_apo_Jun11_2026_10.57.50AM_20/seq2_cluster9
Predicting 3D structure for seq2_cluster9 for seed(s) (1498953370, 1498953371)...
Featurising data for seeds (1498953370, 1498953371)...
Featurising seq2_cluster9 with rng_seed 1498953370.
Featurising seq2_cluster9 with rng_seed 1498953370 took 1.44 seconds.
Featurising seq2_cluster9 with rng_seed 1498953371.
Featurising seq2_cluster9 with rng_seed 1498953371 took 1.41 seconds.
Featurising data for seeds (1498953370, 1498953371) took  19.50 seconds.
Running model inference for seed 1498953370...
Running model inference for seed 1498953370 took  40.78 seconds.
Extracting output structures (one per sample) for seed 1498953370...
Extracting output structures (one per sample) for seed 1498953370 took  0.12 seconds.
Running model inference and extracting output structures for seed 1498953370 took  40.90 seconds.
Running model inference for seed 1498953371...
Running model inference for seed 1498953371 took  7.78 seconds.
Extracting output structures (one per sample) for seed 1498953371...
Extracting output structures (one per sample) for seed 1498953371 took  0.11 seconds.
Running model inference and extracting output structures for seed 1498953371 took  7.90 seconds.
Running model inference and extracting output structures for seeds (1498953370, 1498953371) took  48.80 seconds.
Writing outputs for seq2_cluster9 for seed(s) (1498953370, 1498953371)...
Done processing fold input seq2_cluster9.
Done processing 1 fold inputs.
