==> [task 96] pdb_id=seq12_cluster5
==> template CIF: /mnt/gs21/scratch/renaldse/AlphaFold3/inputs/structures/NODES_Proteins/seq12_cluster_repr_5.cif
==> writing JSON: /mnt/gs21/scratch/renaldse/AlphaFold3/inputs/seq12_cluster5_templated_apo_Jun11_2026_11.19.52AM_96.json
==> running AF3 in /mnt/gs21/scratch/renaldse/AlphaFold3/outputs/seq12_cluster5_templated_apo_Jun11_2026_11.19.52AM_96
Running AlphaFold 3. Please note that standard AlphaFold 3 model parameters are
only available under terms of use provided at
https://github.com/google-deepmind/alphafold3/blob/main/WEIGHTS_TERMS_OF_USE.md.
If you do not agree to these terms and are using AlphaFold 3 derived model
parameters, cancel execution of AlphaFold 3 inference with CTRL-C, and do not
use the model parameters.
Found local devices: [CudaDevice(id=0)]
Building model from scratch...
Processing fold inputs.
Processing fold input #1
Processing fold input seq12_cluster5
Checking we can load the model parameters...
Running data pipeline...
Processing chain A
Processing chain A took 0.00 seconds
Output directory: /root/af_output/seq12_cluster5_templated_apo_Jun11_2026_11.19.52AM_96/seq12_cluster5
Writing model input JSON to /root/af_output/seq12_cluster5_templated_apo_Jun11_2026_11.19.52AM_96/seq12_cluster5
Predicting 3D structure for seq12_cluster5 for seed(s) (1436247301, 1436247302)...
Featurising data for seeds (1436247301, 1436247302)...
Featurising seq12_cluster5 with rng_seed 1436247301.
Featurising seq12_cluster5 with rng_seed 1436247301 took 4.40 seconds.
Featurising seq12_cluster5 with rng_seed 1436247302.
Featurising seq12_cluster5 with rng_seed 1436247302 took 4.38 seconds.
Featurising data for seeds (1436247301, 1436247302) took  24.23 seconds.
Running model inference for seed 1436247301...
Running model inference for seed 1436247301 took  53.46 seconds.
Extracting output structures (one per sample) for seed 1436247301...
Extracting output structures (one per sample) for seed 1436247301 took  0.38 seconds.
Running model inference and extracting output structures for seed 1436247301 took  53.85 seconds.
Running model inference for seed 1436247302...
Running model inference for seed 1436247302 took  19.37 seconds.
Extracting output structures (one per sample) for seed 1436247302...
Extracting output structures (one per sample) for seed 1436247302 took  0.38 seconds.
Running model inference and extracting output structures for seed 1436247302 took  19.75 seconds.
Running model inference and extracting output structures for seeds (1436247301, 1436247302) took  73.59 seconds.
Writing outputs for seq12_cluster5 for seed(s) (1436247301, 1436247302)...
Done processing fold input seq12_cluster5.
Done processing 1 fold inputs.
