Template mapping for seq7_cluster2: used mmCIF label_seq_id numbering. Mapped 157 template residues to query length 157. Apparent missing/unmapped query residues: 0. Sequence agreement at mapped positions: 157/157 = 100.0%.
I0611 11:08:01.333975 22686410317824 folding_input.py:1044] Detected /root/af_input/seq7_cluster2_templated_apo_Jun11_2026_11.08.00AM_53.json is an AlphaFold 3 JSON since the top-level is not a list.
I0611 11:08:01.825219 22686410317824 xla_bridge.py:895] Unable to initialize backend 'rocm': module 'jaxlib.xla_extension' has no attribute 'GpuAllocatorConfig'
I0611 11:08:01.826163 22686410317824 xla_bridge.py:895] Unable to initialize backend 'tpu': INTERNAL: Failed to open libtpu.so: libtpu.so: cannot open shared object file: No such file or directory
I0611 11:08:07.400829 22686410317824 pipeline.py:404] Skipping MSA and template search for protein chain A because it already has MSAs and templates.
I0611 11:08:12.220660 22686410317824 pipeline.py:165] processing seq7_cluster2, random_seed=681780310
I0611 11:08:12.235535 22686410317824 pipeline.py:258] Calculating bucket size for input with 157 tokens.
I0611 11:08:12.235729 22686410317824 pipeline.py:264] Got bucket size 256 for input with 157 tokens, resulting in 99 padded tokens.
I0611 11:08:13.991425 22686410317824 pipeline.py:165] processing seq7_cluster2, random_seed=681780311
I0611 11:08:14.004006 22686410317824 pipeline.py:258] Calculating bucket size for input with 157 tokens.
I0611 11:08:14.004097 22686410317824 pipeline.py:264] Got bucket size 256 for input with 157 tokens, resulting in 99 padded tokens.
/alphafold3_venv/lib/python3.11/site-packages/alphafold3/model/confidences.py:337: RuntimeWarning: invalid value encountered in divide
  return np.nanmean(value * mask_with_nan, axis=axis) / np.nanmean(
/alphafold3_venv/lib/python3.11/site-packages/alphafold3/model/confidences.py:337: RuntimeWarning: invalid value encountered in divide
  return np.nanmean(value * mask_with_nan, axis=axis) / np.nanmean(
/alphafold3_venv/lib/python3.11/site-packages/alphafold3/model/confidences.py:528: RuntimeWarning: Mean of empty slice
  xchain = np.nanmean(
/alphafold3_venv/lib/python3.11/site-packages/alphafold3/model/confidences.py:337: RuntimeWarning: invalid value encountered in divide
  return np.nanmean(value * mask_with_nan, axis=axis) / np.nanmean(
/alphafold3_venv/lib/python3.11/site-packages/alphafold3/model/confidences.py:337: RuntimeWarning: invalid value encountered in divide
  return np.nanmean(value * mask_with_nan, axis=axis) / np.nanmean(
/alphafold3_venv/lib/python3.11/site-packages/alphafold3/model/confidences.py:528: RuntimeWarning: Mean of empty slice
  xchain = np.nanmean(
/alphafold3_venv/lib/python3.11/site-packages/alphafold3/model/confidences.py:337: RuntimeWarning: invalid value encountered in divide
  return np.nanmean(value * mask_with_nan, axis=axis) / np.nanmean(
/alphafold3_venv/lib/python3.11/site-packages/alphafold3/model/confidences.py:337: RuntimeWarning: invalid value encountered in divide
  return np.nanmean(value * mask_with_nan, axis=axis) / np.nanmean(
/alphafold3_venv/lib/python3.11/site-packages/alphafold3/model/confidences.py:554: RuntimeWarning: Mean of empty slice
  return np.nanmean(np.stack([xchain_row_agg, xchain_col_agg], axis=0), axis=0)
/alphafold3_venv/lib/python3.11/site-packages/alphafold3/model/confidences.py:337: RuntimeWarning: invalid value encountered in divide
  return np.nanmean(value * mask_with_nan, axis=axis) / np.nanmean(
/alphafold3_venv/lib/python3.11/site-packages/alphafold3/model/confidences.py:337: RuntimeWarning: invalid value encountered in divide
  return np.nanmean(value * mask_with_nan, axis=axis) / np.nanmean(
/alphafold3_venv/lib/python3.11/site-packages/alphafold3/model/confidences.py:528: RuntimeWarning: Mean of empty slice
  xchain = np.nanmean(
/alphafold3_venv/lib/python3.11/site-packages/alphafold3/model/confidences.py:337: RuntimeWarning: invalid value encountered in divide
  return np.nanmean(value * mask_with_nan, axis=axis) / np.nanmean(
/alphafold3_venv/lib/python3.11/site-packages/alphafold3/model/confidences.py:337: RuntimeWarning: invalid value encountered in divide
  return np.nanmean(value * mask_with_nan, axis=axis) / np.nanmean(
/alphafold3_venv/lib/python3.11/site-packages/alphafold3/model/confidences.py:528: RuntimeWarning: Mean of empty slice
  xchain = np.nanmean(
/alphafold3_venv/lib/python3.11/site-packages/alphafold3/model/confidences.py:337: RuntimeWarning: invalid value encountered in divide
  return np.nanmean(value * mask_with_nan, axis=axis) / np.nanmean(
/alphafold3_venv/lib/python3.11/site-packages/alphafold3/model/confidences.py:337: RuntimeWarning: invalid value encountered in divide
  return np.nanmean(value * mask_with_nan, axis=axis) / np.nanmean(
/alphafold3_venv/lib/python3.11/site-packages/alphafold3/model/confidences.py:554: RuntimeWarning: Mean of empty slice
  return np.nanmean(np.stack([xchain_row_agg, xchain_col_agg], axis=0), axis=0)
