Template mapping for seq3_cluster1: used mmCIF label_seq_id numbering. Mapped 162 template residues to query length 162. Apparent missing/unmapped query residues: 0. Sequence agreement at mapped positions: 162/162 = 100.0%.
I0611 10:58:09.375942 22939878604800 folding_input.py:1044] Detected /root/af_input/seq3_cluster1_templated_apo_Jun11_2026_10.58.05AM_22.json is an AlphaFold 3 JSON since the top-level is not a list.
I0611 10:58:10.198394 22939878604800 xla_bridge.py:895] Unable to initialize backend 'rocm': module 'jaxlib.xla_extension' has no attribute 'GpuAllocatorConfig'
I0611 10:58:10.213990 22939878604800 xla_bridge.py:895] Unable to initialize backend 'tpu': INTERNAL: Failed to open libtpu.so: libtpu.so: cannot open shared object file: No such file or directory
I0611 10:58:15.922889 22939878604800 pipeline.py:404] Skipping MSA and template search for protein chain A because it already has MSAs and templates.
I0611 10:58:22.477002 22939878604800 pipeline.py:165] processing seq3_cluster1, random_seed=943838616
I0611 10:58:22.496838 22939878604800 pipeline.py:258] Calculating bucket size for input with 162 tokens.
I0611 10:58:22.496986 22939878604800 pipeline.py:264] Got bucket size 256 for input with 162 tokens, resulting in 94 padded tokens.
I0611 10:58:24.375295 22939878604800 pipeline.py:165] processing seq3_cluster1, random_seed=943838617
I0611 10:58:24.387900 22939878604800 pipeline.py:258] Calculating bucket size for input with 162 tokens.
I0611 10:58:24.387987 22939878604800 pipeline.py:264] Got bucket size 256 for input with 162 tokens, resulting in 94 padded tokens.
/alphafold3_venv/lib/python3.11/site-packages/alphafold3/model/confidences.py:337: RuntimeWarning: invalid value encountered in divide
  return np.nanmean(value * mask_with_nan, axis=axis) / np.nanmean(
/alphafold3_venv/lib/python3.11/site-packages/alphafold3/model/confidences.py:337: RuntimeWarning: invalid value encountered in divide
  return np.nanmean(value * mask_with_nan, axis=axis) / np.nanmean(
/alphafold3_venv/lib/python3.11/site-packages/alphafold3/model/confidences.py:528: RuntimeWarning: Mean of empty slice
  xchain = np.nanmean(
/alphafold3_venv/lib/python3.11/site-packages/alphafold3/model/confidences.py:337: RuntimeWarning: invalid value encountered in divide
  return np.nanmean(value * mask_with_nan, axis=axis) / np.nanmean(
/alphafold3_venv/lib/python3.11/site-packages/alphafold3/model/confidences.py:337: RuntimeWarning: invalid value encountered in divide
  return np.nanmean(value * mask_with_nan, axis=axis) / np.nanmean(
/alphafold3_venv/lib/python3.11/site-packages/alphafold3/model/confidences.py:528: RuntimeWarning: Mean of empty slice
  xchain = np.nanmean(
/alphafold3_venv/lib/python3.11/site-packages/alphafold3/model/confidences.py:337: RuntimeWarning: invalid value encountered in divide
  return np.nanmean(value * mask_with_nan, axis=axis) / np.nanmean(
/alphafold3_venv/lib/python3.11/site-packages/alphafold3/model/confidences.py:337: RuntimeWarning: invalid value encountered in divide
  return np.nanmean(value * mask_with_nan, axis=axis) / np.nanmean(
/alphafold3_venv/lib/python3.11/site-packages/alphafold3/model/confidences.py:554: RuntimeWarning: Mean of empty slice
  return np.nanmean(np.stack([xchain_row_agg, xchain_col_agg], axis=0), axis=0)
/alphafold3_venv/lib/python3.11/site-packages/alphafold3/model/confidences.py:337: RuntimeWarning: invalid value encountered in divide
  return np.nanmean(value * mask_with_nan, axis=axis) / np.nanmean(
/alphafold3_venv/lib/python3.11/site-packages/alphafold3/model/confidences.py:337: RuntimeWarning: invalid value encountered in divide
  return np.nanmean(value * mask_with_nan, axis=axis) / np.nanmean(
/alphafold3_venv/lib/python3.11/site-packages/alphafold3/model/confidences.py:528: RuntimeWarning: Mean of empty slice
  xchain = np.nanmean(
/alphafold3_venv/lib/python3.11/site-packages/alphafold3/model/confidences.py:337: RuntimeWarning: invalid value encountered in divide
  return np.nanmean(value * mask_with_nan, axis=axis) / np.nanmean(
/alphafold3_venv/lib/python3.11/site-packages/alphafold3/model/confidences.py:337: RuntimeWarning: invalid value encountered in divide
  return np.nanmean(value * mask_with_nan, axis=axis) / np.nanmean(
/alphafold3_venv/lib/python3.11/site-packages/alphafold3/model/confidences.py:528: RuntimeWarning: Mean of empty slice
  xchain = np.nanmean(
/alphafold3_venv/lib/python3.11/site-packages/alphafold3/model/confidences.py:337: RuntimeWarning: invalid value encountered in divide
  return np.nanmean(value * mask_with_nan, axis=axis) / np.nanmean(
/alphafold3_venv/lib/python3.11/site-packages/alphafold3/model/confidences.py:337: RuntimeWarning: invalid value encountered in divide
  return np.nanmean(value * mask_with_nan, axis=axis) / np.nanmean(
/alphafold3_venv/lib/python3.11/site-packages/alphafold3/model/confidences.py:554: RuntimeWarning: Mean of empty slice
  return np.nanmean(np.stack([xchain_row_agg, xchain_col_agg], axis=0), axis=0)
