==> [task 28] pdb_id=seq3_cluster7
==> template CIF: /mnt/gs21/scratch/renaldse/AlphaFold3/inputs/structures/NODES_Proteins/seq3_cluster_repr_7.cif
==> writing JSON: /mnt/gs21/scratch/renaldse/AlphaFold3/inputs/seq3_cluster7_templated_apo_Jun11_2026_10.59.21AM_28.json
==> running AF3 in /mnt/gs21/scratch/renaldse/AlphaFold3/outputs/seq3_cluster7_templated_apo_Jun11_2026_10.59.21AM_28
Running AlphaFold 3. Please note that standard AlphaFold 3 model parameters are
only available under terms of use provided at
https://github.com/google-deepmind/alphafold3/blob/main/WEIGHTS_TERMS_OF_USE.md.
If you do not agree to these terms and are using AlphaFold 3 derived model
parameters, cancel execution of AlphaFold 3 inference with CTRL-C, and do not
use the model parameters.
Found local devices: [CudaDevice(id=0)]
Building model from scratch...
Processing fold inputs.
Processing fold input #1
Processing fold input seq3_cluster7
Checking we can load the model parameters...
Running data pipeline...
Processing chain A
Processing chain A took 0.00 seconds
Output directory: /root/af_output/seq3_cluster7_templated_apo_Jun11_2026_10.59.21AM_28/seq3_cluster7
Writing model input JSON to /root/af_output/seq3_cluster7_templated_apo_Jun11_2026_10.59.21AM_28/seq3_cluster7
Predicting 3D structure for seq3_cluster7 for seed(s) (1361211553, 1361211554)...
Featurising data for seeds (1361211553, 1361211554)...
Featurising seq3_cluster7 with rng_seed 1361211553.
Featurising seq3_cluster7 with rng_seed 1361211553 took 1.84 seconds.
Featurising seq3_cluster7 with rng_seed 1361211554.
Featurising seq3_cluster7 with rng_seed 1361211554 took 1.84 seconds.
Featurising data for seeds (1361211553, 1361211554) took  20.28 seconds.
Running model inference for seed 1361211553...
Running model inference for seed 1361211553 took  41.31 seconds.
Extracting output structures (one per sample) for seed 1361211553...
Extracting output structures (one per sample) for seed 1361211553 took  0.15 seconds.
Running model inference and extracting output structures for seed 1361211553 took  41.46 seconds.
Running model inference for seed 1361211554...
Running model inference for seed 1361211554 took  7.80 seconds.
Extracting output structures (one per sample) for seed 1361211554...
Extracting output structures (one per sample) for seed 1361211554 took  0.14 seconds.
Running model inference and extracting output structures for seed 1361211554 took  7.94 seconds.
Running model inference and extracting output structures for seeds (1361211553, 1361211554) took  49.40 seconds.
Writing outputs for seq3_cluster7 for seed(s) (1361211553, 1361211554)...
Done processing fold input seq3_cluster7.
Done processing 1 fold inputs.
