==> [task 8] pdb_id=seq1_cluster7
==> template CIF: /mnt/gs21/scratch/renaldse/AlphaFold3/inputs/structures/NODES_Proteins/seq1_cluster_repr_7.cif
==> writing JSON: /mnt/gs21/scratch/renaldse/AlphaFold3/inputs/seq1_cluster7_templated_apo_Jun11_2026_10.54.16AM_8.json
==> running AF3 in /mnt/gs21/scratch/renaldse/AlphaFold3/outputs/seq1_cluster7_templated_apo_Jun11_2026_10.54.16AM_8
Running AlphaFold 3. Please note that standard AlphaFold 3 model parameters are
only available under terms of use provided at
https://github.com/google-deepmind/alphafold3/blob/main/WEIGHTS_TERMS_OF_USE.md.
If you do not agree to these terms and are using AlphaFold 3 derived model
parameters, cancel execution of AlphaFold 3 inference with CTRL-C, and do not
use the model parameters.
Found local devices: [CudaDevice(id=0)]
Building model from scratch...
Processing fold inputs.
Processing fold input #1
Processing fold input seq1_cluster7
Checking we can load the model parameters...
Running data pipeline...
Processing chain A
Processing chain A took 0.00 seconds
Output directory: /root/af_output/seq1_cluster7_templated_apo_Jun11_2026_10.54.16AM_8/seq1_cluster7
Writing model input JSON to /root/af_output/seq1_cluster7_templated_apo_Jun11_2026_10.54.16AM_8/seq1_cluster7
Predicting 3D structure for seq1_cluster7 for seed(s) (1440194718, 1440194719)...
Featurising data for seeds (1440194718, 1440194719)...
Featurising seq1_cluster7 with rng_seed 1440194718.
Featurising seq1_cluster7 with rng_seed 1440194718 took 3.67 seconds.
Featurising seq1_cluster7 with rng_seed 1440194719.
Featurising seq1_cluster7 with rng_seed 1440194719 took 3.58 seconds.
Featurising data for seeds (1440194718, 1440194719) took  23.83 seconds.
Running model inference for seed 1440194718...
Running model inference for seed 1440194718 took  53.15 seconds.
Extracting output structures (one per sample) for seed 1440194718...
Extracting output structures (one per sample) for seed 1440194718 took  0.32 seconds.
Running model inference and extracting output structures for seed 1440194718 took  53.47 seconds.
Running model inference for seed 1440194719...
Running model inference for seed 1440194719 took  19.35 seconds.
Extracting output structures (one per sample) for seed 1440194719...
Extracting output structures (one per sample) for seed 1440194719 took  0.31 seconds.
Running model inference and extracting output structures for seed 1440194719 took  19.67 seconds.
Running model inference and extracting output structures for seeds (1440194718, 1440194719) took  73.14 seconds.
Writing outputs for seq1_cluster7 for seed(s) (1440194718, 1440194719)...
Done processing fold input seq1_cluster7.
Done processing 1 fold inputs.
