==> [task 94] pdb_id=seq12_cluster3
==> template CIF: /mnt/gs21/scratch/renaldse/AlphaFold3/inputs/structures/NODES_Proteins/seq12_cluster_repr_3.cif
==> writing JSON: /mnt/gs21/scratch/renaldse/AlphaFold3/inputs/seq12_cluster3_templated_apo_Jun11_2026_11.18.52AM_94.json
==> running AF3 in /mnt/gs21/scratch/renaldse/AlphaFold3/outputs/seq12_cluster3_templated_apo_Jun11_2026_11.18.52AM_94
Running AlphaFold 3. Please note that standard AlphaFold 3 model parameters are
only available under terms of use provided at
https://github.com/google-deepmind/alphafold3/blob/main/WEIGHTS_TERMS_OF_USE.md.
If you do not agree to these terms and are using AlphaFold 3 derived model
parameters, cancel execution of AlphaFold 3 inference with CTRL-C, and do not
use the model parameters.
Found local devices: [CudaDevice(id=0)]
Building model from scratch...
Processing fold inputs.
Processing fold input #1
Processing fold input seq12_cluster3
Checking we can load the model parameters...
Running data pipeline...
Processing chain A
Processing chain A took 0.00 seconds
Output directory: /root/af_output/seq12_cluster3_templated_apo_Jun11_2026_11.18.52AM_94/seq12_cluster3
Writing model input JSON to /root/af_output/seq12_cluster3_templated_apo_Jun11_2026_11.18.52AM_94/seq12_cluster3
Predicting 3D structure for seq12_cluster3 for seed(s) (1022935096, 1022935097)...
Featurising data for seeds (1022935096, 1022935097)...
Featurising seq12_cluster3 with rng_seed 1022935096.
Featurising seq12_cluster3 with rng_seed 1022935096 took 4.40 seconds.
Featurising seq12_cluster3 with rng_seed 1022935097.
Featurising seq12_cluster3 with rng_seed 1022935097 took 4.40 seconds.
Featurising data for seeds (1022935096, 1022935097) took  13.43 seconds.
Running model inference for seed 1022935096...
Running model inference for seed 1022935096 took  50.41 seconds.
Extracting output structures (one per sample) for seed 1022935096...
Extracting output structures (one per sample) for seed 1022935096 took  0.38 seconds.
Running model inference and extracting output structures for seed 1022935096 took  50.79 seconds.
Running model inference for seed 1022935097...
Running model inference for seed 1022935097 took  19.41 seconds.
Extracting output structures (one per sample) for seed 1022935097...
Extracting output structures (one per sample) for seed 1022935097 took  0.37 seconds.
Running model inference and extracting output structures for seed 1022935097 took  19.78 seconds.
Running model inference and extracting output structures for seeds (1022935096, 1022935097) took  70.57 seconds.
Writing outputs for seq12_cluster3 for seed(s) (1022935096, 1022935097)...
Done processing fold input seq12_cluster3.
Done processing 1 fold inputs.
