==> [task 12] pdb_id=seq13
==> writing JSON: /mnt/gs21/scratch/renaldse/AlphaFold3/inputs/seq13_apo_May26_2026_9.32AM.json
==> running AF3 (expected 7 structures) in /mnt/gs21/scratch/renaldse/AlphaFold3/outputs/seq13_apo_May26_2026_9.32AM
Running AlphaFold 3. Please note that standard AlphaFold 3 model parameters are
only available under terms of use provided at
https://github.com/google-deepmind/alphafold3/blob/main/WEIGHTS_TERMS_OF_USE.md.
If you do not agree to these terms and are using AlphaFold 3 derived model
parameters, cancel execution of AlphaFold 3 inference with CTRL-C, and do not
use the model parameters.
Found local devices: [CudaDevice(id=0)]
Building model from scratch...
Processing fold inputs.
Processing fold input #1
Processing fold input seq13
Checking we can load the model parameters...
Running data pipeline...
Processing chain A
Processing chain A took 3988.77 seconds
Output directory: /root/af_output/seq13_apo_May26_2026_9.32AM/seq13
Writing model input JSON to /root/af_output/seq13_apo_May26_2026_9.32AM/seq13
Predicting 3D structure for seq13 for seed(s) (1477840625,)...
Featurising data for seeds (1477840625,)...
Featurising seq13 with rng_seed 1477840625.
Featurising seq13 with rng_seed 1477840625 took 7.49 seconds.
Featurising data for seeds (1477840625,) took  12.07 seconds.
Running model inference for seed 1477840625...
Running model inference for seed 1477840625 took  50.71 seconds.
Extracting output structures (one per sample) for seed 1477840625...
Extracting output structures (one per sample) for seed 1477840625 took  0.38 seconds.
Running model inference and extracting output structures for seed 1477840625 took  51.10 seconds.
Running model inference and extracting output structures for seeds (1477840625,) took  51.10 seconds.
Writing outputs for seq13 for seed(s) (1477840625,)...
Done processing fold input seq13.
Done processing 1 fold inputs.
