==> [task 113] pdb_id=seq14_cluster2
==> template CIF: /mnt/gs21/scratch/renaldse/AlphaFold3/inputs/structures/NODES_Proteins/seq14_cluster_repr_2.cif
==> writing JSON: /mnt/gs21/scratch/renaldse/AlphaFold3/inputs/seq14_cluster2_templated_apo_Jun11_2026_11.25.38AM_113.json
==> running AF3 in /mnt/gs21/scratch/renaldse/AlphaFold3/outputs/seq14_cluster2_templated_apo_Jun11_2026_11.25.38AM_113
Running AlphaFold 3. Please note that standard AlphaFold 3 model parameters are
only available under terms of use provided at
https://github.com/google-deepmind/alphafold3/blob/main/WEIGHTS_TERMS_OF_USE.md.
If you do not agree to these terms and are using AlphaFold 3 derived model
parameters, cancel execution of AlphaFold 3 inference with CTRL-C, and do not
use the model parameters.
Found local devices: [CudaDevice(id=0)]
Building model from scratch...
Processing fold inputs.
Processing fold input #1
Processing fold input seq14_cluster2
Checking we can load the model parameters...
Running data pipeline...
Processing chain A
Processing chain A took 0.00 seconds
Output directory: /root/af_output/seq14_cluster2_templated_apo_Jun11_2026_11.25.38AM_113/seq14_cluster2
Writing model input JSON to /root/af_output/seq14_cluster2_templated_apo_Jun11_2026_11.25.38AM_113/seq14_cluster2
Predicting 3D structure for seq14_cluster2 for seed(s) (1189183719, 1189183720)...
Featurising data for seeds (1189183719, 1189183720)...
Featurising seq14_cluster2 with rng_seed 1189183719.
Featurising seq14_cluster2 with rng_seed 1189183719 took 5.07 seconds.
Featurising seq14_cluster2 with rng_seed 1189183720.
Featurising seq14_cluster2 with rng_seed 1189183720 took 5.13 seconds.
Featurising data for seeds (1189183719, 1189183720) took  16.72 seconds.
Running model inference for seed 1189183719...
Running model inference for seed 1189183719 took  52.46 seconds.
Extracting output structures (one per sample) for seed 1189183719...
Extracting output structures (one per sample) for seed 1189183719 took  0.48 seconds.
Running model inference and extracting output structures for seed 1189183719 took  52.94 seconds.
Running model inference for seed 1189183720...
Running model inference for seed 1189183720 took  19.40 seconds.
Extracting output structures (one per sample) for seed 1189183720...
Extracting output structures (one per sample) for seed 1189183720 took  0.66 seconds.
Running model inference and extracting output structures for seed 1189183720 took  20.06 seconds.
Running model inference and extracting output structures for seeds (1189183719, 1189183720) took  73.00 seconds.
Writing outputs for seq14_cluster2 for seed(s) (1189183719, 1189183720)...
Done processing fold input seq14_cluster2.
Done processing 1 fold inputs.
