==> [task 56] pdb_id=seq7_cluster5
==> template CIF: /mnt/gs21/scratch/renaldse/AlphaFold3/inputs/structures/NODES_Proteins/seq7_cluster_repr_5.cif
==> writing JSON: /mnt/gs21/scratch/renaldse/AlphaFold3/inputs/seq7_cluster5_templated_apo_Jun11_2026_11.10.20AM_56.json
==> running AF3 in /mnt/gs21/scratch/renaldse/AlphaFold3/outputs/seq7_cluster5_templated_apo_Jun11_2026_11.10.20AM_56
Running AlphaFold 3. Please note that standard AlphaFold 3 model parameters are
only available under terms of use provided at
https://github.com/google-deepmind/alphafold3/blob/main/WEIGHTS_TERMS_OF_USE.md.
If you do not agree to these terms and are using AlphaFold 3 derived model
parameters, cancel execution of AlphaFold 3 inference with CTRL-C, and do not
use the model parameters.
Found local devices: [CudaDevice(id=0)]
Building model from scratch...
Processing fold inputs.
Processing fold input #1
Processing fold input seq7_cluster5
Checking we can load the model parameters...
Running data pipeline...
Processing chain A
Processing chain A took 0.00 seconds
Output directory: /root/af_output/seq7_cluster5_templated_apo_Jun11_2026_11.10.20AM_56/seq7_cluster5
Writing model input JSON to /root/af_output/seq7_cluster5_templated_apo_Jun11_2026_11.10.20AM_56/seq7_cluster5
Predicting 3D structure for seq7_cluster5 for seed(s) (919056889, 919056890)...
Featurising data for seeds (919056889, 919056890)...
Featurising seq7_cluster5 with rng_seed 919056889.
Featurising seq7_cluster5 with rng_seed 919056889 took 1.78 seconds.
Featurising seq7_cluster5 with rng_seed 919056890.
Featurising seq7_cluster5 with rng_seed 919056890 took 1.71 seconds.
Featurising data for seeds (919056889, 919056890) took  9.91 seconds.
Running model inference for seed 919056889...
Running model inference for seed 919056889 took  39.48 seconds.
Extracting output structures (one per sample) for seed 919056889...
Extracting output structures (one per sample) for seed 919056889 took  0.15 seconds.
Running model inference and extracting output structures for seed 919056889 took  39.62 seconds.
Running model inference for seed 919056890...
Running model inference for seed 919056890 took  7.80 seconds.
Extracting output structures (one per sample) for seed 919056890...
Extracting output structures (one per sample) for seed 919056890 took  0.13 seconds.
Running model inference and extracting output structures for seed 919056890 took  7.94 seconds.
Running model inference and extracting output structures for seeds (919056889, 919056890) took  47.56 seconds.
Writing outputs for seq7_cluster5 for seed(s) (919056889, 919056890)...
Done processing fold input seq7_cluster5.
Done processing 1 fold inputs.
