==> [task 65] pdb_id=seq9_cluster4
==> template CIF: /mnt/gs21/scratch/renaldse/AlphaFold3/inputs/structures/NODES_Proteins/seq9_cluster_repr_4.cif
==> writing JSON: /mnt/gs21/scratch/renaldse/AlphaFold3/inputs/seq9_cluster4_templated_apo_Jun11_2026_11.13.12AM_65.json
==> running AF3 in /mnt/gs21/scratch/renaldse/AlphaFold3/outputs/seq9_cluster4_templated_apo_Jun11_2026_11.13.12AM_65
Running AlphaFold 3. Please note that standard AlphaFold 3 model parameters are
only available under terms of use provided at
https://github.com/google-deepmind/alphafold3/blob/main/WEIGHTS_TERMS_OF_USE.md.
If you do not agree to these terms and are using AlphaFold 3 derived model
parameters, cancel execution of AlphaFold 3 inference with CTRL-C, and do not
use the model parameters.
Found local devices: [CudaDevice(id=0)]
Building model from scratch...
Processing fold inputs.
Processing fold input #1
Processing fold input seq9_cluster4
Checking we can load the model parameters...
Running data pipeline...
Processing chain A
Processing chain A took 0.00 seconds
Output directory: /root/af_output/seq9_cluster4_templated_apo_Jun11_2026_11.13.12AM_65/seq9_cluster4
Writing model input JSON to /root/af_output/seq9_cluster4_templated_apo_Jun11_2026_11.13.12AM_65/seq9_cluster4
Predicting 3D structure for seq9_cluster4 for seed(s) (1594470870, 1594470871)...
Featurising data for seeds (1594470870, 1594470871)...
Featurising seq9_cluster4 with rng_seed 1594470870.
Featurising seq9_cluster4 with rng_seed 1594470870 took 4.50 seconds.
Featurising seq9_cluster4 with rng_seed 1594470871.
Featurising seq9_cluster4 with rng_seed 1594470871 took 4.49 seconds.
Featurising data for seeds (1594470870, 1594470871) took  13.58 seconds.
Running model inference for seed 1594470870...
Running model inference for seed 1594470870 took  50.53 seconds.
Extracting output structures (one per sample) for seed 1594470870...
Extracting output structures (one per sample) for seed 1594470870 took  0.39 seconds.
Running model inference and extracting output structures for seed 1594470870 took  50.92 seconds.
Running model inference for seed 1594470871...
Running model inference for seed 1594470871 took  19.36 seconds.
Extracting output structures (one per sample) for seed 1594470871...
Extracting output structures (one per sample) for seed 1594470871 took  0.39 seconds.
Running model inference and extracting output structures for seed 1594470871 took  19.75 seconds.
Running model inference and extracting output structures for seeds (1594470870, 1594470871) took  70.67 seconds.
Writing outputs for seq9_cluster4 for seed(s) (1594470870, 1594470871)...
Done processing fold input seq9_cluster4.
Done processing 1 fold inputs.
