==> [task 1] pdb_id=seq5_cluster6_run2
==> template CIF: /mnt/gs21/scratch/renaldse/AlphaFold3/inputs/structures/NODES_Proteins/seq5_cluster_repr_6.cif
==> writing JSON: /mnt/gs21/scratch/renaldse/AlphaFold3/inputs/seq5_cluster6_run2_templated_apo_Jun1_2026_11.33.52AM_1.json
==> running AF3 in /mnt/gs21/scratch/renaldse/AlphaFold3/outputs/seq5_cluster6_run2_templated_apo_Jun1_2026_11.33.52AM_1
Running AlphaFold 3. Please note that standard AlphaFold 3 model parameters are
only available under terms of use provided at
https://github.com/google-deepmind/alphafold3/blob/main/WEIGHTS_TERMS_OF_USE.md.
If you do not agree to these terms and are using AlphaFold 3 derived model
parameters, cancel execution of AlphaFold 3 inference with CTRL-C, and do not
use the model parameters.
Found local devices: [CudaDevice(id=0)]
Building model from scratch...
Processing fold inputs.
Processing fold input #1
Processing fold input seq5_cluster6_run2
Checking we can load the model parameters...
Running data pipeline...
Processing chain A
Processing chain A took 0.00 seconds
Output directory: /root/af_output/seq5_cluster6_run2_templated_apo_Jun1_2026_11.33.52AM_1/seq5_cluster6_run2
Writing model input JSON to /root/af_output/seq5_cluster6_run2_templated_apo_Jun1_2026_11.33.52AM_1/seq5_cluster6_run2
Predicting 3D structure for seq5_cluster6_run2 for seed(s) (907263175, 907263176)...
Featurising data for seeds (907263175, 907263176)...
Featurising seq5_cluster6_run2 with rng_seed 907263175.
Featurising seq5_cluster6_run2 with rng_seed 907263175 took 1.91 seconds.
Featurising seq5_cluster6_run2 with rng_seed 907263176.
Featurising seq5_cluster6_run2 with rng_seed 907263176 took 1.92 seconds.
Featurising data for seeds (907263175, 907263176) took  10.35 seconds.
Running model inference for seed 907263175...
Running model inference for seed 907263175 took  40.38 seconds.
Extracting output structures (one per sample) for seed 907263175...
Extracting output structures (one per sample) for seed 907263175 took  0.17 seconds.
Running model inference and extracting output structures for seed 907263175 took  40.55 seconds.
Running model inference for seed 907263176...
Running model inference for seed 907263176 took  7.82 seconds.
Extracting output structures (one per sample) for seed 907263176...
Extracting output structures (one per sample) for seed 907263176 took  0.16 seconds.
Running model inference and extracting output structures for seed 907263176 took  7.97 seconds.
Running model inference and extracting output structures for seeds (907263175, 907263176) took  48.53 seconds.
Writing outputs for seq5_cluster6_run2 for seed(s) (907263175, 907263176)...
Done processing fold input seq5_cluster6_run2.
Done processing 1 fold inputs.
