==> [task 44] pdb_id=seq6_cluster3
==> template CIF: /mnt/gs21/scratch/renaldse/AlphaFold3/inputs/structures/NODES_Proteins/seq6_cluster_repr_3.cif
==> writing JSON: /mnt/gs21/scratch/renaldse/AlphaFold3/inputs/seq6_cluster3_templated_apo_Jun11_2026_11.02.28AM_44.json
==> running AF3 in /mnt/gs21/scratch/renaldse/AlphaFold3/outputs/seq6_cluster3_templated_apo_Jun11_2026_11.02.28AM_44
Running AlphaFold 3. Please note that standard AlphaFold 3 model parameters are
only available under terms of use provided at
https://github.com/google-deepmind/alphafold3/blob/main/WEIGHTS_TERMS_OF_USE.md.
If you do not agree to these terms and are using AlphaFold 3 derived model
parameters, cancel execution of AlphaFold 3 inference with CTRL-C, and do not
use the model parameters.
Found local devices: [CudaDevice(id=0)]
Building model from scratch...
Processing fold inputs.
Processing fold input #1
Processing fold input seq6_cluster3
Checking we can load the model parameters...
Running data pipeline...
Processing chain A
Processing chain A took 0.00 seconds
Output directory: /root/af_output/seq6_cluster3_templated_apo_Jun11_2026_11.02.28AM_44/seq6_cluster3
Writing model input JSON to /root/af_output/seq6_cluster3_templated_apo_Jun11_2026_11.02.28AM_44/seq6_cluster3
Predicting 3D structure for seq6_cluster3 for seed(s) (812023808, 812023809)...
Featurising data for seeds (812023808, 812023809)...
Featurising seq6_cluster3 with rng_seed 812023808.
Featurising seq6_cluster3 with rng_seed 812023808 took 11.94 seconds.
Featurising seq6_cluster3 with rng_seed 812023809.
Featurising seq6_cluster3 with rng_seed 812023809 took 12.00 seconds.
Featurising data for seeds (812023808, 812023809) took  40.74 seconds.
Running model inference for seed 812023808...
Running model inference for seed 812023808 took  131.16 seconds.
Extracting output structures (one per sample) for seed 812023808...
Extracting output structures (one per sample) for seed 812023808 took  1.51 seconds.
Running model inference and extracting output structures for seed 812023808 took  132.67 seconds.
Running model inference for seed 812023809...
Running model inference for seed 812023809 took  98.01 seconds.
Extracting output structures (one per sample) for seed 812023809...
Extracting output structures (one per sample) for seed 812023809 took  1.69 seconds.
Running model inference and extracting output structures for seed 812023809 took  99.70 seconds.
Running model inference and extracting output structures for seeds (812023808, 812023809) took  232.37 seconds.
Writing outputs for seq6_cluster3 for seed(s) (812023808, 812023809)...
Done processing fold input seq6_cluster3.
Done processing 1 fold inputs.
