==> [task 2] pdb_id=seq15_cluster1
==> template CIF: /mnt/gs21/scratch/renaldse/AlphaFold3/inputs/structures/NODES_Proteins/seq15_cluster_repr_1.cif
==> writing JSON: /mnt/gs21/scratch/renaldse/AlphaFold3/inputs/seq15_cluster1_templated_apo_Jun1_2026_2.14.29PM_2.json
==> running AF3 in /mnt/gs21/scratch/renaldse/AlphaFold3/outputs/seq15_cluster1_templated_apo_Jun1_2026_2.14.29PM_2
Running AlphaFold 3. Please note that standard AlphaFold 3 model parameters are
only available under terms of use provided at
https://github.com/google-deepmind/alphafold3/blob/main/WEIGHTS_TERMS_OF_USE.md.
If you do not agree to these terms and are using AlphaFold 3 derived model
parameters, cancel execution of AlphaFold 3 inference with CTRL-C, and do not
use the model parameters.
Found local devices: [CudaDevice(id=0)]
Building model from scratch...
Processing fold inputs.
Processing fold input #1
Processing fold input seq15_cluster1
Checking we can load the model parameters...
Running data pipeline...
Processing chain A
Processing chain A took 0.00 seconds
Output directory: /root/af_output/seq15_cluster1_templated_apo_Jun1_2026_2.14.29PM_2/seq15_cluster1
Writing model input JSON to /root/af_output/seq15_cluster1_templated_apo_Jun1_2026_2.14.29PM_2/seq15_cluster1
Predicting 3D structure for seq15_cluster1 for seed(s) (808106595, 808106596)...
Featurising data for seeds (808106595, 808106596)...
Featurising seq15_cluster1 with rng_seed 808106595.
Featurising seq15_cluster1 with rng_seed 808106595 took 1.24 seconds.
Featurising seq15_cluster1 with rng_seed 808106596.
Featurising seq15_cluster1 with rng_seed 808106596 took 1.20 seconds.
Featurising data for seeds (808106595, 808106596) took  9.23 seconds.
Running model inference for seed 808106595...
Running model inference for seed 808106595 took  40.09 seconds.
Extracting output structures (one per sample) for seed 808106595...
Extracting output structures (one per sample) for seed 808106595 took  0.10 seconds.
Running model inference and extracting output structures for seed 808106595 took  40.19 seconds.
Running model inference for seed 808106596...
Running model inference for seed 808106596 took  7.81 seconds.
Extracting output structures (one per sample) for seed 808106596...
Extracting output structures (one per sample) for seed 808106596 took  0.10 seconds.
Running model inference and extracting output structures for seed 808106596 took  7.90 seconds.
Running model inference and extracting output structures for seeds (808106595, 808106596) took  48.10 seconds.
Writing outputs for seq15_cluster1 for seed(s) (808106595, 808106596)...
Done processing fold input seq15_cluster1.
Done processing 1 fold inputs.
