==> [task 149] pdb_id=seq17_cluster8
==> template CIF: /mnt/gs21/scratch/renaldse/AlphaFold3/inputs/structures/NODES_Proteins/seq17_cluster_repr_8.cif
==> writing JSON: /mnt/gs21/scratch/renaldse/AlphaFold3/inputs/seq17_cluster8_templated_apo_Jun11_2026_12.10.05PM_149.json
==> running AF3 in /mnt/gs21/scratch/renaldse/AlphaFold3/outputs/seq17_cluster8_templated_apo_Jun11_2026_12.10.05PM_149
Running AlphaFold 3. Please note that standard AlphaFold 3 model parameters are
only available under terms of use provided at
https://github.com/google-deepmind/alphafold3/blob/main/WEIGHTS_TERMS_OF_USE.md.
If you do not agree to these terms and are using AlphaFold 3 derived model
parameters, cancel execution of AlphaFold 3 inference with CTRL-C, and do not
use the model parameters.
Found local devices: [CudaDevice(id=0)]
Building model from scratch...
Processing fold inputs.
Processing fold input #1
Processing fold input seq17_cluster8
Checking we can load the model parameters...
Running data pipeline...
Processing chain A
Processing chain A took 0.00 seconds
Output directory: /root/af_output/seq17_cluster8_templated_apo_Jun11_2026_12.10.05PM_149/seq17_cluster8
Writing model input JSON to /root/af_output/seq17_cluster8_templated_apo_Jun11_2026_12.10.05PM_149/seq17_cluster8
Predicting 3D structure for seq17_cluster8 for seed(s) (1292096252, 1292096253)...
Featurising data for seeds (1292096252, 1292096253)...
Featurising seq17_cluster8 with rng_seed 1292096252.
Featurising seq17_cluster8 with rng_seed 1292096252 took 4.18 seconds.
Featurising seq17_cluster8 with rng_seed 1292096253.
Featurising seq17_cluster8 with rng_seed 1292096253 took 4.13 seconds.
Featurising data for seeds (1292096252, 1292096253) took  14.88 seconds.
Running model inference for seed 1292096252...
Running model inference for seed 1292096252 took  51.53 seconds.
Extracting output structures (one per sample) for seed 1292096252...
Extracting output structures (one per sample) for seed 1292096252 took  0.36 seconds.
Running model inference and extracting output structures for seed 1292096252 took  51.89 seconds.
Running model inference for seed 1292096253...
Running model inference for seed 1292096253 took  19.36 seconds.
Extracting output structures (one per sample) for seed 1292096253...
Extracting output structures (one per sample) for seed 1292096253 took  0.35 seconds.
Running model inference and extracting output structures for seed 1292096253 took  19.71 seconds.
Running model inference and extracting output structures for seeds (1292096252, 1292096253) took  71.60 seconds.
Writing outputs for seq17_cluster8 for seed(s) (1292096252, 1292096253)...
Done processing fold input seq17_cluster8.
Done processing 1 fold inputs.
