Template mapping for seq5_cluster5: used mmCIF label_seq_id numbering. Mapped 180 template residues to query length 180. Apparent missing/unmapped query residues: 0. Sequence agreement at mapped positions: 180/180 = 100.0%.
I0601 10:18:50.233081 22919534727168 folding_input.py:1044] Detected /root/af_input/seq5_cluster5_templated_apo_Jun1_2026_10.18.43AM_6.json is an AlphaFold 3 JSON since the top-level is not a list.
I0601 10:18:52.713745 22919534727168 xla_bridge.py:895] Unable to initialize backend 'rocm': module 'jaxlib.xla_extension' has no attribute 'GpuAllocatorConfig'
I0601 10:18:52.779686 22919534727168 xla_bridge.py:895] Unable to initialize backend 'tpu': INTERNAL: Failed to open libtpu.so: libtpu.so: cannot open shared object file: No such file or directory
I0601 10:18:59.459431 22919534727168 pipeline.py:404] Skipping MSA and template search for protein chain A because it already has MSAs and templates.
I0601 10:19:24.636261 22919534727168 pipeline.py:165] processing seq5_cluster5, random_seed=842162638
I0601 10:19:24.651627 22919534727168 pipeline.py:258] Calculating bucket size for input with 180 tokens.
I0601 10:19:24.651779 22919534727168 pipeline.py:264] Got bucket size 256 for input with 180 tokens, resulting in 76 padded tokens.
I0601 10:19:26.517215 22919534727168 pipeline.py:165] processing seq5_cluster5, random_seed=842162639
I0601 10:19:26.530625 22919534727168 pipeline.py:258] Calculating bucket size for input with 180 tokens.
I0601 10:19:26.530726 22919534727168 pipeline.py:264] Got bucket size 256 for input with 180 tokens, resulting in 76 padded tokens.
/alphafold3_venv/lib/python3.11/site-packages/alphafold3/model/confidences.py:337: RuntimeWarning: invalid value encountered in divide
  return np.nanmean(value * mask_with_nan, axis=axis) / np.nanmean(
/alphafold3_venv/lib/python3.11/site-packages/alphafold3/model/confidences.py:337: RuntimeWarning: invalid value encountered in divide
  return np.nanmean(value * mask_with_nan, axis=axis) / np.nanmean(
/alphafold3_venv/lib/python3.11/site-packages/alphafold3/model/confidences.py:528: RuntimeWarning: Mean of empty slice
  xchain = np.nanmean(
/alphafold3_venv/lib/python3.11/site-packages/alphafold3/model/confidences.py:337: RuntimeWarning: invalid value encountered in divide
  return np.nanmean(value * mask_with_nan, axis=axis) / np.nanmean(
/alphafold3_venv/lib/python3.11/site-packages/alphafold3/model/confidences.py:337: RuntimeWarning: invalid value encountered in divide
  return np.nanmean(value * mask_with_nan, axis=axis) / np.nanmean(
/alphafold3_venv/lib/python3.11/site-packages/alphafold3/model/confidences.py:528: RuntimeWarning: Mean of empty slice
  xchain = np.nanmean(
/alphafold3_venv/lib/python3.11/site-packages/alphafold3/model/confidences.py:337: RuntimeWarning: invalid value encountered in divide
  return np.nanmean(value * mask_with_nan, axis=axis) / np.nanmean(
/alphafold3_venv/lib/python3.11/site-packages/alphafold3/model/confidences.py:337: RuntimeWarning: invalid value encountered in divide
  return np.nanmean(value * mask_with_nan, axis=axis) / np.nanmean(
/alphafold3_venv/lib/python3.11/site-packages/alphafold3/model/confidences.py:554: RuntimeWarning: Mean of empty slice
  return np.nanmean(np.stack([xchain_row_agg, xchain_col_agg], axis=0), axis=0)
/alphafold3_venv/lib/python3.11/site-packages/alphafold3/model/confidences.py:337: RuntimeWarning: invalid value encountered in divide
  return np.nanmean(value * mask_with_nan, axis=axis) / np.nanmean(
/alphafold3_venv/lib/python3.11/site-packages/alphafold3/model/confidences.py:337: RuntimeWarning: invalid value encountered in divide
  return np.nanmean(value * mask_with_nan, axis=axis) / np.nanmean(
/alphafold3_venv/lib/python3.11/site-packages/alphafold3/model/confidences.py:528: RuntimeWarning: Mean of empty slice
  xchain = np.nanmean(
/alphafold3_venv/lib/python3.11/site-packages/alphafold3/model/confidences.py:337: RuntimeWarning: invalid value encountered in divide
  return np.nanmean(value * mask_with_nan, axis=axis) / np.nanmean(
/alphafold3_venv/lib/python3.11/site-packages/alphafold3/model/confidences.py:337: RuntimeWarning: invalid value encountered in divide
  return np.nanmean(value * mask_with_nan, axis=axis) / np.nanmean(
/alphafold3_venv/lib/python3.11/site-packages/alphafold3/model/confidences.py:528: RuntimeWarning: Mean of empty slice
  xchain = np.nanmean(
/alphafold3_venv/lib/python3.11/site-packages/alphafold3/model/confidences.py:337: RuntimeWarning: invalid value encountered in divide
  return np.nanmean(value * mask_with_nan, axis=axis) / np.nanmean(
/alphafold3_venv/lib/python3.11/site-packages/alphafold3/model/confidences.py:337: RuntimeWarning: invalid value encountered in divide
  return np.nanmean(value * mask_with_nan, axis=axis) / np.nanmean(
/alphafold3_venv/lib/python3.11/site-packages/alphafold3/model/confidences.py:554: RuntimeWarning: Mean of empty slice
  return np.nanmean(np.stack([xchain_row_agg, xchain_col_agg], axis=0), axis=0)
