==> [task 66] pdb_id=seq9_cluster5
==> template CIF: /mnt/gs21/scratch/renaldse/AlphaFold3/inputs/structures/NODES_Proteins/seq9_cluster_repr_5.cif
==> writing JSON: /mnt/gs21/scratch/renaldse/AlphaFold3/inputs/seq9_cluster5_templated_apo_Jun11_2026_11.13.12AM_66.json
==> running AF3 in /mnt/gs21/scratch/renaldse/AlphaFold3/outputs/seq9_cluster5_templated_apo_Jun11_2026_11.13.12AM_66
Running AlphaFold 3. Please note that standard AlphaFold 3 model parameters are
only available under terms of use provided at
https://github.com/google-deepmind/alphafold3/blob/main/WEIGHTS_TERMS_OF_USE.md.
If you do not agree to these terms and are using AlphaFold 3 derived model
parameters, cancel execution of AlphaFold 3 inference with CTRL-C, and do not
use the model parameters.
Found local devices: [CudaDevice(id=0)]
Building model from scratch...
Processing fold inputs.
Processing fold input #1
Processing fold input seq9_cluster5
Checking we can load the model parameters...
Running data pipeline...
Processing chain A
Processing chain A took 0.00 seconds
Output directory: /root/af_output/seq9_cluster5_templated_apo_Jun11_2026_11.13.12AM_66/seq9_cluster5
Writing model input JSON to /root/af_output/seq9_cluster5_templated_apo_Jun11_2026_11.13.12AM_66/seq9_cluster5
Predicting 3D structure for seq9_cluster5 for seed(s) (672039240, 672039241)...
Featurising data for seeds (672039240, 672039241)...
Featurising seq9_cluster5 with rng_seed 672039240.
Featurising seq9_cluster5 with rng_seed 672039240 took 4.49 seconds.
Featurising seq9_cluster5 with rng_seed 672039241.
Featurising seq9_cluster5 with rng_seed 672039241 took 4.49 seconds.
Featurising data for seeds (672039240, 672039241) took  13.72 seconds.
Running model inference for seed 672039240...
Running model inference for seed 672039240 took  50.54 seconds.
Extracting output structures (one per sample) for seed 672039240...
Extracting output structures (one per sample) for seed 672039240 took  0.39 seconds.
Running model inference and extracting output structures for seed 672039240 took  50.93 seconds.
Running model inference for seed 672039241...
Running model inference for seed 672039241 took  19.37 seconds.
Extracting output structures (one per sample) for seed 672039241...
Extracting output structures (one per sample) for seed 672039241 took  0.39 seconds.
Running model inference and extracting output structures for seed 672039241 took  19.76 seconds.
Running model inference and extracting output structures for seeds (672039240, 672039241) took  70.69 seconds.
Writing outputs for seq9_cluster5 for seed(s) (672039240, 672039241)...
Done processing fold input seq9_cluster5.
Done processing 1 fold inputs.
