==> [task 148] pdb_id=seq17_cluster7
==> template CIF: /mnt/gs21/scratch/renaldse/AlphaFold3/inputs/structures/NODES_Proteins/seq17_cluster_repr_7.cif
==> writing JSON: /mnt/gs21/scratch/renaldse/AlphaFold3/inputs/seq17_cluster7_templated_apo_Jun11_2026_12.10.04PM_148.json
==> running AF3 in /mnt/gs21/scratch/renaldse/AlphaFold3/outputs/seq17_cluster7_templated_apo_Jun11_2026_12.10.04PM_148
Running AlphaFold 3. Please note that standard AlphaFold 3 model parameters are
only available under terms of use provided at
https://github.com/google-deepmind/alphafold3/blob/main/WEIGHTS_TERMS_OF_USE.md.
If you do not agree to these terms and are using AlphaFold 3 derived model
parameters, cancel execution of AlphaFold 3 inference with CTRL-C, and do not
use the model parameters.
Found local devices: [CudaDevice(id=0)]
Building model from scratch...
Processing fold inputs.
Processing fold input #1
Processing fold input seq17_cluster7
Checking we can load the model parameters...
Running data pipeline...
Processing chain A
Processing chain A took 0.00 seconds
Output directory: /root/af_output/seq17_cluster7_templated_apo_Jun11_2026_12.10.04PM_148/seq17_cluster7
Writing model input JSON to /root/af_output/seq17_cluster7_templated_apo_Jun11_2026_12.10.04PM_148/seq17_cluster7
Predicting 3D structure for seq17_cluster7 for seed(s) (1572654957, 1572654958)...
Featurising data for seeds (1572654957, 1572654958)...
Featurising seq17_cluster7 with rng_seed 1572654957.
Featurising seq17_cluster7 with rng_seed 1572654957 took 4.07 seconds.
Featurising seq17_cluster7 with rng_seed 1572654958.
Featurising seq17_cluster7 with rng_seed 1572654958 took 4.05 seconds.
Featurising data for seeds (1572654957, 1572654958) took  24.91 seconds.
Running model inference for seed 1572654957...
Running model inference for seed 1572654957 took  52.32 seconds.
Extracting output structures (one per sample) for seed 1572654957...
Extracting output structures (one per sample) for seed 1572654957 took  0.36 seconds.
Running model inference and extracting output structures for seed 1572654957 took  52.68 seconds.
Running model inference for seed 1572654958...
Running model inference for seed 1572654958 took  19.38 seconds.
Extracting output structures (one per sample) for seed 1572654958...
Extracting output structures (one per sample) for seed 1572654958 took  0.35 seconds.
Running model inference and extracting output structures for seed 1572654958 took  19.73 seconds.
Running model inference and extracting output structures for seeds (1572654957, 1572654958) took  72.41 seconds.
Writing outputs for seq17_cluster7 for seed(s) (1572654957, 1572654958)...
Done processing fold input seq17_cluster7.
Done processing 1 fold inputs.
