==> [task 91] pdb_id=seq12_cluster0
==> template CIF: /mnt/gs21/scratch/renaldse/AlphaFold3/inputs/structures/NODES_Proteins/seq12_cluster_repr_0.cif
==> writing JSON: /mnt/gs21/scratch/renaldse/AlphaFold3/inputs/seq12_cluster0_templated_apo_Jun11_2026_11.18.28AM_91.json
==> running AF3 in /mnt/gs21/scratch/renaldse/AlphaFold3/outputs/seq12_cluster0_templated_apo_Jun11_2026_11.18.28AM_91
Running AlphaFold 3. Please note that standard AlphaFold 3 model parameters are
only available under terms of use provided at
https://github.com/google-deepmind/alphafold3/blob/main/WEIGHTS_TERMS_OF_USE.md.
If you do not agree to these terms and are using AlphaFold 3 derived model
parameters, cancel execution of AlphaFold 3 inference with CTRL-C, and do not
use the model parameters.
Found local devices: [CudaDevice(id=0)]
Building model from scratch...
Processing fold inputs.
Processing fold input #1
Processing fold input seq12_cluster0
Checking we can load the model parameters...
Running data pipeline...
Processing chain A
Processing chain A took 0.00 seconds
Output directory: /root/af_output/seq12_cluster0_templated_apo_Jun11_2026_11.18.28AM_91/seq12_cluster0
Writing model input JSON to /root/af_output/seq12_cluster0_templated_apo_Jun11_2026_11.18.28AM_91/seq12_cluster0
Predicting 3D structure for seq12_cluster0 for seed(s) (636588432, 636588433)...
Featurising data for seeds (636588432, 636588433)...
Featurising seq12_cluster0 with rng_seed 636588432.
Featurising seq12_cluster0 with rng_seed 636588432 took 4.51 seconds.
Featurising seq12_cluster0 with rng_seed 636588433.
Featurising seq12_cluster0 with rng_seed 636588433 took 4.40 seconds.
Featurising data for seeds (636588432, 636588433) took  13.62 seconds.
Running model inference for seed 636588432...
Running model inference for seed 636588432 took  51.91 seconds.
Extracting output structures (one per sample) for seed 636588432...
Extracting output structures (one per sample) for seed 636588432 took  0.38 seconds.
Running model inference and extracting output structures for seed 636588432 took  52.29 seconds.
Running model inference for seed 636588433...
Running model inference for seed 636588433 took  19.37 seconds.
Extracting output structures (one per sample) for seed 636588433...
Extracting output structures (one per sample) for seed 636588433 took  0.37 seconds.
Running model inference and extracting output structures for seed 636588433 took  19.74 seconds.
Running model inference and extracting output structures for seeds (636588432, 636588433) took  72.03 seconds.
Writing outputs for seq12_cluster0 for seed(s) (636588432, 636588433)...
Done processing fold input seq12_cluster0.
Done processing 1 fold inputs.
