==> [task 17] pdb_id=seq2_cluster6
==> template CIF: /mnt/gs21/scratch/renaldse/AlphaFold3/inputs/structures/NODES_Proteins/seq2_cluster_repr_6.cif
==> writing JSON: /mnt/gs21/scratch/renaldse/AlphaFold3/inputs/seq2_cluster6_templated_apo_Jun11_2026_10.57.26AM_17.json
==> running AF3 in /mnt/gs21/scratch/renaldse/AlphaFold3/outputs/seq2_cluster6_templated_apo_Jun11_2026_10.57.26AM_17
Running AlphaFold 3. Please note that standard AlphaFold 3 model parameters are
only available under terms of use provided at
https://github.com/google-deepmind/alphafold3/blob/main/WEIGHTS_TERMS_OF_USE.md.
If you do not agree to these terms and are using AlphaFold 3 derived model
parameters, cancel execution of AlphaFold 3 inference with CTRL-C, and do not
use the model parameters.
Found local devices: [CudaDevice(id=0)]
Building model from scratch...
Processing fold inputs.
Processing fold input #1
Processing fold input seq2_cluster6
Checking we can load the model parameters...
Running data pipeline...
Processing chain A
Processing chain A took 0.00 seconds
Output directory: /root/af_output/seq2_cluster6_templated_apo_Jun11_2026_10.57.26AM_17/seq2_cluster6
Writing model input JSON to /root/af_output/seq2_cluster6_templated_apo_Jun11_2026_10.57.26AM_17/seq2_cluster6
Predicting 3D structure for seq2_cluster6 for seed(s) (1239886603, 1239886604)...
Featurising data for seeds (1239886603, 1239886604)...
Featurising seq2_cluster6 with rng_seed 1239886603.
Featurising seq2_cluster6 with rng_seed 1239886603 took 1.47 seconds.
Featurising seq2_cluster6 with rng_seed 1239886604.
Featurising seq2_cluster6 with rng_seed 1239886604 took 1.43 seconds.
Featurising data for seeds (1239886603, 1239886604) took  9.36 seconds.
Running model inference for seed 1239886603...
Running model inference for seed 1239886603 took  39.69 seconds.
Extracting output structures (one per sample) for seed 1239886603...
Extracting output structures (one per sample) for seed 1239886603 took  0.12 seconds.
Running model inference and extracting output structures for seed 1239886603 took  39.81 seconds.
Running model inference for seed 1239886604...
Running model inference for seed 1239886604 took  7.80 seconds.
Extracting output structures (one per sample) for seed 1239886604...
Extracting output structures (one per sample) for seed 1239886604 took  0.12 seconds.
Running model inference and extracting output structures for seed 1239886604 took  7.92 seconds.
Running model inference and extracting output structures for seeds (1239886603, 1239886604) took  47.73 seconds.
Writing outputs for seq2_cluster6 for seed(s) (1239886603, 1239886604)...
Done processing fold input seq2_cluster6.
Done processing 1 fold inputs.
