==> [task 1] pdb_id=seq5_cluster8
==> template CIF: /mnt/gs21/scratch/renaldse/AlphaFold3/inputs/structures/NODES_Proteins/seq5_cluster_repr_8.cif
==> writing JSON: /mnt/gs21/scratch/renaldse/AlphaFold3/inputs/seq5_cluster8_templated_apo_Jun1_2026_10.33.49AM_1.json
==> running AF3 in /mnt/gs21/scratch/renaldse/AlphaFold3/outputs/seq5_cluster8_templated_apo_Jun1_2026_10.33.49AM_1
Running AlphaFold 3. Please note that standard AlphaFold 3 model parameters are
only available under terms of use provided at
https://github.com/google-deepmind/alphafold3/blob/main/WEIGHTS_TERMS_OF_USE.md.
If you do not agree to these terms and are using AlphaFold 3 derived model
parameters, cancel execution of AlphaFold 3 inference with CTRL-C, and do not
use the model parameters.
Found local devices: [CudaDevice(id=0)]
Building model from scratch...
Processing fold inputs.
Processing fold input #1
Processing fold input seq5_cluster8
Checking we can load the model parameters...
Running data pipeline...
Processing chain A
Processing chain A took 0.00 seconds
Output directory: /root/af_output/seq5_cluster8_templated_apo_Jun1_2026_10.33.49AM_1/seq5_cluster8
Writing model input JSON to /root/af_output/seq5_cluster8_templated_apo_Jun1_2026_10.33.49AM_1/seq5_cluster8
Predicting 3D structure for seq5_cluster8 for seed(s) (1283661177, 1283661178)...
Featurising data for seeds (1283661177, 1283661178)...
Featurising seq5_cluster8 with rng_seed 1283661177.
Featurising seq5_cluster8 with rng_seed 1283661177 took 1.91 seconds.
Featurising seq5_cluster8 with rng_seed 1283661178.
Featurising seq5_cluster8 with rng_seed 1283661178 took 1.88 seconds.
Featurising data for seeds (1283661177, 1283661178) took  10.35 seconds.
Running model inference for seed 1283661177...
Running model inference for seed 1283661177 took  39.98 seconds.
Extracting output structures (one per sample) for seed 1283661177...
Extracting output structures (one per sample) for seed 1283661177 took  0.18 seconds.
Running model inference and extracting output structures for seed 1283661177 took  40.15 seconds.
Running model inference for seed 1283661178...
Running model inference for seed 1283661178 took  7.82 seconds.
Extracting output structures (one per sample) for seed 1283661178...
Extracting output structures (one per sample) for seed 1283661178 took  0.16 seconds.
Running model inference and extracting output structures for seed 1283661178 took  7.98 seconds.
Running model inference and extracting output structures for seeds (1283661177, 1283661178) took  48.13 seconds.
Writing outputs for seq5_cluster8 for seed(s) (1283661177, 1283661178)...
Done processing fold input seq5_cluster8.
Done processing 1 fold inputs.
