==> [task 90] pdb_id=seq11_cluster9
==> template CIF: /mnt/gs21/scratch/renaldse/AlphaFold3/inputs/structures/NODES_Proteins/seq11_cluster_repr_9.cif
==> writing JSON: /mnt/gs21/scratch/renaldse/AlphaFold3/inputs/seq11_cluster9_templated_apo_Jun11_2026_11.18.28AM_90.json
==> running AF3 in /mnt/gs21/scratch/renaldse/AlphaFold3/outputs/seq11_cluster9_templated_apo_Jun11_2026_11.18.28AM_90
Running AlphaFold 3. Please note that standard AlphaFold 3 model parameters are
only available under terms of use provided at
https://github.com/google-deepmind/alphafold3/blob/main/WEIGHTS_TERMS_OF_USE.md.
If you do not agree to these terms and are using AlphaFold 3 derived model
parameters, cancel execution of AlphaFold 3 inference with CTRL-C, and do not
use the model parameters.
Found local devices: [CudaDevice(id=0)]
Building model from scratch...
Processing fold inputs.
Processing fold input #1
Processing fold input seq11_cluster9
Checking we can load the model parameters...
Running data pipeline...
Processing chain A
Processing chain A took 0.00 seconds
Output directory: /root/af_output/seq11_cluster9_templated_apo_Jun11_2026_11.18.28AM_90/seq11_cluster9
Writing model input JSON to /root/af_output/seq11_cluster9_templated_apo_Jun11_2026_11.18.28AM_90/seq11_cluster9
Predicting 3D structure for seq11_cluster9 for seed(s) (924488235, 924488236)...
Featurising data for seeds (924488235, 924488236)...
Featurising seq11_cluster9 with rng_seed 924488235.
Featurising seq11_cluster9 with rng_seed 924488235 took 4.95 seconds.
Featurising seq11_cluster9 with rng_seed 924488236.
Featurising seq11_cluster9 with rng_seed 924488236 took 4.98 seconds.
Featurising data for seeds (924488235, 924488236) took  14.49 seconds.
Running model inference for seed 924488235...
Running model inference for seed 924488235 took  50.99 seconds.
Extracting output structures (one per sample) for seed 924488235...
Extracting output structures (one per sample) for seed 924488235 took  0.43 seconds.
Running model inference and extracting output structures for seed 924488235 took  51.41 seconds.
Running model inference for seed 924488236...
Running model inference for seed 924488236 took  19.36 seconds.
Extracting output structures (one per sample) for seed 924488236...
Extracting output structures (one per sample) for seed 924488236 took  0.42 seconds.
Running model inference and extracting output structures for seed 924488236 took  19.78 seconds.
Running model inference and extracting output structures for seeds (924488235, 924488236) took  71.20 seconds.
Writing outputs for seq11_cluster9 for seed(s) (924488235, 924488236)...
Done processing fold input seq11_cluster9.
Done processing 1 fold inputs.
