==> [task 2] pdb_id=seq5_cluster1
==> template CIF: /mnt/gs21/scratch/renaldse/AlphaFold3/inputs/structures/NODES_Proteins/seq5_cluster_repr_1.cif
==> writing JSON: /mnt/gs21/scratch/renaldse/AlphaFold3/inputs/seq5_cluster1_templated_apo_Jun1_2026_10.18.42AM_2.json
==> running AF3 in /mnt/gs21/scratch/renaldse/AlphaFold3/outputs/seq5_cluster1_templated_apo_Jun1_2026_10.18.42AM_2
Running AlphaFold 3. Please note that standard AlphaFold 3 model parameters are
only available under terms of use provided at
https://github.com/google-deepmind/alphafold3/blob/main/WEIGHTS_TERMS_OF_USE.md.
If you do not agree to these terms and are using AlphaFold 3 derived model
parameters, cancel execution of AlphaFold 3 inference with CTRL-C, and do not
use the model parameters.
Found local devices: [CudaDevice(id=0)]
Building model from scratch...
Processing fold inputs.
Processing fold input #1
Processing fold input seq5_cluster1
Checking we can load the model parameters...
Running data pipeline...
Processing chain A
Processing chain A took 0.00 seconds
Output directory: /root/af_output/seq5_cluster1_templated_apo_Jun1_2026_10.18.42AM_2/seq5_cluster1
Writing model input JSON to /root/af_output/seq5_cluster1_templated_apo_Jun1_2026_10.18.42AM_2/seq5_cluster1
Predicting 3D structure for seq5_cluster1 for seed(s) (895460821, 895460822)...
Featurising data for seeds (895460821, 895460822)...
Featurising seq5_cluster1 with rng_seed 895460821.
Featurising seq5_cluster1 with rng_seed 895460821 took 1.91 seconds.
Featurising seq5_cluster1 with rng_seed 895460822.
Featurising seq5_cluster1 with rng_seed 895460822 took 1.86 seconds.
Featurising data for seeds (895460821, 895460822) took  19.32 seconds.
Running model inference for seed 895460821...
Running model inference for seed 895460821 took  41.71 seconds.
Extracting output structures (one per sample) for seed 895460821...
Extracting output structures (one per sample) for seed 895460821 took  0.26 seconds.
Running model inference and extracting output structures for seed 895460821 took  41.97 seconds.
Running model inference for seed 895460822...
Running model inference for seed 895460822 took  7.79 seconds.
Extracting output structures (one per sample) for seed 895460822...
Extracting output structures (one per sample) for seed 895460822 took  0.16 seconds.
Running model inference and extracting output structures for seed 895460822 took  7.95 seconds.
Running model inference and extracting output structures for seeds (895460821, 895460822) took  49.92 seconds.
Writing outputs for seq5_cluster1 for seed(s) (895460821, 895460822)...
Done processing fold input seq5_cluster1.
Done processing 1 fold inputs.
