==> [task 139] pdb_id=seq16_cluster8
==> template CIF: /mnt/gs21/scratch/renaldse/AlphaFold3/inputs/structures/NODES_Proteins/seq16_cluster_repr_8.cif
==> writing JSON: /mnt/gs21/scratch/renaldse/AlphaFold3/inputs/seq16_cluster8_templated_apo_Jun11_2026_12.04.53PM_139.json
==> running AF3 in /mnt/gs21/scratch/renaldse/AlphaFold3/outputs/seq16_cluster8_templated_apo_Jun11_2026_12.04.53PM_139
Running AlphaFold 3. Please note that standard AlphaFold 3 model parameters are
only available under terms of use provided at
https://github.com/google-deepmind/alphafold3/blob/main/WEIGHTS_TERMS_OF_USE.md.
If you do not agree to these terms and are using AlphaFold 3 derived model
parameters, cancel execution of AlphaFold 3 inference with CTRL-C, and do not
use the model parameters.
Found local devices: [CudaDevice(id=0)]
Building model from scratch...
Processing fold inputs.
Processing fold input #1
Processing fold input seq16_cluster8
Checking we can load the model parameters...
Running data pipeline...
Processing chain A
Processing chain A took 0.00 seconds
Output directory: /root/af_output/seq16_cluster8_templated_apo_Jun11_2026_12.04.53PM_139/seq16_cluster8
Writing model input JSON to /root/af_output/seq16_cluster8_templated_apo_Jun11_2026_12.04.53PM_139/seq16_cluster8
Predicting 3D structure for seq16_cluster8 for seed(s) (583121352, 583121353)...
Featurising data for seeds (583121352, 583121353)...
Featurising seq16_cluster8 with rng_seed 583121352.
Featurising seq16_cluster8 with rng_seed 583121352 took 2.36 seconds.
Featurising seq16_cluster8 with rng_seed 583121353.
Featurising seq16_cluster8 with rng_seed 583121353 took 2.35 seconds.
Featurising data for seeds (583121352, 583121353) took  11.14 seconds.
Running model inference for seed 583121352...
Running model inference for seed 583121352 took  40.13 seconds.
Extracting output structures (one per sample) for seed 583121352...
Extracting output structures (one per sample) for seed 583121352 took  0.20 seconds.
Running model inference and extracting output structures for seed 583121352 took  40.33 seconds.
Running model inference for seed 583121353...
Running model inference for seed 583121353 took  7.80 seconds.
Extracting output structures (one per sample) for seed 583121353...
Extracting output structures (one per sample) for seed 583121353 took  0.19 seconds.
Running model inference and extracting output structures for seed 583121353 took  7.99 seconds.
Running model inference and extracting output structures for seeds (583121352, 583121353) took  48.31 seconds.
Writing outputs for seq16_cluster8 for seed(s) (583121352, 583121353)...
Done processing fold input seq16_cluster8.
Done processing 1 fold inputs.
