==> [task 62] pdb_id=seq9_cluster1
==> template CIF: /mnt/gs21/scratch/renaldse/AlphaFold3/inputs/structures/NODES_Proteins/seq9_cluster_repr_1.cif
==> writing JSON: /mnt/gs21/scratch/renaldse/AlphaFold3/inputs/seq9_cluster1_templated_apo_Jun11_2026_11.11.42AM_62.json
==> running AF3 in /mnt/gs21/scratch/renaldse/AlphaFold3/outputs/seq9_cluster1_templated_apo_Jun11_2026_11.11.42AM_62
Running AlphaFold 3. Please note that standard AlphaFold 3 model parameters are
only available under terms of use provided at
https://github.com/google-deepmind/alphafold3/blob/main/WEIGHTS_TERMS_OF_USE.md.
If you do not agree to these terms and are using AlphaFold 3 derived model
parameters, cancel execution of AlphaFold 3 inference with CTRL-C, and do not
use the model parameters.
Found local devices: [CudaDevice(id=0)]
Building model from scratch...
Processing fold inputs.
Processing fold input #1
Processing fold input seq9_cluster1
Checking we can load the model parameters...
Running data pipeline...
Processing chain A
Processing chain A took 0.00 seconds
Output directory: /root/af_output/seq9_cluster1_templated_apo_Jun11_2026_11.11.42AM_62/seq9_cluster1
Writing model input JSON to /root/af_output/seq9_cluster1_templated_apo_Jun11_2026_11.11.42AM_62/seq9_cluster1
Predicting 3D structure for seq9_cluster1 for seed(s) (795034975, 795034976)...
Featurising data for seeds (795034975, 795034976)...
Featurising seq9_cluster1 with rng_seed 795034975.
Featurising seq9_cluster1 with rng_seed 795034975 took 4.58 seconds.
Featurising seq9_cluster1 with rng_seed 795034976.
Featurising seq9_cluster1 with rng_seed 795034976 took 4.57 seconds.
Featurising data for seeds (795034975, 795034976) took  15.57 seconds.
Running model inference for seed 795034975...
Running model inference for seed 795034975 took  51.67 seconds.
Extracting output structures (one per sample) for seed 795034975...
Extracting output structures (one per sample) for seed 795034975 took  0.40 seconds.
Running model inference and extracting output structures for seed 795034975 took  52.07 seconds.
Running model inference for seed 795034976...
Running model inference for seed 795034976 took  19.40 seconds.
Extracting output structures (one per sample) for seed 795034976...
Extracting output structures (one per sample) for seed 795034976 took  0.39 seconds.
Running model inference and extracting output structures for seed 795034976 took  19.78 seconds.
Running model inference and extracting output structures for seeds (795034975, 795034976) took  71.85 seconds.
Writing outputs for seq9_cluster1 for seed(s) (795034975, 795034976)...
Done processing fold input seq9_cluster1.
Done processing 1 fold inputs.
