==> [task 128] pdb_id=seq15_cluster7
==> template CIF: /mnt/gs21/scratch/renaldse/AlphaFold3/inputs/structures/NODES_Proteins/seq15_cluster_repr_7.cif
==> writing JSON: /mnt/gs21/scratch/renaldse/AlphaFold3/inputs/seq15_cluster7_templated_apo_Jun11_2026_11.55.45AM_128.json
==> running AF3 in /mnt/gs21/scratch/renaldse/AlphaFold3/outputs/seq15_cluster7_templated_apo_Jun11_2026_11.55.45AM_128
Running AlphaFold 3. Please note that standard AlphaFold 3 model parameters are
only available under terms of use provided at
https://github.com/google-deepmind/alphafold3/blob/main/WEIGHTS_TERMS_OF_USE.md.
If you do not agree to these terms and are using AlphaFold 3 derived model
parameters, cancel execution of AlphaFold 3 inference with CTRL-C, and do not
use the model parameters.
Found local devices: [CudaDevice(id=0)]
Building model from scratch...
Processing fold inputs.
Processing fold input #1
Processing fold input seq15_cluster7
Checking we can load the model parameters...
Running data pipeline...
Processing chain A
Processing chain A took 0.00 seconds
Output directory: /root/af_output/seq15_cluster7_templated_apo_Jun11_2026_11.55.45AM_128/seq15_cluster7
Writing model input JSON to /root/af_output/seq15_cluster7_templated_apo_Jun11_2026_11.55.45AM_128/seq15_cluster7
Predicting 3D structure for seq15_cluster7 for seed(s) (1497964378, 1497964379)...
Featurising data for seeds (1497964378, 1497964379)...
Featurising seq15_cluster7 with rng_seed 1497964378.
Featurising seq15_cluster7 with rng_seed 1497964378 took 1.23 seconds.
Featurising seq15_cluster7 with rng_seed 1497964379.
Featurising seq15_cluster7 with rng_seed 1497964379 took 1.21 seconds.
Featurising data for seeds (1497964378, 1497964379) took  18.82 seconds.
Running model inference for seed 1497964378...
Running model inference for seed 1497964378 took  40.83 seconds.
Extracting output structures (one per sample) for seed 1497964378...
Extracting output structures (one per sample) for seed 1497964378 took  0.10 seconds.
Running model inference and extracting output structures for seed 1497964378 took  40.92 seconds.
Running model inference for seed 1497964379...
Running model inference for seed 1497964379 took  7.82 seconds.
Extracting output structures (one per sample) for seed 1497964379...
Extracting output structures (one per sample) for seed 1497964379 took  0.10 seconds.
Running model inference and extracting output structures for seed 1497964379 took  7.91 seconds.
Running model inference and extracting output structures for seeds (1497964378, 1497964379) took  48.84 seconds.
Writing outputs for seq15_cluster7 for seed(s) (1497964378, 1497964379)...
Done processing fold input seq15_cluster7.
Done processing 1 fold inputs.
