==> [task 4] pdb_id=seq13_cluster3
==> template CIF: /mnt/gs21/scratch/renaldse/AlphaFold3/inputs/structures/NODES_Proteins/seq13_cluster_repr_3.cif
==> writing JSON: /mnt/gs21/scratch/renaldse/AlphaFold3/inputs/seq13_cluster3_templated_apo_Jun4_2026_3.01.37PM_4.json
==> running AF3 in /mnt/gs21/scratch/renaldse/AlphaFold3/outputs/seq13_cluster3_templated_apo_Jun4_2026_3.01.37PM_4
Running AlphaFold 3. Please note that standard AlphaFold 3 model parameters are
only available under terms of use provided at
https://github.com/google-deepmind/alphafold3/blob/main/WEIGHTS_TERMS_OF_USE.md.
If you do not agree to these terms and are using AlphaFold 3 derived model
parameters, cancel execution of AlphaFold 3 inference with CTRL-C, and do not
use the model parameters.
Found local devices: [CudaDevice(id=0)]
Building model from scratch...
Processing fold inputs.
Processing fold input #1
Processing fold input seq13_cluster3
Checking we can load the model parameters...
Running data pipeline...
Processing chain A
Processing chain A took 0.00 seconds
Output directory: /root/af_output/seq13_cluster3_templated_apo_Jun4_2026_3.01.37PM_4/seq13_cluster3
Writing model input JSON to /root/af_output/seq13_cluster3_templated_apo_Jun4_2026_3.01.37PM_4/seq13_cluster3
Predicting 3D structure for seq13_cluster3 for seed(s) (1396353804, 1396353805)...
Featurising data for seeds (1396353804, 1396353805)...
Featurising seq13_cluster3 with rng_seed 1396353804.
Featurising seq13_cluster3 with rng_seed 1396353804 took 4.35 seconds.
Featurising seq13_cluster3 with rng_seed 1396353805.
Featurising seq13_cluster3 with rng_seed 1396353805 took 4.30 seconds.
Featurising data for seeds (1396353804, 1396353805) took  15.15 seconds.
Running model inference for seed 1396353804...
Running model inference for seed 1396353804 took  51.92 seconds.
Extracting output structures (one per sample) for seed 1396353804...
Extracting output structures (one per sample) for seed 1396353804 took  0.38 seconds.
Running model inference and extracting output structures for seed 1396353804 took  52.30 seconds.
Running model inference for seed 1396353805...
Running model inference for seed 1396353805 took  19.38 seconds.
Extracting output structures (one per sample) for seed 1396353805...
Extracting output structures (one per sample) for seed 1396353805 took  0.38 seconds.
Running model inference and extracting output structures for seed 1396353805 took  19.76 seconds.
Running model inference and extracting output structures for seeds (1396353804, 1396353805) took  72.06 seconds.
Writing outputs for seq13_cluster3 for seed(s) (1396353804, 1396353805)...
Done processing fold input seq13_cluster3.
Done processing 1 fold inputs.
