==> [task 37] pdb_id=seq5_cluster6
==> template CIF: /mnt/gs21/scratch/renaldse/AlphaFold3/inputs/structures/NODES_Proteins/seq5_cluster_repr_6.cif
==> writing JSON: /mnt/gs21/scratch/renaldse/AlphaFold3/inputs/seq5_cluster6_templated_apo_Jun11_2026_11.00.53AM_37.json
==> running AF3 in /mnt/gs21/scratch/renaldse/AlphaFold3/outputs/seq5_cluster6_templated_apo_Jun11_2026_11.00.53AM_37
Running AlphaFold 3. Please note that standard AlphaFold 3 model parameters are
only available under terms of use provided at
https://github.com/google-deepmind/alphafold3/blob/main/WEIGHTS_TERMS_OF_USE.md.
If you do not agree to these terms and are using AlphaFold 3 derived model
parameters, cancel execution of AlphaFold 3 inference with CTRL-C, and do not
use the model parameters.
Found local devices: [CudaDevice(id=0)]
Building model from scratch...
Processing fold inputs.
Processing fold input #1
Processing fold input seq5_cluster6
Checking we can load the model parameters...
Running data pipeline...
Processing chain A
Processing chain A took 0.00 seconds
Output directory: /root/af_output/seq5_cluster6_templated_apo_Jun11_2026_11.00.53AM_37/seq5_cluster6
Writing model input JSON to /root/af_output/seq5_cluster6_templated_apo_Jun11_2026_11.00.53AM_37/seq5_cluster6
Predicting 3D structure for seq5_cluster6 for seed(s) (725299314, 725299315)...
Featurising data for seeds (725299314, 725299315)...
Featurising seq5_cluster6 with rng_seed 725299314.
Featurising seq5_cluster6 with rng_seed 725299314 took 1.88 seconds.
Featurising seq5_cluster6 with rng_seed 725299315.
Featurising seq5_cluster6 with rng_seed 725299315 took 1.86 seconds.
Featurising data for seeds (725299314, 725299315) took  20.37 seconds.
Running model inference for seed 725299314...
Running model inference for seed 725299314 took  39.72 seconds.
Extracting output structures (one per sample) for seed 725299314...
Extracting output structures (one per sample) for seed 725299314 took  0.17 seconds.
Running model inference and extracting output structures for seed 725299314 took  39.89 seconds.
Running model inference for seed 725299315...
Running model inference for seed 725299315 took  7.80 seconds.
Extracting output structures (one per sample) for seed 725299315...
Extracting output structures (one per sample) for seed 725299315 took  0.16 seconds.
Running model inference and extracting output structures for seed 725299315 took  7.95 seconds.
Running model inference and extracting output structures for seeds (725299314, 725299315) took  47.84 seconds.
Writing outputs for seq5_cluster6 for seed(s) (725299314, 725299315)...
Done processing fold input seq5_cluster6.
Done processing 1 fold inputs.
