==> [task 150] pdb_id=seq17_cluster9
==> template CIF: /mnt/gs21/scratch/renaldse/AlphaFold3/inputs/structures/NODES_Proteins/seq17_cluster_repr_9.cif
==> writing JSON: /mnt/gs21/scratch/renaldse/AlphaFold3/inputs/seq17_cluster9_templated_apo_Jun11_2026_12.12.36PM_150.json
==> running AF3 in /mnt/gs21/scratch/renaldse/AlphaFold3/outputs/seq17_cluster9_templated_apo_Jun11_2026_12.12.36PM_150
Running AlphaFold 3. Please note that standard AlphaFold 3 model parameters are
only available under terms of use provided at
https://github.com/google-deepmind/alphafold3/blob/main/WEIGHTS_TERMS_OF_USE.md.
If you do not agree to these terms and are using AlphaFold 3 derived model
parameters, cancel execution of AlphaFold 3 inference with CTRL-C, and do not
use the model parameters.
Found local devices: [CudaDevice(id=0)]
Building model from scratch...
Processing fold inputs.
Processing fold input #1
Processing fold input seq17_cluster9
Checking we can load the model parameters...
Running data pipeline...
Processing chain A
Processing chain A took 0.00 seconds
Output directory: /root/af_output/seq17_cluster9_templated_apo_Jun11_2026_12.12.36PM_150/seq17_cluster9
Writing model input JSON to /root/af_output/seq17_cluster9_templated_apo_Jun11_2026_12.12.36PM_150/seq17_cluster9
Predicting 3D structure for seq17_cluster9 for seed(s) (973398638, 973398639)...
Featurising data for seeds (973398638, 973398639)...
Featurising seq17_cluster9 with rng_seed 973398638.
Featurising seq17_cluster9 with rng_seed 973398638 took 4.07 seconds.
Featurising seq17_cluster9 with rng_seed 973398639.
Featurising seq17_cluster9 with rng_seed 973398639 took 4.07 seconds.
Featurising data for seeds (973398638, 973398639) took  14.65 seconds.
Running model inference for seed 973398638...
Running model inference for seed 973398638 took  51.83 seconds.
Extracting output structures (one per sample) for seed 973398638...
Extracting output structures (one per sample) for seed 973398638 took  0.36 seconds.
Running model inference and extracting output structures for seed 973398638 took  52.19 seconds.
Running model inference for seed 973398639...
Running model inference for seed 973398639 took  19.41 seconds.
Extracting output structures (one per sample) for seed 973398639...
Extracting output structures (one per sample) for seed 973398639 took  0.35 seconds.
Running model inference and extracting output structures for seed 973398639 took  19.76 seconds.
Running model inference and extracting output structures for seeds (973398638, 973398639) took  71.95 seconds.
Writing outputs for seq17_cluster9 for seed(s) (973398638, 973398639)...
Done processing fold input seq17_cluster9.
Done processing 1 fold inputs.
