
============================================================
  Processing SEQ1
============================================================
  Loading cluster templates...
    Cluster 0: loaded
    Cluster 1: loaded
    Cluster 2: loaded
    Cluster 3: loaded
    Cluster 4: loaded
    Cluster 5: loaded
    Cluster 6: loaded
    Cluster 7: loaded
    Cluster 8: loaded
    Cluster 9: loaded
  Collecting sample CIFs...
  Computing RMSD matrix (10x20)...
    Col 1/20 (home=C0)...
    Col 2/20 (home=C0)...
    Col 3/20 (home=C1)...
    Col 4/20 (home=C1)...
    Col 5/20 (home=C2)...
    Col 6/20 (home=C2)...
    Col 7/20 (home=C3)...
    Col 8/20 (home=C3)...
    Col 9/20 (home=C4)...
    Col 10/20 (home=C4)...
    Col 11/20 (home=C5)...
    Col 12/20 (home=C5)...
    Col 13/20 (home=C6)...
    Col 14/20 (home=C6)...
    Col 15/20 (home=C7)...
    Col 16/20 (home=C7)...
    Col 17/20 (home=C8)...
    Col 18/20 (home=C8)...
    Col 19/20 (home=C9)...
    Col 20/20 (home=C9)...
  Saved → /mnt/gs21/scratch/renaldse/AlphaFold3/RMSD/june15_heatmaps/seq1_allatom_normalised_heatmap.png

============================================================
  Processing SEQ2
============================================================
  Loading cluster templates...
    Cluster 0: loaded
    Cluster 1: loaded
    Cluster 2: loaded
    Cluster 3: loaded
    Cluster 4: loaded
    Cluster 5: loaded
    Cluster 6: loaded
    Cluster 7: loaded
    Cluster 8: loaded
    Cluster 9: loaded
  Collecting sample CIFs...
  Computing RMSD matrix (10x20)...
    Col 1/20 (home=C0)...
    Col 2/20 (home=C0)...
    Col 3/20 (home=C1)...
    Col 4/20 (home=C1)...
    Col 5/20 (home=C2)...
    Col 6/20 (home=C2)...
    Col 7/20 (home=C3)...
    Col 8/20 (home=C3)...
    Col 9/20 (home=C4)...
    Col 10/20 (home=C4)...
    Col 11/20 (home=C5)...
    Col 12/20 (home=C5)...
    Col 13/20 (home=C6)...
    Col 14/20 (home=C6)...
    Col 15/20 (home=C7)...
    Col 16/20 (home=C7)...
    Col 17/20 (home=C8)...
    Col 18/20 (home=C8)...
    Col 19/20 (home=C9)...
    Col 20/20 (home=C9)...
  Saved → /mnt/gs21/scratch/renaldse/AlphaFold3/RMSD/june15_heatmaps/seq2_allatom_normalised_heatmap.png

============================================================
  Processing SEQ3
============================================================
  Loading cluster templates...
    Cluster 0: loaded
    Cluster 1: loaded
    Cluster 2: loaded
    Cluster 3: loaded
    Cluster 4: loaded
    Cluster 5: loaded
    Cluster 6: loaded
    Cluster 7: loaded
    Cluster 8: loaded
    Cluster 9: loaded
  Collecting sample CIFs...
  Computing RMSD matrix (10x20)...
    Col 1/20 (home=C0)...
    Col 2/20 (home=C0)...
    Col 3/20 (home=C1)...
    Col 4/20 (home=C1)...
    Col 5/20 (home=C2)...
    Col 6/20 (home=C2)...
    Col 7/20 (home=C3)...
    Col 8/20 (home=C3)...
    Col 9/20 (home=C4)...
    Col 10/20 (home=C4)...
    Col 11/20 (home=C5)...
    Col 12/20 (home=C5)...
    Col 13/20 (home=C6)...
    Col 14/20 (home=C6)...
    Col 15/20 (home=C7)...
    Col 16/20 (home=C7)...
    Col 17/20 (home=C8)...
    Col 18/20 (home=C8)...
    Col 19/20 (home=C9)...
    Col 20/20 (home=C9)...
  Saved → /mnt/gs21/scratch/renaldse/AlphaFold3/RMSD/june15_heatmaps/seq3_allatom_normalised_heatmap.png

============================================================
  Processing SEQ5
============================================================
  Loading cluster templates...
    Cluster 0: loaded
    Cluster 1: loaded
    Cluster 2: loaded
    Cluster 3: loaded
    Cluster 4: loaded
    Cluster 5: loaded
    Cluster 6: loaded
    Cluster 7: loaded
    Cluster 8: loaded
    Cluster 9: loaded
  Collecting sample CIFs...
  Computing RMSD matrix (10x20)...
    Col 1/20 (home=C0)...
    Col 2/20 (home=C0)...
    Col 3/20 (home=C1)...
    Col 4/20 (home=C1)...
    Col 5/20 (home=C2)...
    Col 6/20 (home=C2)...
    Col 7/20 (home=C3)...
    Col 8/20 (home=C3)...
    Col 9/20 (home=C4)...
    Col 10/20 (home=C4)...
    Col 11/20 (home=C5)...
    Col 12/20 (home=C5)...
    Col 13/20 (home=C6)...
    Col 14/20 (home=C6)...
    Col 15/20 (home=C7)...
    Col 16/20 (home=C7)...
    Col 17/20 (home=C8)...
    Col 18/20 (home=C8)...
    Col 19/20 (home=C9)...
    Col 20/20 (home=C9)...
  Saved → /mnt/gs21/scratch/renaldse/AlphaFold3/RMSD/june15_heatmaps/seq5_allatom_normalised_heatmap.png

============================================================
  Processing SEQ6
============================================================
  Loading cluster templates...
    Cluster 0: loaded
    Cluster 1: loaded
    Cluster 2: loaded
    Cluster 3: loaded
    Cluster 4: loaded
    Cluster 5: loaded
    Cluster 6: loaded
    Cluster 7: loaded
    Cluster 8: loaded
    Cluster 9: loaded
  Collecting sample CIFs...
  Computing RMSD matrix (10x20)...
    Col 1/20 (home=C0)...
    Col 2/20 (home=C0)...
    Col 3/20 (home=C1)...
    Col 4/20 (home=C1)...
    Col 5/20 (home=C2)...
    Col 6/20 (home=C2)...
    Col 7/20 (home=C3)...
    Col 8/20 (home=C3)...
    Col 9/20 (home=C4)...
    Col 10/20 (home=C4)...
    Col 11/20 (home=C5)...
    Col 12/20 (home=C5)...
    Col 13/20 (home=C6)...
    Col 14/20 (home=C6)...
    Col 15/20 (home=C7)...
    Col 16/20 (home=C7)...
    Col 17/20 (home=C8)...
    Col 18/20 (home=C8)...
    Col 19/20 (home=C9)...
    Col 20/20 (home=C9)...
  Saved → /mnt/gs21/scratch/renaldse/AlphaFold3/RMSD/june15_heatmaps/seq6_allatom_normalised_heatmap.png

============================================================
  Processing SEQ7
============================================================
  Loading cluster templates...
    Cluster 0: loaded
    Cluster 1: loaded
    Cluster 2: loaded
    Cluster 3: loaded
    Cluster 4: loaded
    Cluster 5: loaded
    Cluster 6: loaded
    Cluster 7: loaded
    Cluster 8: loaded
    Cluster 9: loaded
  Collecting sample CIFs...
  Computing RMSD matrix (10x20)...
    Col 1/20 (home=C0)...
    Col 2/20 (home=C0)...
    Col 3/20 (home=C1)...
    Col 4/20 (home=C1)...
    Col 5/20 (home=C2)...
    Col 6/20 (home=C2)...
    Col 7/20 (home=C3)...
    Col 8/20 (home=C3)...
    Col 9/20 (home=C4)...
    Col 10/20 (home=C4)...
    Col 11/20 (home=C5)...
    Col 12/20 (home=C5)...
    Col 13/20 (home=C6)...
    Col 14/20 (home=C6)...
    Col 15/20 (home=C7)...
    Col 16/20 (home=C7)...
    Col 17/20 (home=C8)...
    Col 18/20 (home=C8)...
    Col 19/20 (home=C9)...
    Col 20/20 (home=C9)...
  Saved → /mnt/gs21/scratch/renaldse/AlphaFold3/RMSD/june15_heatmaps/seq7_allatom_normalised_heatmap.png

============================================================
  Processing SEQ9
============================================================
  Loading cluster templates...
    Cluster 0: loaded
    Cluster 1: loaded
    Cluster 2: loaded
    Cluster 3: loaded
    Cluster 4: loaded
    Cluster 5: loaded
    Cluster 6: loaded
    Cluster 7: loaded
    Cluster 8: loaded
    Cluster 9: loaded
  Collecting sample CIFs...
  Computing RMSD matrix (10x20)...
    Col 1/20 (home=C0)...
    Col 2/20 (home=C0)...
    Col 3/20 (home=C1)...
    Col 4/20 (home=C1)...
    Col 5/20 (home=C2)...
    Col 6/20 (home=C2)...
    Col 7/20 (home=C3)...
    Col 8/20 (home=C3)...
    Col 9/20 (home=C4)...
    Col 10/20 (home=C4)...
    Col 11/20 (home=C5)...
    Col 12/20 (home=C5)...
    Col 13/20 (home=C6)...
    Col 14/20 (home=C6)...
    Col 15/20 (home=C7)...
    Col 16/20 (home=C7)...
    Col 17/20 (home=C8)...
    Col 18/20 (home=C8)...
    Col 19/20 (home=C9)...
    Col 20/20 (home=C9)...
  Saved → /mnt/gs21/scratch/renaldse/AlphaFold3/RMSD/june15_heatmaps/seq9_allatom_normalised_heatmap.png

============================================================
  Processing SEQ10
============================================================
  Loading cluster templates...
    Cluster 0: loaded
    Cluster 1: loaded
    Cluster 2: loaded
    Cluster 3: loaded
    Cluster 4: loaded
    Cluster 5: loaded
    Cluster 6: loaded
    Cluster 7: loaded
    Cluster 8: loaded
    Cluster 9: loaded
  Collecting sample CIFs...
  Computing RMSD matrix (10x20)...
    Col 1/20 (home=C0)...
    Col 2/20 (home=C0)...
    Col 3/20 (home=C1)...
    Col 4/20 (home=C1)...
    Col 5/20 (home=C2)...
    Col 6/20 (home=C2)...
    Col 7/20 (home=C3)...
    Col 8/20 (home=C3)...
    Col 9/20 (home=C4)...
    Col 10/20 (home=C4)...
    Col 11/20 (home=C5)...
    Col 12/20 (home=C5)...
    Col 13/20 (home=C6)...
    Col 14/20 (home=C6)...
    Col 15/20 (home=C7)...
    Col 16/20 (home=C7)...
    Col 17/20 (home=C8)...
    Col 18/20 (home=C8)...
    Col 19/20 (home=C9)...
    Col 20/20 (home=C9)...
  Saved → /mnt/gs21/scratch/renaldse/AlphaFold3/RMSD/june15_heatmaps/seq10_allatom_normalised_heatmap.png

============================================================
  Processing SEQ11
============================================================
  Loading cluster templates...
    Cluster 0: loaded
    Cluster 1: loaded
    Cluster 2: loaded
    Cluster 3: loaded
    Cluster 4: loaded
    Cluster 5: loaded
    Cluster 6: loaded
    Cluster 7: loaded
    Cluster 8: loaded
    Cluster 9: loaded
  Collecting sample CIFs...
  Computing RMSD matrix (10x20)...
    Col 1/20 (home=C0)...
    Col 2/20 (home=C0)...
    Col 3/20 (home=C1)...
    Col 4/20 (home=C1)...
    Col 5/20 (home=C2)...
    Col 6/20 (home=C2)...
    Col 7/20 (home=C3)...
    Col 8/20 (home=C3)...
    Col 9/20 (home=C4)...
    Col 10/20 (home=C4)...
    Col 11/20 (home=C5)...
    Col 12/20 (home=C5)...
    Col 13/20 (home=C6)...
    Col 14/20 (home=C6)...
    Col 15/20 (home=C7)...
    Col 16/20 (home=C7)...
    Col 17/20 (home=C8)...
    Col 18/20 (home=C8)...
    Col 19/20 (home=C9)...
    Col 20/20 (home=C9)...
  Saved → /mnt/gs21/scratch/renaldse/AlphaFold3/RMSD/june15_heatmaps/seq11_allatom_normalised_heatmap.png

============================================================
  Processing SEQ12
============================================================
  Loading cluster templates...
    Cluster 0: loaded
    Cluster 1: loaded
    Cluster 2: loaded
    Cluster 3: loaded
    Cluster 4: loaded
    Cluster 5: loaded
    Cluster 6: loaded
    Cluster 7: loaded
    Cluster 8: loaded
    Cluster 9: loaded
  Collecting sample CIFs...
  Computing RMSD matrix (10x20)...
    Col 1/20 (home=C0)...
    Col 2/20 (home=C0)...
    Col 3/20 (home=C1)...
    Col 4/20 (home=C1)...
    Col 5/20 (home=C2)...
    Col 6/20 (home=C2)...
    Col 7/20 (home=C3)...
    Col 8/20 (home=C3)...
    Col 9/20 (home=C4)...
    Col 10/20 (home=C4)...
    Col 11/20 (home=C5)...
    Col 12/20 (home=C5)...
    Col 13/20 (home=C6)...
    Col 14/20 (home=C6)...
    Col 15/20 (home=C7)...
    Col 16/20 (home=C7)...
    Col 17/20 (home=C8)...
    Col 18/20 (home=C8)...
    Col 19/20 (home=C9)...
    Col 20/20 (home=C9)...
  Saved → /mnt/gs21/scratch/renaldse/AlphaFold3/RMSD/june15_heatmaps/seq12_allatom_normalised_heatmap.png

============================================================
  Processing SEQ13
============================================================
  Loading cluster templates...
    Cluster 0: loaded
    Cluster 1: loaded
    Cluster 2: loaded
    Cluster 3: loaded
    Cluster 4: loaded
    Cluster 5: loaded
    Cluster 6: loaded
    Cluster 7: loaded
    Cluster 8: loaded
    Cluster 9: loaded
  Collecting sample CIFs...
  Computing RMSD matrix (10x20)...
    Col 1/20 (home=C0)...
    Col 2/20 (home=C0)...
    Col 3/20 (home=C1)...
    Col 4/20 (home=C1)...
    Col 5/20 (home=C2)...
    Col 6/20 (home=C2)...
    Col 7/20 (home=C3)...
    Col 8/20 (home=C3)...
    Col 9/20 (home=C4)...
    Col 10/20 (home=C4)...
    Col 11/20 (home=C5)...
    Col 12/20 (home=C5)...
    Col 13/20 (home=C6)...
    Col 14/20 (home=C6)...
    Col 15/20 (home=C7)...
    Col 16/20 (home=C7)...
    Col 17/20 (home=C8)...
    Col 18/20 (home=C8)...
    Col 19/20 (home=C9)...
    Col 20/20 (home=C9)...
  Saved → /mnt/gs21/scratch/renaldse/AlphaFold3/RMSD/june15_heatmaps/seq13_allatom_normalised_heatmap.png

============================================================
  Processing SEQ14
============================================================
  Loading cluster templates...
    Cluster 0: loaded
    Cluster 1: loaded
    Cluster 2: loaded
    Cluster 3: loaded
    Cluster 4: loaded
    Cluster 5: loaded
    Cluster 6: loaded
    Cluster 7: loaded
    Cluster 8: loaded
    Cluster 9: loaded
  Collecting sample CIFs...
  Computing RMSD matrix (10x20)...
    Col 1/20 (home=C0)...
    Col 2/20 (home=C0)...
    Col 3/20 (home=C1)...
    Col 4/20 (home=C1)...
    Col 5/20 (home=C2)...
    Col 6/20 (home=C2)...
    Col 7/20 (home=C3)...
    Col 8/20 (home=C3)...
    Col 9/20 (home=C4)...
    Col 10/20 (home=C4)...
    Col 11/20 (home=C5)...
    Col 12/20 (home=C5)...
    Col 13/20 (home=C6)...
    Col 14/20 (home=C6)...
    Col 15/20 (home=C7)...
    Col 16/20 (home=C7)...
    Col 17/20 (home=C8)...
    Col 18/20 (home=C8)...
    Col 19/20 (home=C9)...
    Col 20/20 (home=C9)...
  Saved → /mnt/gs21/scratch/renaldse/AlphaFold3/RMSD/june15_heatmaps/seq14_allatom_normalised_heatmap.png

============================================================
  Processing SEQ15
============================================================
  Loading cluster templates...
    Cluster 0: loaded
    Cluster 1: loaded
    Cluster 2: loaded
    Cluster 3: loaded
    Cluster 4: loaded
    Cluster 5: loaded
    Cluster 6: loaded
    Cluster 7: loaded
    Cluster 8: loaded
    Cluster 9: loaded
  Collecting sample CIFs...
  Computing RMSD matrix (10x20)...
    Col 1/20 (home=C0)...
    Col 2/20 (home=C0)...
    Col 3/20 (home=C1)...
    Col 4/20 (home=C1)...
    Col 5/20 (home=C2)...
    Col 6/20 (home=C2)...
    Col 7/20 (home=C3)...
    Col 8/20 (home=C3)...
    Col 9/20 (home=C4)...
    Col 10/20 (home=C4)...
    Col 11/20 (home=C5)...
    Col 12/20 (home=C5)...
    Col 13/20 (home=C6)...
    Col 14/20 (home=C6)...
    Col 15/20 (home=C7)...
    Col 16/20 (home=C7)...
    Col 17/20 (home=C8)...
    Col 18/20 (home=C8)...
    Col 19/20 (home=C9)...
    Col 20/20 (home=C9)...
  Saved → /mnt/gs21/scratch/renaldse/AlphaFold3/RMSD/june15_heatmaps/seq15_allatom_normalised_heatmap.png

============================================================
  Processing SEQ16
============================================================
  Loading cluster templates...
    Cluster 0: loaded
    Cluster 1: loaded
    Cluster 2: loaded
    Cluster 3: loaded
    Cluster 4: loaded
    Cluster 5: loaded
    Cluster 6: loaded
    Cluster 7: loaded
    Cluster 8: loaded
    Cluster 9: loaded
  Collecting sample CIFs...
  Computing RMSD matrix (10x20)...
    Col 1/20 (home=C0)...
    Col 2/20 (home=C0)...
    Col 3/20 (home=C1)...
    Col 4/20 (home=C1)...
    Col 5/20 (home=C2)...
    Col 6/20 (home=C2)...
    Col 7/20 (home=C3)...
    Col 8/20 (home=C3)...
    Col 9/20 (home=C4)...
    Col 10/20 (home=C4)...
    Col 11/20 (home=C5)...
    Col 12/20 (home=C5)...
    Col 13/20 (home=C6)...
    Col 14/20 (home=C6)...
    Col 15/20 (home=C7)...
    Col 16/20 (home=C7)...
    Col 17/20 (home=C8)...
    Col 18/20 (home=C8)...
    Col 19/20 (home=C9)...
    Col 20/20 (home=C9)...
  Saved → /mnt/gs21/scratch/renaldse/AlphaFold3/RMSD/june15_heatmaps/seq16_allatom_normalised_heatmap.png

============================================================
  Processing SEQ17
============================================================
  Loading cluster templates...
    Cluster 0: loaded
    Cluster 1: loaded
    Cluster 2: loaded
    Cluster 3: loaded
    Cluster 4: loaded
    Cluster 5: loaded
    Cluster 6: loaded
    Cluster 7: loaded
    Cluster 8: loaded
    Cluster 9: loaded
  Collecting sample CIFs...
  Computing RMSD matrix (10x20)...
    Col 1/20 (home=C0)...
    Col 2/20 (home=C0)...
    Col 3/20 (home=C1)...
    Col 4/20 (home=C1)...
    Col 5/20 (home=C2)...
    Col 6/20 (home=C2)...
    Col 7/20 (home=C3)...
    Col 8/20 (home=C3)...
    Col 9/20 (home=C4)...
    Col 10/20 (home=C4)...
    Col 11/20 (home=C5)...
    Col 12/20 (home=C5)...
    Col 13/20 (home=C6)...
    Col 14/20 (home=C6)...
    Col 15/20 (home=C7)...
    Col 16/20 (home=C7)...
    Col 17/20 (home=C8)...
    Col 18/20 (home=C8)...
    Col 19/20 (home=C9)...
    Col 20/20 (home=C9)...
  Saved → /mnt/gs21/scratch/renaldse/AlphaFold3/RMSD/june15_heatmaps/seq17_allatom_normalised_heatmap.png

All done!
